Component: ARM Compiler 5.06 update 5 (build 528) Tool: armlink [4d35e2]

==============================================================================

Section Cross References

    bsp.o(i.GPIOPortF_IRQHandler) refers to qxk_sema.o(i.QXSemaphore_signal) for QXSemaphore_signal
    bsp.o(i.GPIOPortF_IRQHandler) refers to bsp.o(i._Z14QF_set_BASEPRIj) for QF_set_BASEPRI(unsigned)
    bsp.o(i.GPIOPortF_IRQHandler) refers to qxk.o(i.QXK_sched_) for QXK_sched_
    bsp.o(i.GPIOPortF_IRQHandler) refers to main.o(.data) for SW1_sema
    bsp.o(i.QF_onStartup) refers to system_tm4c123gh6pm.o(i.SystemCoreClockUpdate) for SystemCoreClockUpdate
    bsp.o(i.QF_onStartup) refers to bsp.o(i._Z18__NVIC_SetPriority9IRQn_Typej) for __NVIC_SetPriority(IRQn_Type, unsigned)
    bsp.o(i.QF_onStartup) refers to system_tm4c123gh6pm.o(.data) for SystemCoreClock
    bsp.o(i.SysTick_Handler) refers to qf_time.o(i.QF_tickX_) for QF_tickX_
    bsp.o(i.SysTick_Handler) refers to bsp.o(i._Z14QF_set_BASEPRIj) for QF_set_BASEPRI(unsigned)
    bsp.o(i.SysTick_Handler) refers to qxk.o(i.QXK_sched_) for QXK_sched_
    bsp.o(i._Z17BSP_ledBlueTogglev) refers to bsp.o(i._Z14QF_set_BASEPRIj) for QF_set_BASEPRI(unsigned)
    bsp.o(i._Z17BSP_sendMorseCodej) refers to qxk_mutex.o(i.QXMutex_lock) for QXMutex_lock
    bsp.o(i._Z17BSP_sendMorseCodej) refers to bsp.o(i._Z14BSP_ledGreenOnv) for BSP_ledGreenOn()
    bsp.o(i._Z17BSP_sendMorseCodej) refers to bsp.o(i._Z15BSP_ledGreenOffv) for BSP_ledGreenOff()
    bsp.o(i._Z17BSP_sendMorseCodej) refers to qxk_mutex.o(i.QXMutex_unlock) for QXMutex_unlock
    bsp.o(i._Z17BSP_sendMorseCodej) refers to bsp.o(.data) for Morse_mutex
    bsp.o(i._Z18BSP_ledGreenTogglev) refers to bsp.o(i._Z14QF_set_BASEPRIj) for QF_set_BASEPRI(unsigned)
    bsp.o(i._Z8BSP_initv) refers to qxk_mutex.o(i.QXMutex_init) for QXMutex_init
    bsp.o(i._Z8BSP_initv) refers to bsp.o(.data) for Morse_mutex
    bsp.o(.ARM.exidx) refers to bsp.o(i._Z18__NVIC_SetPriority9IRQn_Typej) for i._Z18__NVIC_SetPriority9IRQn_Typej
    bsp.o(.ARM.exidx) refers to bsp.o(i.SysTick_Handler) for i.SysTick_Handler
    bsp.o(.ARM.exidx) refers to bsp.o(i.GPIOPortF_IRQHandler) for i.GPIOPortF_IRQHandler
    bsp.o(.ARM.exidx) refers to bsp.o(i._Z8BSP_initv) for i._Z8BSP_initv
    bsp.o(.ARM.exidx) refers to bsp.o(i._Z12BSP_ledRedOnv) for i._Z12BSP_ledRedOnv
    bsp.o(.ARM.exidx) refers to bsp.o(i._Z13BSP_ledRedOffv) for i._Z13BSP_ledRedOffv
    bsp.o(.ARM.exidx) refers to bsp.o(i._Z13BSP_ledBlueOnv) for i._Z13BSP_ledBlueOnv
    bsp.o(.ARM.exidx) refers to bsp.o(i._Z14BSP_ledBlueOffv) for i._Z14BSP_ledBlueOffv
    bsp.o(.ARM.exidx) refers to bsp.o(i._Z17BSP_ledBlueTogglev) for i._Z17BSP_ledBlueTogglev
    bsp.o(.ARM.exidx) refers to bsp.o(i._Z14BSP_ledGreenOnv) for i._Z14BSP_ledGreenOnv
    bsp.o(.ARM.exidx) refers to bsp.o(i._Z15BSP_ledGreenOffv) for i._Z15BSP_ledGreenOffv
    bsp.o(.ARM.exidx) refers to bsp.o(i._Z18BSP_ledGreenTogglev) for i._Z18BSP_ledGreenTogglev
    bsp.o(.ARM.exidx) refers to bsp.o(i._Z17BSP_sendMorseCodej) for i._Z17BSP_sendMorseCodej
    bsp.o(.ARM.exidx) refers to bsp.o(i.QF_onStartup) for i.QF_onStartup
    bsp.o(.ARM.exidx) refers to bsp.o(i.QF_onCleanup) for i.QF_onCleanup
    bsp.o(.ARM.exidx) refers to bsp.o(i.QXK_onIdle) for i.QXK_onIdle
    bsp.o(.ARM.exidx) refers to bsp.o(i.Q_onAssert) for i.Q_onAssert
    bsp.o(.ARM.exidx) refers to bsp.o(i._Z14QF_set_BASEPRIj) for i._Z14QF_set_BASEPRIj
    main.o(i._Z12main_blinky1P8QXThread) refers to bsp.o(i._Z17BSP_sendMorseCodej) for BSP_sendMorseCode(unsigned)
    main.o(i._Z12main_blinky1P8QXThread) refers to qxk_xthr.o(i.QXThread_delay) for QXThread_delay
    main.o(i._Z12main_blinky2P8QXThread) refers to qxk_sema.o(i.QXSemaphore_wait) for QXSemaphore_wait
    main.o(i._Z12main_blinky2P8QXThread) refers to bsp.o(i._Z17BSP_ledBlueTogglev) for BSP_ledBlueToggle()
    main.o(i._Z12main_blinky2P8QXThread) refers to main.o(.data) for SW1_sema
    main.o(i._Z12main_blinky3P8QXThread) refers to bsp.o(i._Z17BSP_sendMorseCodej) for BSP_sendMorseCode(unsigned)
    main.o(i._Z12main_blinky3P8QXThread) refers to qxk_xthr.o(i.QXThread_delay) for QXThread_delay
    main.o(i.__sti___8_main_cpp_s1) refers to shape.o(i._ZN5ShapeC1Ess) for Shape::Shape(short, short)
    main.o(i.__sti___8_main_cpp_s1) refers to rectangle.o(i._ZN9RectangleC1Esstt) for Rectangle::Rectangle(short, short, unsigned short, unsigned short)
    main.o(i.__sti___8_main_cpp_s1) refers to circle.o(i._ZN6CircleC1Esst) for Circle::Circle(short, short, unsigned short)
    main.o(i.__sti___8_main_cpp_s1) refers to main.o(.data) for s1
    main.o(i.__sti___8_main_cpp_s1) refers to main.o(.bss) for r1
    main.o(i.main) refers to shape.o(i._ZN5ShapeC1Ess) for Shape::Shape(short, short)
    main.o(i.main) refers to new.o(i._Znwj) for operator new(unsigned)
    main.o(i.main) refers to rectangle.o(i._ZNK9Rectangle4drawEv) for Rectangle::draw() const
[...]
    .ARM.Collect$$libinit$$0000000E          0x000002ea   Section        0  libinit2.o(.ARM.Collect$$libinit$$0000000E)
    .ARM.Collect$$libinit$$00000011          0x000002ea   Section        0  libinit2.o(.ARM.Collect$$libinit$$00000011)
    .ARM.Collect$$libinit$$00000013          0x000002ea   Section        0  libinit2.o(.ARM.Collect$$libinit$$00000013)
    .ARM.Collect$$libinit$$00000015          0x000002ea   Section        0  libinit2.o(.ARM.Collect$$libinit$$00000015)
    .ARM.Collect$$libinit$$00000017          0x000002ea   Section        0  libinit2.o(.ARM.Collect$$libinit$$00000017)
    .ARM.Collect$$libinit$$00000019          0x000002ea   Section        0  libinit2.o(.ARM.Collect$$libinit$$00000019)
    .ARM.Collect$$libinit$$0000001B          0x000002ea   Section        0  libinit2.o(.ARM.Collect$$libinit$$0000001B)
    .ARM.Collect$$libinit$$0000001D          0x000002ea   Section        0  libinit2.o(.ARM.Collect$$libinit$$0000001D)
    .ARM.Collect$$libinit$$0000001F          0x000002ea   Section        0  libinit2.o(.ARM.Collect$$libinit$$0000001F)
    .ARM.Collect$$libinit$$00000021          0x000002ea   Section        0  libinit2.o(.ARM.Collect$$libinit$$00000021)
    .ARM.Collect$$libinit$$00000023          0x000002ea   Section        0  libinit2.o(.ARM.Collect$$libinit$$00000023)
    .ARM.Collect$$libinit$$00000025          0x000002ea   Section        0  libinit2.o(.ARM.Collect$$libinit$$00000025)
    .ARM.Collect$$libinit$$0000002C          0x000002ea   Section        0  libinit2.o(.ARM.Collect$$libinit$$0000002C)
    .ARM.Collect$$libinit$$0000002E          0x000002ea   Section        0  libinit2.o(.ARM.Collect$$libinit$$0000002E)
    .ARM.Collect$$libinit$$00000030          0x000002ea   Section        0  libinit2.o(.ARM.Collect$$libinit$$00000030)
    .ARM.Collect$$libinit$$00000031          0x000002ea   Section        4  libinit2.o(.ARM.Collect$$libinit$$00000031)
    .ARM.Collect$$libinit$$00000032          0x000002ee   Section        0  libinit2.o(.ARM.Collect$$libinit$$00000032)
    .ARM.Collect$$libinit$$00000033          0x000002ee   Section        2  libinit2.o(.ARM.Collect$$libinit$$00000033)
    .ARM.Collect$$libshutdown$$00000000      0x000002f0   Section        2  libshutdown.o(.ARM.Collect$$libshutdown$$00000000)
    .ARM.Collect$$libshutdown$$00000002      0x000002f2   Section        0  libshutdown2.o(.ARM.Collect$$libshutdown$$00000002)
    .ARM.Collect$$libshutdown$$00000004      0x000002f2   Section        0  libshutdown2.o(.ARM.Collect$$libshutdown$$00000004)
    .ARM.Collect$$libshutdown$$00000007      0x000002f2   Section        0  libshutdown2.o(.ARM.Collect$$libshutdown$$00000007)
    .ARM.Collect$$libshutdown$$0000000A      0x000002f2   Section        0  libshutdown2.o(.ARM.Collect$$libshutdown$$0000000A)
    .ARM.Collect$$libshutdown$$0000000C      0x000002f2   Section        0  libshutdown2.o(.ARM.Collect$$libshutdown$$0000000C)
    .ARM.Collect$$libshutdown$$0000000F      0x000002f2   Section        0  libshutdown2.o(.ARM.Collect$$libshutdown$$0000000F)
    .ARM.Collect$$libshutdown$$00000010      0x000002f2   Section        2  libshutdown2.o(.ARM.Collect$$libshutdown$$00000010)
    .ARM.Collect$$rtentry$$00000000          0x000002f4   Section        0  __rtentry.o(.ARM.Collect$$rtentry$$00000000)
    .ARM.Collect$$rtentry$$00000002          0x000002f4   Section        0  __rtentry2.o(.ARM.Collect$$rtentry$$00000002)
    .ARM.Collect$$rtentry$$00000004          0x000002f4   Section        6  __rtentry4.o(.ARM.Collect$$rtentry$$00000004)
    .ARM.Collect$$rtentry$$00000009          0x000002fa   Section        0  __rtentry2.o(.ARM.Collect$$rtentry$$00000009)
    .ARM.Collect$$rtentry$$0000000A          0x000002fa   Section        4  __rtentry2.o(.ARM.Collect$$rtentry$$0000000A)
    .ARM.Collect$$rtentry$$0000000C          0x000002fe   Section        0  __rtentry2.o(.ARM.Collect$$rtentry$$0000000C)
    .ARM.Collect$$rtentry$$0000000D          0x000002fe   Section        8  __rtentry2.o(.ARM.Collect$$rtentry$$0000000D)
    .ARM.Collect$$rtexit$$00000000           0x00000306   Section        2  rtexit.o(.ARM.Collect$$rtexit$$00000000)
    .ARM.Collect$$rtexit$$00000002           0x00000308   Section        0  rtexit2.o(.ARM.Collect$$rtexit$$00000002)
    .ARM.Collect$$rtexit$$00000003           0x00000308   Section        4  rtexit2.o(.ARM.Collect$$rtexit$$00000003)
    .ARM.Collect$$rtexit$$00000004           0x0000030c   Section        6  rtexit2.o(.ARM.Collect$$rtexit$$00000004)
    .emb_text                                0x00000314   Section      196  qxk_port.o(.emb_text)
    .emb_text                                0x000003d8   Section        0  maybetermalloc1.o(.emb_text)
    .text                                    0x000003d8   Section      124  startup_tm4c123gh6pm.o(.text)
    .text                                    0x00000454   Section        0  heapauxi.o(.text)
    .text                                    0x0000045c   Section        0  init_aeabi.o(.text)
    .text                                    0x00000480   Section        8  rt_new_handler_addr_intlibspace.o(.text)
    .text                                    0x00000488   Section        0  h1_alloc.o(.text)
    .text                                    0x000004e6   Section        0  h1_free.o(.text)
    .text                                    0x00000534   Section        0  arm_newhandler_noexceptions.o(.text)
    .text                                    0x00000538   Section        8  libspace.o(.text)
    .text                                    0x00000540   Section        8  rt_heap_descriptor_intlibspace.o(.text)
    .text                                    0x00000548   Section        0  hguard.o(.text)
    .text                                    0x0000054c   Section        0  init_alloc.o(.text)
    .text                                    0x000005d6   Section        0  h1_init.o(.text)
    .text                                    0x000005e4   Section        0  arm_exceptions_terminate.o(.text)
    .text                                    0x00000600   Section        0  arm_exceptions_globs.o(.text)
    [local to arm_exceptions_c]::__default_terminate_handler() 0x00000601   Thumb Code     6  arm_exceptions_globs.o(.text)
    .text                                    0x00000650   Section       74  sys_stackheap_outer.o(.text)
    .text                                    0x0000069c   Section        8  rt_eh_globals_addr_intlibspace.o(.text)
    .text                                    0x000006a4   Section        0  h1_extend.o(.text)
    .text                                    0x000006d8   Section        0  exit.o(.text)
    .text                                    0x000006ea   Section        0  abort.o(.text)
    .text                                    0x00000700   Section        0  defsig_rtmem_outer.o(.text)
    .text                                    0x0000070e   Section        0  arm_exceptions_mem.o(.text)
    .text                                    0x0000074c   Section        0  sys_exit.o(.text)
    .text                                    0x00000758   Section        2  use_no_semi.o(.text)
    .text                                    0x0000075a   Section        0  indicate_semi.o(.text)
    .text                                    0x0000075a   Section        0  defsig_exit.o(.text)
    .text                                    0x00000764   Section        0  defsig_abrt_outer.o(.text)
    .text                                    0x00000774   Section        0  defsig_rtmem_inner.o(.text)
    .text                                    0x000007c4   Section        0  defsig_general.o(.text)
    .text                                    0x000007f8   Section        0  defsig_abrt_inner.o(.text)
    .text                                    0x00000828   Section        0  sys_wrch.o(.text)
    i.GPIOPortF_IRQHandler                   0x00000838   Section        0  bsp.o(i.GPIOPortF_IRQHandler)
    i.QActive_ctor                           0x00000888   Section        0  qf_qact.o(i.QActive_ctor)
    i.QActive_get_                           0x000008a8   Section        0  qf_actq.o(i.QActive_get_)
    i.QActive_postLIFO_                      0x00000930   Section        0  qf_actq.o(i.QActive_postLIFO_)
    i.QActive_post_                          0x000009e4   Section        0  qf_actq.o(i.QActive_post_)
    i.QActive_start_                         0x00000ad4   Section        0  qxk.o(i.QActive_start_)
    i.QEQueue_init                           0x00000b78   Section        0  qf_qeq.o(i.QEQueue_init)
    i.QF_add_                                0x00000b90   Section        0  qf_act.o(i.QF_add_)
    i.QF_bzero                               0x00000be4   Section        0  qf_act.o(i.QF_bzero)
    i.QF_gc                                  0x00000bfc   Section        0  qf_dyn.o(i.QF_gc)
    i.QF_get_BASEPRI                         0x00000c74   Section        0  qf_actq.o(i.QF_get_BASEPRI)
    QF_get_BASEPRI                           0x00000c75   Thumb Code     6  qf_actq.o(i.QF_get_BASEPRI)
    i.QF_get_BASEPRI                         0x00000c7a   Section        0  qf_time.o(i.QF_get_BASEPRI)
    QF_get_BASEPRI                           0x00000c7b   Thumb Code     6  qf_time.o(i.QF_get_BASEPRI)
    i.QF_get_BASEPRI                         0x00000c80   Section        0  qxk.o(i.QF_get_BASEPRI)
    QF_get_BASEPRI                           0x00000c81   Thumb Code     6  qxk.o(i.QF_get_BASEPRI)
    i.QF_get_BASEPRI                         0x00000c86   Section        0  qxk_mutex.o(i.QF_get_BASEPRI)
    QF_get_BASEPRI                           0x00000c87   Thumb Code     6  qxk_mutex.o(i.QF_get_BASEPRI)
    i.QF_get_BASEPRI                         0x00000c8c   Section        0  qxk_sema.o(i.QF_get_BASEPRI)
    QF_get_BASEPRI                           0x00000c8d   Thumb Code     6  qxk_sema.o(i.QF_get_BASEPRI)
    i.QF_get_BASEPRI                         0x00000c92   Section        0  qxk_xthr.o(i.QF_get_BASEPRI)
    QF_get_BASEPRI                           0x00000c93   Thumb Code     6  qxk_xthr.o(i.QF_get_BASEPRI)
    i.QF_init                                0x00000c98   Section        0  qxk.o(i.QF_init)
    i.QF_onStartup                           0x00000d00   Section        0  bsp.o(i.QF_onStartup)
    i.QF_run                                 0x00000d78   Section        0  qxk.o(i.QF_run)
    i.QF_set_BASEPRI                         0x00000d9c   Section        0  qf_act.o(i.QF_set_BASEPRI)
    QF_set_BASEPRI                           0x00000d9d   Thumb Code     6  qf_act.o(i.QF_set_BASEPRI)
    i.QF_set_BASEPRI                         0x00000da2   Section        0  qf_actq.o(i.QF_set_BASEPRI)
    QF_set_BASEPRI                           0x00000da3   Thumb Code     6  qf_actq.o(i.QF_set_BASEPRI)
    i.QF_set_BASEPRI                         0x00000da8   Section        0  qf_dyn.o(i.QF_set_BASEPRI)
    QF_set_BASEPRI                           0x00000da9   Thumb Code     6  qf_dyn.o(i.QF_set_BASEPRI)
    i.QF_set_BASEPRI                         0x00000dae   Section        0  qf_mem.o(i.QF_set_BASEPRI)
    QF_set_BASEPRI                           0x00000daf   Thumb Code     6  qf_mem.o(i.QF_set_BASEPRI)
    i.QF_set_BASEPRI                         0x00000db4   Section        0  qf_time.o(i.QF_set_BASEPRI)
    QF_set_BASEPRI                           0x00000db5   Thumb Code     6  qf_time.o(i.QF_set_BASEPRI)
    i.QF_set_BASEPRI                         0x00000dba   Section        0  qxk.o(i.QF_set_BASEPRI)
    QF_set_BASEPRI                           0x00000dbb   Thumb Code     6  qxk.o(i.QF_set_BASEPRI)
    i.QF_set_BASEPRI                         0x00000dc0   Section        0  qxk_mutex.o(i.QF_set_BASEPRI)
    QF_set_BASEPRI                           0x00000dc1   Thumb Code     6  qxk_mutex.o(i.QF_set_BASEPRI)
    i.QF_set_BASEPRI                         0x00000dc6   Section        0  qxk_sema.o(i.QF_set_BASEPRI)
    QF_set_BASEPRI                           0x00000dc7   Thumb Code     6  qxk_sema.o(i.QF_set_BASEPRI)
    i.QF_set_BASEPRI                         0x00000dcc   Section        0  qxk_xthr.o(i.QF_set_BASEPRI)
    QF_set_BASEPRI                           0x00000dcd   Thumb Code     6  qxk_xthr.o(i.QF_set_BASEPRI)
    i.QF_tickX_                              0x00000dd4   Section        0  qf_time.o(i.QF_tickX_)
    i.QHsm_ctor                              0x00000ecc   Section        0  qep_hsm.o(i.QHsm_ctor)
    i.QHsm_dispatch_                         0x00000ee0   Section        0  qep_hsm.o(i.QHsm_dispatch_)
    i.QHsm_init_                             0x00000fec   Section        0  qep_hsm.o(i.QHsm_init_)
    i.QHsm_top                               0x000010a0   Section        0  qep_hsm.o(i.QHsm_top)
    i.QHsm_tran_                             0x000010a8   Section        0  qep_hsm.o(i.QHsm_tran_)
    QHsm_tran_                               0x000010a9   Thumb Code   338  qep_hsm.o(i.QHsm_tran_)
    i.QMPool_put                             0x00001204   Section        0  qf_mem.o(i.QMPool_put)
    i.QTicker_dispatch_                      0x0000125c   Section        0  qf_actq.o(i.QTicker_dispatch_)
    QTicker_dispatch_                        0x0000125d   Thumb Code    64  qf_actq.o(i.QTicker_dispatch_)
    i.QTicker_init_                          0x0000129c   Section        0  qf_actq.o(i.QTicker_init_)
    QTicker_init_                            0x0000129d   Thumb Code     6  qf_actq.o(i.QTicker_init_)
    i.QTicker_postLIFO_                      0x000012a4   Section        0  qf_actq.o(i.QTicker_postLIFO_)
    QTicker_postLIFO_                        0x000012a5   Thumb Code    18  qf_actq.o(i.QTicker_postLIFO_)
    i.QTicker_post_                          0x000012bc   Section        0  qf_actq.o(i.QTicker_post_)
    QTicker_post_                            0x000012bd   Thumb Code   120  qf_actq.o(i.QTicker_post_)
    i.QTimeEvt_ctorX                         0x0000133c   Section        0  qf_time.o(i.QTimeEvt_ctorX)
    i.QXK_activate_                          0x00001374   Section        0  qxk.o(i.QXK_activate_)
    i.QXK_get_IPSR                           0x0000146c   Section        0  qxk_xthr.o(i.QXK_get_IPSR)
    QXK_get_IPSR                             0x0000146d   Thumb Code     6  qxk_xthr.o(i.QXK_get_IPSR)
    i.QXK_init                               0x00001474   Section        0  qxk_port.o(i.QXK_init)
    i.QXK_onIdle                             0x000014e0   Section        0  bsp.o(i.QXK_onIdle)
    i.QXK_sched_                             0x000014f0   Section        0  qxk.o(i.QXK_sched_)
    i.QXK_stackInit_                         0x000015a0   Section        0  qxk_port.o(i.QXK_stackInit_)
    i.QXK_threadRet_                         0x0000164c   Section        0  qxk_xthr.o(i.QXK_threadRet_)
    i.QXMutex_init                           0x000016cc   Section        0  qxk_mutex.o(i.QXMutex_init)
    i.QXMutex_lock                           0x0000172c   Section        0  qxk_mutex.o(i.QXMutex_lock)
    i.QXMutex_unlock                         0x000018f4   Section        0  qxk_mutex.o(i.QXMutex_unlock)
    i.QXSemaphore_init                       0x00001a6c   Section        0  qxk_sema.o(i.QXSemaphore_init)
    i.QXSemaphore_signal                     0x00001a90   Section        0  qxk_sema.o(i.QXSemaphore_signal)
    i.QXSemaphore_wait                       0x00001b58   Section        0  qxk_sema.o(i.QXSemaphore_wait)
    i.QXThread_block_                        0x00001c80   Section        0  qxk_xthr.o(i.QXThread_block_)
    i.QXThread_ctor                          0x00001cc0   Section        0  qxk_xthr.o(i.QXThread_ctor)
    i.QXThread_delay                         0x00001cf0   Section        0  qxk_xthr.o(i.QXThread_delay)
    i.QXThread_dispatch_                     0x00001dac   Section        0  qxk_xthr.o(i.QXThread_dispatch_)
    QXThread_dispatch_                       0x00001dad   Thumb Code    16  qxk_xthr.o(i.QXThread_dispatch_)
    i.QXThread_init_                         0x00001dc0   Section        0  qxk_xthr.o(i.QXThread_init_)
    QXThread_init_                           0x00001dc1   Thumb Code    16  qxk_xthr.o(i.QXThread_init_)
    i.QXThread_postLIFO_                     0x00001dd4   Section        0  qxk_xthr.o(i.QXThread_postLIFO_)
    QXThread_postLIFO_                       0x00001dd5   Thumb Code    18  qxk_xthr.o(i.QXThread_postLIFO_)
    i.QXThread_post_                         0x00001dec   Section        0  qxk_xthr.o(i.QXThread_post_)
    QXThread_post_                           0x00001ded   Thumb Code   310  qxk_xthr.o(i.QXThread_post_)
    i.QXThread_start_                        0x00001f2c   Section        0  qxk_xthr.o(i.QXThread_start_)
    QXThread_start_                          0x00001f2d   Thumb Code   158  qxk_xthr.o(i.QXThread_start_)
    i.QXThread_teArm_                        0x00001fd4   Section        0  qxk_xthr.o(i.QXThread_teArm_)
    i.QXThread_teDisarm_                     0x0000204c   Section        0  qxk_xthr.o(i.QXThread_teDisarm_)
    i.QXThread_unblock_                      0x00002060   Section        0  qxk_xthr.o(i.QXThread_unblock_)
    i.Q_onAssert                             0x00002094   Section        0  bsp.o(i.Q_onAssert)
    i.SysTick_Handler                        0x000020d8   Section        0  bsp.o(i.SysTick_Handler)
    i.SystemCoreClockUpdate                  0x0000210c   Section        0  system_tm4c123gh6pm.o(i.SystemCoreClockUpdate)
    i.SystemInit                             0x000021d0   Section        0  system_tm4c123gh6pm.o(i.SystemInit)
    i._Z12main_blinky1P8QXThread             0x00002274   Section        0  main.o(i._Z12main_blinky1P8QXThread)
    i._Z12main_blinky2P8QXThread             0x00002288   Section        0  main.o(i._Z12main_blinky2P8QXThread)
    i._Z12main_blinky3P8QXThread             0x000022b4   Section        0  main.o(i._Z12main_blinky3P8QXThread)
    i._Z14BSP_ledGreenOnv                    0x000022d0   Section        0  bsp.o(i._Z14BSP_ledGreenOnv)
    i._Z14QF_set_BASEPRIj                    0x000022dc   Section        0  bsp.o(i._Z14QF_set_BASEPRIj)
    QF_set_BASEPRI(unsigned)                 0x000022dd   Thumb Code     6  bsp.o(i._Z14QF_set_BASEPRIj)
    i._Z15BSP_ledGreenOffv                   0x000022e4   Section        0  bsp.o(i._Z15BSP_ledGreenOffv)
    i._Z17BSP_ledBlueTogglev                 0x000022f0   Section        0  bsp.o(i._Z17BSP_ledBlueTogglev)
    i._Z17BSP_sendMorseCodej                 0x0000232c   Section        0  bsp.o(i._Z17BSP_sendMorseCodej)
    i._Z18__NVIC_SetPriority9IRQn_Typej      0x00002388   Section        0  bsp.o(i._Z18__NVIC_SetPriority9IRQn_Typej)
    __NVIC_SetPriority(IRQn_Type, unsigned)  0x00002389   Thumb Code    32  bsp.o(i._Z18__NVIC_SetPriority9IRQn_Typej)
    i._Z8BSP_initv                           0x000023b0   Section        0  bsp.o(i._Z8BSP_initv)
    i._Z9drawGraphPPK5Shape                  0x0000245c   Section        0  shape.o(i._Z9drawGraphPPK5Shape)
    i._ZN5Shape6moveByEss                    0x00002480   Section        0  shape.o(i._ZN5Shape6moveByEss)
    i._ZN5ShapeC1Ess                         0x00002494   Section        0  shape.o(i._ZN5ShapeC1Ess)
    i._ZN6CircleC1Esst                       0x000024a4   Section        0  circle.o(i._ZN6CircleC1Esst)
    i._ZN9RectangleC1Esstt                   0x000024cc   Section        0  rectangle.o(i._ZN9RectangleC1Esstt)
    i._ZNK5Shape12distanceFromEPKS_          0x000024fc   Section        0  shape.o(i._ZNK5Shape12distanceFromEPKS_)
    i._ZNK5Shape4areaEv                      0x00002526   Section        0  shape.o(i._ZNK5Shape4areaEv)
    i._ZNK5Shape4drawEv                      0x0000252c   Section        0  shape.o(i._ZNK5Shape4drawEv)
    i._ZNK6Circle4areaEv                     0x0000252e   Section        0  circle.o(i._ZNK6Circle4areaEv)
    i._ZNK6Circle4drawEv                     0x0000253c   Section        0  circle.o(i._ZNK6Circle4drawEv)
    i._ZNK9Rectangle4areaEv                  0x0000253e   Section        0  rectangle.o(i._ZNK9Rectangle4areaEv)
    i._ZNK9Rectangle4drawEv                  0x00002548   Section        0  rectangle.o(i._ZNK9Rectangle4drawEv)
    i._ZdlPv                                 0x0000254a   Section        0  delete.o(i._ZdlPv)
    i._Znwj                                  0x00002554   Section        0  new.o(i._Znwj)
    i.__sti___8_main_cpp_s1                  0x0000257c   Section        0  main.o(i.__sti___8_main_cpp_s1)
    __sti___8_main_cpp_s1                    0x0000257d   Thumb Code    42  main.o(i.__sti___8_main_cpp_s1)
    i.getOscClk                              0x000025b4   Section        0  system_tm4c123gh6pm.o(i.getOscClk)
    getOscClk                                0x000025b5   Thumb Code   182  system_tm4c123gh6pm.o(i.getOscClk)
    i.initial_events                         0x000026ac   Section        0  qxk.o(i.initial_events)
    initial_events                           0x000026ad   Thumb Code    20  qxk.o(i.initial_events)
    i.main                                   0x000026c4   Section        0  main.o(i.main)
    .constdata                               0x000028d4   Section       28  main.o(.constdata)
    Q_this_module_                           0x000028d4   Data           9  main.o(.constdata)
    .constdata                               0x000028f0   Section       40  qep_hsm.o(.constdata)
    Q_this_module_                           0x000028f0   Data           8  qep_hsm.o(.constdata)
    QEP_reservedEvt_                         0x00002900   Data          16  qep_hsm.o(.constdata)
    vtable                                   0x00002910   Data           8  qep_hsm.o(.constdata)
    .constdata                               0x00002918   Section        7  qf_act.o(.constdata)
    Q_this_module_                           0x00002918   Data           7  qf_act.o(.constdata)
    .constdata                               0x00002920   Section       32  qf_actq.o(.constdata)
    Q_this_module_                           0x00002920   Data           8  qf_actq.o(.constdata)
    vtable                                   0x00002928   Data          20  qf_actq.o(.constdata)
    tickEvt                                  0x0000293c   Data           4  qf_actq.o(.constdata)
    .constdata                               0x00002940   Section        7  qf_dyn.o(.constdata)
    Q_this_module_                           0x00002940   Data           7  qf_dyn.o(.constdata)
    .constdata                               0x00002947   Section        7  qf_mem.o(.constdata)
    Q_this_module_                           0x00002947   Data           7  qf_mem.o(.constdata)
    .constdata                               0x00002950   Section       20  qf_qact.o(.constdata)
    vtable                                   0x00002950   Data          20  qf_qact.o(.constdata)
    .constdata                               0x00002964   Section        8  qf_time.o(.constdata)
    Q_this_module_                           0x00002964   Data           8  qf_time.o(.constdata)
    .constdata                               0x0000296c   Section        4  qxk.o(.constdata)
    Q_this_module_                           0x0000296c   Data           4  qxk.o(.constdata)
    .constdata                               0x00002970   Section       10  qxk_mutex.o(.constdata)
    Q_this_module_                           0x00002970   Data          10  qxk_mutex.o(.constdata)
    .constdata                               0x0000297a   Section        9  qxk_sema.o(.constdata)
    Q_this_module_                           0x0000297a   Data           9  qxk_sema.o(.constdata)
    .constdata                               0x00002984   Section       32  qxk_xthr.o(.constdata)
    Q_this_module_                           0x00002984   Data           9  qxk_xthr.o(.constdata)
    vtable                                   0x00002990   Data          20  qxk_xthr.o(.constdata)
    .constdata__ZTV5Shape                    0x000029a4   Section       16  shape.o(.constdata__ZTV5Shape)
    .constdata__ZTV6Circle                   0x000029b4   Section       16  circle.o(.constdata__ZTV6Circle)
    .constdata__ZTV9Rectangle                0x000029c4   Section       16  rectangle.o(.constdata__ZTV9Rectangle)
    .init_array                              0x000029f4   Section        4  main.o(.init_array)
    .init_array                              0x000029f8   Section        0  init_aeabi.o(.init_array)
    .data                                    0x20000000   Section        8  bsp.o(.data)
    Morse_mutex                              0x20000000   Data           8  bsp.o(.data)
    .data                                    0x20000008   Section       24  main.o(.data)
    .data                                    0x20000020   Section        4  system_tm4c123gh6pm.o(.data)
    .data                                    0x20000024   Section        4  qf_dyn.o(.data)
    .data                                    0x20000028   Section        8  qf_ps.o(.data)
    .bss                                     0x20000030   Section      672  main.o(.bss)
    .bss                                     0x200002d0   Section      132  qf_act.o(.bss)
    .bss                                     0x20000354   Section       60  qf_dyn.o(.bss)
    .bss                                     0x20000390   Section       32  qf_time.o(.bss)
    .bss                                     0x200003b0   Section       60  qxk.o(.bss)
    l_idleThread                             0x200003c4   Data          40  qxk.o(.bss)
    .bss                                     0x200003ec   Section       96  libspace.o(.bss)
    HEAP                                     0x20000450   Section     1024  startup_tm4c123gh6pm.o(HEAP)
    __heap_base                              0x20000450   Data           0  startup_tm4c123gh6pm.o(HEAP)
    STACK                                    0x20000850   Section     1024  startup_tm4c123gh6pm.o(STACK)
    __heap_limit                             0x20000850   Data           0  startup_tm4c123gh6pm.o(HEAP)
    __stack_base                             0x20000850   Data           0  startup_tm4c123gh6pm.o(STACK)
    __initial_sp                             0x20000c50   Data           0  startup_tm4c123gh6pm.o(STACK)
    __stack_limit                            0x20000c50   Data           0  startup_tm4c123gh6pm.o(STACK)

    Global Symbols

    Symbol Name                              Value     Ov Type        Size  Object(Section)

    BuildAttributes$$THM_ISAv4$E$P$D$K$B$S$7EM$PE$A:L22UL41UL21$X:L11$S22US41US21$IEEE1$IW$USESV6$~STKCKD$USESV7$~SHL$OTIME$ROPI$EBA8$UX$STANDARDLIB$REQ8$PRES8$EABIv2 0x00000000   Number         0  anon$$obj.o ABSOLUTE
    __ARM_use_no_argv                        0x00000000   Number         0  main.o ABSOLUTE
    __Vectors                                0x00000000   Data           0  startup_tm4c123gh6pm.o(RESET)
    SHT$$ARM_EXIDX$$Base                      - Undefined Reference
    SHT$$ARM_EXIDX$$Limit                     - Undefined Reference
    __ARM::default_unexpected_handler()       - Undefined Weak Reference
    __ARM_exceptions_buffer_required          - Undefined Weak Reference
    __ARM_exceptions_init                     - Undefined Weak Reference
    __aeabi_unwind_cpp_pr1                    - Undefined Weak Reference
    __aeabi_unwind_cpp_pr2                    - Undefined Weak Reference
    __alloca_initialize                       - Undefined Weak Reference
    __arm_preinit_                            - Undefined Weak Reference
    __cxa_begin_cleanup                       - Undefined Weak Reference
    __cxa_finalize                            - Undefined Weak Reference
    __cxa_type_match                          - Undefined Weak Reference
    __rt_locale                               - Undefined Weak Reference
    __sigvec_lookup                           - Undefined Weak Reference
    __user_heap_extent                        - Undefined Weak Reference
    _atexit_init                              - Undefined Weak Reference
    _call_atexit_fns                          - Undefined Weak Reference
    _clock_init                               - Undefined Weak Reference
    _fp_trap_init                             - Undefined Weak Reference
    _fp_trap_shutdown                         - Undefined Weak Reference
    _get_lc_collate                           - Undefined Weak Reference
    _get_lc_ctype                             - Undefined Weak Reference
    _get_lc_monetary                          - Undefined Weak Reference
    _get_lc_numeric                           - Undefined Weak Reference
    _get_lc_time                              - Undefined Weak Reference
    _getenv_init                              - Undefined Weak Reference
    _handle_redirection                       - Undefined Weak Reference
    _initio                                   - Undefined Weak Reference
    _mutex_acquire                            - Undefined Weak Reference
    _mutex_free                               - Undefined Weak Reference
    _mutex_release                            - Undefined Weak Reference
    _rand_init                                - Undefined Weak Reference
    _signal_finish                            - Undefined Weak Reference
    _signal_init                              - Undefined Weak Reference
    _terminateio                              - Undefined Weak Reference
    __Vectors_End                            0x0000026c   Data           0  startup_tm4c123gh6pm.o(RESET)
    __Vectors_Size                           0x0000026c   Number         0  startup_tm4c123gh6pm.o ABSOLUTE
    __main                                   0x0000026d   Thumb Code     8  __main.o(!!!main)
    __scatterload                            0x00000275   Thumb Code     0  __scatter.o(!!!scatter)
    __scatterload_rt2                        0x00000275   Thumb Code    44  __scatter.o(!!!scatter)
    __scatterload_rt2_thumb_only             0x00000275   Thumb Code     0  __scatter.o(!!!scatter)
    __scatterload_null                       0x00000283   Thumb Code     0  __scatter.o(!!!scatter)
    __scatterload_copy                       0x000002a9   Thumb Code    26  __scatter_copy.o(!!handler_copy)
    __scatterload_zeroinit                   0x000002c5   Thumb Code    28  __scatter_zi.o(!!handler_zi)
    __rt_lib_init                            0x000002e1   Thumb Code     0  libinit.o(.ARM.Collect$$libinit$$00000000)
    __rt_lib_init_fp_1                       0x000002e3   Thumb Code     0  libinit2.o(.ARM.Collect$$libinit$$00000002)
    __rt_lib_init_heap_2                     0x000002e3   Thumb Code     0  libinit2.o(.ARM.Collect$$libinit$$00000005)
    __rt_lib_init_preinit_1                  0x000002e3   Thumb Code     0  libinit2.o(.ARM.Collect$$libinit$$00000004)
    __rt_lib_init_alloca_1                   0x000002eb   Thumb Code     0  libinit2.o(.ARM.Collect$$libinit$$0000002E)
    __rt_lib_init_argv_1                     0x000002eb   Thumb Code     0  libinit2.o(.ARM.Collect$$libinit$$0000002C)
    __rt_lib_init_atexit_1                   0x000002eb   Thumb Code     0  libinit2.o(.ARM.Collect$$libinit$$0000001B)
    __rt_lib_init_clock_1                    0x000002eb   Thumb Code     0  libinit2.o(.ARM.Collect$$libinit$$00000021)
    __rt_lib_init_cpp_2                      0x000002eb   Thumb Code     0  libinit2.o(.ARM.Collect$$libinit$$00000031)
    __rt_lib_init_exceptions_1               0x000002eb   Thumb Code     0  libinit2.o(.ARM.Collect$$libinit$$00000030)
    __rt_lib_init_fp_trap_1                  0x000002eb   Thumb Code     0  libinit2.o(.ARM.Collect$$libinit$$0000001F)
    __rt_lib_init_getenv_1                   0x000002eb   Thumb Code     0  libinit2.o(.ARM.Collect$$libinit$$00000023)
    __rt_lib_init_heap_1                     0x000002eb   Thumb Code     0  libinit2.o(.ARM.Collect$$libinit$$0000000A)
    __rt_lib_init_lc_collate_1               0x000002eb   Thumb Code     0  libinit2.o(.ARM.Collect$$libinit$$00000011)
    __rt_lib_init_lc_ctype_1                 0x000002eb   Thumb Code     0  libinit2.o(.ARM.Collect$$libinit$$00000013)
    __rt_lib_init_lc_monetary_1              0x000002eb   Thumb Code     0  libinit2.o(.ARM.Collect$$libinit$$00000015)
    __rt_lib_init_lc_numeric_1               0x000002eb   Thumb Code     0  libinit2.o(.ARM.Collect$$libinit$$00000017)
    __rt_lib_init_lc_time_1                  0x000002eb   Thumb Code     0  libinit2.o(.ARM.Collect$$libinit$$00000019)
    __rt_lib_init_rand_1                     0x000002eb   Thumb Code     0  libinit2.o(.ARM.Collect$$libinit$$0000000E)
    __rt_lib_init_signal_1                   0x000002eb   Thumb Code     0  libinit2.o(.ARM.Collect$$libinit$$0000001D)
    __rt_lib_init_stdio_1                    0x000002eb   Thumb Code     0  libinit2.o(.ARM.Collect$$libinit$$00000025)
    __rt_lib_init_user_alloc_1               0x000002eb   Thumb Code     0  libinit2.o(.ARM.Collect$$libinit$$0000000C)
    __rt_lib_init_cpp_1                      0x000002ef   Thumb Code     0  libinit2.o(.ARM.Collect$$libinit$$00000032)
    __rt_lib_init_return                     0x000002ef   Thumb Code     0  libinit2.o(.ARM.Collect$$libinit$$00000033)
    __rt_lib_shutdown                        0x000002f1   Thumb Code     0  libshutdown.o(.ARM.Collect$$libshutdown$$00000000)
    __rt_lib_shutdown_cpp_1                  0x000002f3   Thumb Code     0  libshutdown2.o(.ARM.Collect$$libshutdown$$00000002)
    __rt_lib_shutdown_fp_trap_1              0x000002f3   Thumb Code     0  libshutdown2.o(.ARM.Collect$$libshutdown$$00000007)
    __rt_lib_shutdown_heap_1                 0x000002f3   Thumb Code     0  libshutdown2.o(.ARM.Collect$$libshutdown$$0000000F)
    __rt_lib_shutdown_return                 0x000002f3   Thumb Code     0  libshutdown2.o(.ARM.Collect$$libshutdown$$00000010)
    __rt_lib_shutdown_signal_1               0x000002f3   Thumb Code     0  libshutdown2.o(.ARM.Collect$$libshutdown$$0000000A)
    __rt_lib_shutdown_stdio_1                0x000002f3   Thumb Code     0  libshutdown2.o(.ARM.Collect$$libshutdown$$00000004)
    __rt_lib_shutdown_user_alloc_1           0x000002f3   Thumb Code     0  libshutdown2.o(.ARM.Collect$$libshutdown$$0000000C)
    __rt_entry                               0x000002f5   Thumb Code     0  __rtentry.o(.ARM.Collect$$rtentry$$00000000)
    __rt_entry_presh_1                       0x000002f5   Thumb Code     0  __rtentry2.o(.ARM.Collect$$rtentry$$00000002)
    __rt_entry_sh                            0x000002f5   Thumb Code     0  __rtentry4.o(.ARM.Collect$$rtentry$$00000004)
    __rt_entry_li                            0x000002fb   Thumb Code     0  __rtentry2.o(.ARM.Collect$$rtentry$$0000000A)
    __rt_entry_postsh_1                      0x000002fb   Thumb Code     0  __rtentry2.o(.ARM.Collect$$rtentry$$00000009)
    __rt_entry_main                          0x000002ff   Thumb Code     0  __rtentry2.o(.ARM.Collect$$rtentry$$0000000D)
    __rt_entry_postli_1                      0x000002ff   Thumb Code     0  __rtentry2.o(.ARM.Collect$$rtentry$$0000000C)
    __rt_exit                                0x00000307   Thumb Code     0  rtexit.o(.ARM.Collect$$rtexit$$00000000)
    __rt_exit_ls                             0x00000309   Thumb Code     0  rtexit2.o(.ARM.Collect$$rtexit$$00000003)
    __rt_exit_prels_1                        0x00000309   Thumb Code     0  rtexit2.o(.ARM.Collect$$rtexit$$00000002)
    __rt_exit_exit                           0x0000030d   Thumb Code     0  rtexit2.o(.ARM.Collect$$rtexit$$00000004)
    PendSV_Handler                           0x00000315   Thumb Code   152  qxk_port.o(.emb_text)
    Thread_ret                               0x000003bd   Thumb Code    12  qxk_port.o(.emb_text)
    NMI_Handler                              0x000003cd   Thumb Code    12  qxk_port.o(.emb_text)
    Reset_Handler                            0x000003d9   Thumb Code    14  startup_tm4c123gh6pm.o(.text)
    _maybe_terminate_alloc                   0x000003d9   Thumb Code     0  maybetermalloc1.o(.emb_text)
    HardFault_Handler                        0x000003ed   Thumb Code     6  startup_tm4c123gh6pm.o(.text)
    MemManage_Handler                        0x000003f3   Thumb Code     6  startup_tm4c123gh6pm.o(.text)
    BusFault_Handler                         0x000003f9   Thumb Code     6  startup_tm4c123gh6pm.o(.text)
    UsageFault_Handler                       0x000003ff   Thumb Code     6  startup_tm4c123gh6pm.o(.text)
    SVC_Handler                              0x00000405   Thumb Code     6  startup_tm4c123gh6pm.o(.text)
    DebugMon_Handler                         0x0000040b   Thumb Code     6  startup_tm4c123gh6pm.o(.text)
    ADC1Seq0_IRQHandler                      0x0000041d   Thumb Code     0  startup_tm4c123gh6pm.o(.text)
    ADC1Seq1_IRQHandler                      0x0000041d   Thumb Code     0  startup_tm4c123gh6pm.o(.text)
    ADC1Seq2_IRQHandler                      0x0000041d   Thumb Code     0  startup_tm4c123gh6pm.o(.text)
    ADC1Seq3_IRQHandler                      0x0000041d   Thumb Code     0  startup_tm4c123gh6pm.o(.text)
    ADCSeq0_IRQHandler                       0x0000041d   Thumb Code     0  startup_tm4c123gh6pm.o(.text)
    ADCSeq1_IRQHandler                       0x0000041d   Thumb Code     0  startup_tm4c123gh6pm.o(.text)
    ADCSeq2_IRQHandler                       0x0000041d   Thumb Code     0  startup_tm4c123gh6pm.o(.text)
    ADCSeq3_IRQHandler                       0x0000041d   Thumb Code     0  startup_tm4c123gh6pm.o(.text)
    CAN0_IRQHandler                          0x0000041d   Thumb Code     0  startup_tm4c123gh6pm.o(.text)
    CAN1_IRQHandler                          0x0000041d   Thumb Code     0  startup_tm4c123gh6pm.o(.text)
    CAN2_IRQHandler                          0x0000041d   Thumb Code     0  startup_tm4c123gh6pm.o(.text)
    Comp0_IRQHandler                         0x0000041d   Thumb Code     0  startup_tm4c123gh6pm.o(.text)
    Comp1_IRQHandler                         0x0000041d   Thumb Code     0  startup_tm4c123gh6pm.o(.text)
    Comp2_IRQHandler                         0x0000041d   Thumb Code     0  startup_tm4c123gh6pm.o(.text)
    FPU_IRQHandler                           0x0000041d   Thumb Code     0  startup_tm4c123gh6pm.o(.text)
    FlashCtrl_IRQHandler                     0x0000041d   Thumb Code     0  startup_tm4c123gh6pm.o(.text)
    GPIOPortA_IRQHandler                     0x0000041d   Thumb Code     0  startup_tm4c123gh6pm.o(.text)
    GPIOPortB_IRQHandler                     0x0000041d   Thumb Code     0  startup_tm4c123gh6pm.o(.text)
    GPIOPortC_IRQHandler                     0x0000041d   Thumb Code     0  startup_tm4c123gh6pm.o(.text)
    GPIOPortD_IRQHandler                     0x0000041d   Thumb Code     0  startup_tm4c123gh6pm.o(.text)
    GPIOPortE_IRQHandler                     0x0000041d   Thumb Code     0  startup_tm4c123gh6pm.o(.text)
    GPIOPortG_IRQHandler                     0x0000041d   Thumb Code     0  startup_tm4c123gh6pm.o(.text)
    GPIOPortH_IRQHandler                     0x0000041d   Thumb Code     0  startup_tm4c123gh6pm.o(.text)
    GPIOPortJ_IRQHandler                     0x0000041d   Thumb Code     0  startup_tm4c123gh6pm.o(.text)
    GPIOPortK_IRQHandler                     0x0000041d   Thumb Code     0  startup_tm4c123gh6pm.o(.text)
    GPIOPortL_IRQHandler                     0x0000041d   Thumb Code     0  startup_tm4c123gh6pm.o(.text)
    GPIOPortM_IRQHandler                     0x0000041d   Thumb Code     0  startup_tm4c123gh6pm.o(.text)
    GPIOPortN_IRQHandler                     0x0000041d   Thumb Code     0  startup_tm4c123gh6pm.o(.text)
    GPIOPortP0_IRQHandler                    0x0000041d   Thumb Code     0  startup_tm4c123gh6pm.o(.text)
    GPIOPortP1_IRQHandler                    0x0000041d   Thumb Code     0  startup_tm4c123gh6pm.o(.text)
    GPIOPortP2_IRQHandler                    0x0000041d   Thumb Code     0  startup_tm4c123gh6pm.o(.text)
    GPIOPortP3_IRQHandler                    0x0000041d   Thumb Code     0  startup_tm4c123gh6pm.o(.text)
    GPIOPortP4_IRQHandler                    0x0000041d   Thumb Code     0  startup_tm4c123gh6pm.o(.text)
    GPIOPortP5_IRQHandler                    0x0000041d   Thumb Code     0  startup_tm4c123gh6pm.o(.text)
    GPIOPortP6_IRQHandler                    0x0000041d   Thumb Code     0  startup_tm4c123gh6pm.o(.text)
    GPIOPortP7_IRQHandler                    0x0000041d   Thumb Code     0  startup_tm4c123gh6pm.o(.text)
    GPIOPortQ0_IRQHandler                    0x0000041d   Thumb Code     0  startup_tm4c123gh6pm.o(.text)
    GPIOPortQ1_IRQHandler                    0x0000041d   Thumb Code     0  startup_tm4c123gh6pm.o(.text)
    GPIOPortQ2_IRQHandler                    0x0000041d   Thumb Code     0  startup_tm4c123gh6pm.o(.text)
    GPIOPortQ3_IRQHandler                    0x0000041d   Thumb Code     0  startup_tm4c123gh6pm.o(.text)
    GPIOPortQ4_IRQHandler                    0x0000041d   Thumb Code     0  startup_tm4c123gh6pm.o(.text)
    GPIOPortQ5_IRQHandler                    0x0000041d   Thumb Code     0  startup_tm4c123gh6pm.o(.text)
    GPIOPortQ6_IRQHandler                    0x0000041d   Thumb Code     0  startup_tm4c123gh6pm.o(.text)
    GPIOPortQ7_IRQHandler                    0x0000041d   Thumb Code     0  startup_tm4c123gh6pm.o(.text)
    GPIOPortR_IRQHandler                     0x0000041d   Thumb Code     0  startup_tm4c123gh6pm.o(.text)
    GPIOPortS_IRQHandler                     0x0000041d   Thumb Code     0  startup_tm4c123gh6pm.o(.text)
    Hibernate_IRQHandler                     0x0000041d   Thumb Code     0  startup_tm4c123gh6pm.o(.text)
    I2C0_IRQHandler                          0x0000041d   Thumb Code     0  startup_tm4c123gh6pm.o(.text)
    I2C1_IRQHandler                          0x0000041d   Thumb Code     0  startup_tm4c123gh6pm.o(.text)
    I2C2_IRQHandler                          0x0000041d   Thumb Code     0  startup_tm4c123gh6pm.o(.text)
    I2C3_IRQHandler                          0x0000041d   Thumb Code     0  startup_tm4c123gh6pm.o(.text)
    I2C4_IRQHandler                          0x0000041d   Thumb Code     0  startup_tm4c123gh6pm.o(.text)
    I2C5_IRQHandler                          0x0000041d   Thumb Code     0  startup_tm4c123gh6pm.o(.text)
    PWM1Fault_IRQHandler                     0x0000041d   Thumb Code     0  startup_tm4c123gh6pm.o(.text)
    PWM1Gen0_IRQHandler                      0x0000041d   Thumb Code     0  startup_tm4c123gh6pm.o(.text)
    PWM1Gen1_IRQHandler                      0x0000041d   Thumb Code     0  startup_tm4c123gh6pm.o(.text)
    PWM1Gen2_IRQHandler                      0x0000041d   Thumb Code     0  startup_tm4c123gh6pm.o(.text)
    PWM1Gen3_IRQHandler                      0x0000041d   Thumb Code     0  startup_tm4c123gh6pm.o(.text)
    PWMFault_IRQHandler                      0x0000041d   Thumb Code     0  startup_tm4c123gh6pm.o(.text)
    PWMGen0_IRQHandler                       0x0000041d   Thumb Code     0  startup_tm4c123gh6pm.o(.text)
    PWMGen1_IRQHandler                       0x0000041d   Thumb Code     0  startup_tm4c123gh6pm.o(.text)
    PWMGen2_IRQHandler                       0x0000041d   Thumb Code     0  startup_tm4c123gh6pm.o(.text)
    PWMGen3_IRQHandler                       0x0000041d   Thumb Code     0  startup_tm4c123gh6pm.o(.text)
    QEI0_IRQHandler                          0x0000041d   Thumb Code     0  startup_tm4c123gh6pm.o(.text)
    QEI1_IRQHandler                          0x0000041d   Thumb Code     0  startup_tm4c123gh6pm.o(.text)
    QEI2_IRQHandler                          0x0000041d   Thumb Code     0  startup_tm4c123gh6pm.o(.text)
    SSI0_IRQHandler                          0x0000041d   Thumb Code     0  startup_tm4c123gh6pm.o(.text)
    SSI1_IRQHandler                          0x0000041d   Thumb Code     0  startup_tm4c123gh6pm.o(.text)
    SSI2_IRQHandler                          0x0000041d   Thumb Code     0  startup_tm4c123gh6pm.o(.text)
    SSI3_IRQHandler                          0x0000041d   Thumb Code     0  startup_tm4c123gh6pm.o(.text)
    SysCtrl_IRQHandler                       0x0000041d   Thumb Code     0  startup_tm4c123gh6pm.o(.text)
    Timer0A_IRQHandler                       0x0000041d   Thumb Code     0  startup_tm4c123gh6pm.o(.text)
    Timer0B_IRQHandler                       0x0000041d   Thumb Code     0  startup_tm4c123gh6pm.o(.text)
    Timer1A_IRQHandler                       0x0000041d   Thumb Code     0  startup_tm4c123gh6pm.o(.text)
    Timer1B_IRQHandler                       0x0000041d   Thumb Code     0  startup_tm4c123gh6pm.o(.text)
    Timer2A_IRQHandler                       0x0000041d   Thumb Code     0  startup_tm4c123gh6pm.o(.text)
    Timer2B_IRQHandler                       0x0000041d   Thumb Code     0  startup_tm4c123gh6pm.o(.text)
    Timer3A_IRQHandler                       0x0000041d   Thumb Code     0  startup_tm4c123gh6pm.o(.text)
    Timer3B_IRQHandler                       0x0000041d   Thumb Code     0  startup_tm4c123gh6pm.o(.text)
    Timer4A_IRQHandler                       0x0000041d   Thumb Code     0  startup_tm4c123gh6pm.o(.text)
    Timer4B_IRQHandler                       0x0000041d   Thumb Code     0  startup_tm4c123gh6pm.o(.text)
    Timer5A_IRQHandler                       0x0000041d   Thumb Code     0  startup_tm4c123gh6pm.o(.text)
    Timer5B_IRQHandler                       0x0000041d   Thumb Code     0  startup_tm4c123gh6pm.o(.text)
    UART0_IRQHandler                         0x0000041d   Thumb Code     0  startup_tm4c123gh6pm.o(.text)
    UART1_IRQHandler                         0x0000041d   Thumb Code     0  startup_tm4c123gh6pm.o(.text)
    UART2_IRQHandler                         0x0000041d   Thumb Code     0  startup_tm4c123gh6pm.o(.text)
    UART3_IRQHandler                         0x0000041d   Thumb Code     0  startup_tm4c123gh6pm.o(.text)
    UART4_IRQHandler                         0x0000041d   Thumb Code     0  startup_tm4c123gh6pm.o(.text)
    UART5_IRQHandler                         0x0000041d   Thumb Code     0  startup_tm4c123gh6pm.o(.text)
    UART6_IRQHandler                         0x0000041d   Thumb Code     0  startup_tm4c123gh6pm.o(.text)
    UART7_IRQHandler                         0x0000041d   Thumb Code     0  startup_tm4c123gh6pm.o(.text)
    USB0_IRQHandler                          0x0000041d   Thumb Code     0  startup_tm4c123gh6pm.o(.text)
    Watchdog_IRQHandler                      0x0000041d   Thumb Code     0  startup_tm4c123gh6pm.o(.text)
    WideTimer0A_IRQHandler                   0x0000041d   Thumb Code     0  startup_tm4c123gh6pm.o(.text)
    WideTimer0B_IRQHandler                   0x0000041d   Thumb Code     0  startup_tm4c123gh6pm.o(.text)
    WideTimer1A_IRQHandler                   0x0000041d   Thumb Code     0  startup_tm4c123gh6pm.o(.text)
    WideTimer1B_IRQHandler                   0x0000041d   Thumb Code     0  startup_tm4c123gh6pm.o(.text)
    WideTimer2A_IRQHandler                   0x0000041d   Thumb Code     0  startup_tm4c123gh6pm.o(.text)
    WideTimer2B_IRQHandler                   0x0000041d   Thumb Code     0  startup_tm4c123gh6pm.o(.text)
    WideTimer3A_IRQHandler                   0x0000041d   Thumb Code     0  startup_tm4c123gh6pm.o(.text)
    WideTimer3B_IRQHandler                   0x0000041d   Thumb Code     0  startup_tm4c123gh6pm.o(.text)
    WideTimer4A_IRQHandler                   0x0000041d   Thumb Code     0  startup_tm4c123gh6pm.o(.text)
    WideTimer4B_IRQHandler                   0x0000041d   Thumb Code     0  startup_tm4c123gh6pm.o(.text)
    WideTimer5A_IRQHandler                   0x0000041d   Thumb Code     0  startup_tm4c123gh6pm.o(.text)
    WideTimer5B_IRQHandler                   0x0000041d   Thumb Code     0  startup_tm4c123gh6pm.o(.text)
    uDMAError_IRQHandler                     0x0000041d   Thumb Code     0  startup_tm4c123gh6pm.o(.text)
    uDMAST_IRQHandler                        0x0000041d   Thumb Code     0  startup_tm4c123gh6pm.o(.text)
    __user_initial_stackheap                 0x00000425   Thumb Code    10  startup_tm4c123gh6pm.o(.text)
    assert_failed                            0x0000042f   Thumb Code    10  startup_tm4c123gh6pm.o(.text)
    __use_two_region_memory                  0x00000455   Thumb Code     2  heapauxi.o(.text)
    __rt_heap_escrow                         0x00000457   Thumb Code     2  heapauxi.o(.text)
    __rt_heap_expand                         0x00000459   Thumb Code     2  heapauxi.o(.text)
    __cpp_initialize__aeabi_                 0x0000045d   Thumb Code    26  init_aeabi.o(.text)
    __rt_new_handler_addr                    0x00000481   Thumb Code     8  rt_new_handler_addr_intlibspace.o(.text)
    malloc                                   0x00000489   Thumb Code    94  h1_alloc.o(.text)
    free                                     0x000004e7   Thumb Code    78  h1_free.o(.text)
    __default_new_handler()                  0x00000535   Thumb Code     4  arm_newhandler_noexceptions.o(.text)
    __user_libspace                          0x00000539   Thumb Code     8  libspace.o(.text)
    __user_perproc_libspace                  0x00000539   Thumb Code     0  libspace.o(.text)
    __user_perthread_libspace                0x00000539   Thumb Code     0  libspace.o(.text)
    __rt_heap_descriptor                     0x00000541   Thumb Code     8  rt_heap_descriptor_intlibspace.o(.text)
    __use_no_heap                            0x00000549   Thumb Code     2  hguard.o(.text)
    __heap$guard                             0x0000054b   Thumb Code     2  hguard.o(.text)
    _terminate_user_alloc                    0x0000054d   Thumb Code     2  init_alloc.o(.text)
    _init_user_alloc                         0x0000054f   Thumb Code     2  init_alloc.o(.text)
    __Heap_Full                              0x00000551   Thumb Code    34  init_alloc.o(.text)
    __Heap_Broken                            0x00000573   Thumb Code     6  init_alloc.o(.text)
    _init_alloc                              0x00000579   Thumb Code    94  init_alloc.o(.text)
    __Heap_Initialize                        0x000005d7   Thumb Code    10  h1_init.o(.text)
    __Heap_DescSize                          0x000005e1   Thumb Code     4  h1_init.o(.text)
    std::terminate()                         0x000005e5   Thumb Code    26  arm_exceptions_terminate.o(.text)
    __cxa_get_globals                        0x00000607   Thumb Code    62  arm_exceptions_globs.o(.text)
    __user_setup_stackheap                   0x00000651   Thumb Code    74  sys_stackheap_outer.o(.text)
    __rt_eh_globals_addr                     0x0000069d   Thumb Code     8  rt_eh_globals_addr_intlibspace.o(.text)
    __Heap_ProvideMemory                     0x000006a5   Thumb Code    52  h1_extend.o(.text)
    exit                                     0x000006d9   Thumb Code    18  exit.o(.text)
    abort                                    0x000006eb   Thumb Code    22  abort.o(.text)
    __rt_SIGRTMEM                            0x00000701   Thumb Code    14  defsig_rtmem_outer.o(.text)
    __ARM_exceptions_buffer_init             0x0000070f   Thumb Code    18  arm_exceptions_mem.o(.text)
    __ARM_exceptions_buffer_allocate         0x00000721   Thumb Code    22  arm_exceptions_mem.o(.text)
    __ARM_exceptions_buffer_free             0x00000737   Thumb Code    20  arm_exceptions_mem.o(.text)
    _sys_exit                                0x0000074d   Thumb Code     8  sys_exit.o(.text)
    __I$use$semihosting                      0x00000759   Thumb Code     0  use_no_semi.o(.text)
    __use_no_semihosting_swi                 0x00000759   Thumb Code     2  use_no_semi.o(.text)
    __semihosting_library_function           0x0000075b   Thumb Code     0  indicate_semi.o(.text)
    __sig_exit                               0x0000075b   Thumb Code    10  defsig_exit.o(.text)
    __rt_SIGABRT                             0x00000765   Thumb Code    14  defsig_abrt_outer.o(.text)
    __rt_SIGRTMEM_inner                      0x00000775   Thumb Code    22  defsig_rtmem_inner.o(.text)
    __default_signal_display                 0x000007c5   Thumb Code    50  defsig_general.o(.text)
    __rt_SIGABRT_inner                       0x000007f9   Thumb Code    14  defsig_abrt_inner.o(.text)
    _ttywrch                                 0x00000829   Thumb Code    14  sys_wrch.o(.text)
    GPIOPortF_IRQHandler                     0x00000839   Thumb Code    66  bsp.o(i.GPIOPortF_IRQHandler)
    QActive_ctor                             0x00000889   Thumb Code    28  qf_qact.o(i.QActive_ctor)
    QActive_get_                             0x000008a9   Thumb Code   130  qf_actq.o(i.QActive_get_)
    QActive_postLIFO_                        0x00000931   Thumb Code   172  qf_actq.o(i.QActive_postLIFO_)
    QActive_post_                            0x000009e5   Thumb Code   232  qf_actq.o(i.QActive_post_)
    QActive_start_                           0x00000ad5   Thumb Code   160  qxk.o(i.QActive_start_)
    QEQueue_init                             0x00000b79   Thumb Code    24  qf_qeq.o(i.QEQueue_init)
    QF_add_                                  0x00000b91   Thumb Code    74  qf_act.o(i.QF_add_)
    QF_bzero                                 0x00000be5   Thumb Code    22  qf_act.o(i.QF_bzero)
    QF_gc                                    0x00000bfd   Thumb Code   106  qf_dyn.o(i.QF_gc)
    QF_init                                  0x00000c99   Thumb Code    76  qxk.o(i.QF_init)
    QF_onStartup                             0x00000d01   Thumb Code   114  bsp.o(i.QF_onStartup)
    QF_run                                   0x00000d79   Thumb Code    36  qxk.o(i.QF_run)
    QF_tickX_                                0x00000dd5   Thumb Code   238  qf_time.o(i.QF_tickX_)
    QHsm_ctor                                0x00000ecd   Thumb Code    12  qep_hsm.o(i.QHsm_ctor)
    QHsm_dispatch_                           0x00000ee1   Thumb Code   258  qep_hsm.o(i.QHsm_dispatch_)
    QHsm_init_                               0x00000fed   Thumb Code   168  qep_hsm.o(i.QHsm_init_)
    QHsm_top                                 0x000010a1   Thumb Code     6  qep_hsm.o(i.QHsm_top)
    QMPool_put                               0x00001205   Thumb Code    82  qf_mem.o(i.QMPool_put)
    QTimeEvt_ctorX                           0x0000133d   Thumb Code    52  qf_time.o(i.QTimeEvt_ctorX)
    QXK_activate_                            0x00001375   Thumb Code   230  qxk.o(i.QXK_activate_)
    QXK_init                                 0x00001475   Thumb Code    94  qxk_port.o(i.QXK_init)
    QXK_onIdle                               0x000014e1   Thumb Code    12  bsp.o(i.QXK_onIdle)
    QXK_sched_                               0x000014f1   Thumb Code   158  qxk.o(i.QXK_sched_)
    QXK_stackInit_                           0x000015a1   Thumb Code   162  qxk_port.o(i.QXK_stackInit_)
    QXK_threadRet_                           0x0000164d   Thumb Code   114  qxk_xthr.o(i.QXK_threadRet_)
    QXMutex_init                             0x000016cd   Thumb Code    86  qxk_mutex.o(i.QXMutex_init)
    QXMutex_lock                             0x0000172d   Thumb Code   444  qxk_mutex.o(i.QXMutex_lock)
    QXMutex_unlock                           0x000018f5   Thumb Code   364  qxk_mutex.o(i.QXMutex_unlock)
    QXSemaphore_init                         0x00001a6d   Thumb Code    30  qxk_sema.o(i.QXSemaphore_init)
    QXSemaphore_signal                       0x00001a91   Thumb Code   186  qxk_sema.o(i.QXSemaphore_signal)
    QXSemaphore_wait                         0x00001b59   Thumb Code   288  qxk_sema.o(i.QXSemaphore_wait)
    QXThread_block_                          0x00001c81   Thumb Code    54  qxk_xthr.o(i.QXThread_block_)
    QXThread_ctor                            0x00001cc1   Thumb Code    42  qxk_xthr.o(i.QXThread_ctor)
    QXThread_delay                           0x00001cf1   Thumb Code   180  qxk_xthr.o(i.QXThread_delay)
    QXThread_teArm_                          0x00001fd5   Thumb Code   110  qxk_xthr.o(i.QXThread_teArm_)
    QXThread_teDisarm_                       0x0000204d   Thumb Code    18  qxk_xthr.o(i.QXThread_teDisarm_)
    QXThread_unblock_                        0x00002061   Thumb Code    42  qxk_xthr.o(i.QXThread_unblock_)
    Q_onAssert                               0x00002095   Thumb Code    60  bsp.o(i.Q_onAssert)
    SysTick_Handler                          0x000020d9   Thumb Code    48  bsp.o(i.SysTick_Handler)
    SystemCoreClockUpdate                    0x0000210d   Thumb Code   184  system_tm4c123gh6pm.o(i.SystemCoreClockUpdate)
    SystemInit                               0x000021d1   Thumb Code   126  system_tm4c123gh6pm.o(i.SystemInit)
    main_blinky1(QXThread*)                  0x00002275   Thumb Code    16  main.o(i._Z12main_blinky1P8QXThread)
    main_blinky2(QXThread*)                  0x00002289   Thumb Code    40  main.o(i._Z12main_blinky2P8QXThread)
    main_blinky3(QXThread*)                  0x000022b5   Thumb Code    22  main.o(i._Z12main_blinky3P8QXThread)
    BSP_ledGreenOn()                         0x000022d1   Thumb Code     8  bsp.o(i._Z14BSP_ledGreenOnv)
    BSP_ledGreenOff()                        0x000022e5   Thumb Code     8  bsp.o(i._Z15BSP_ledGreenOffv)
    BSP_ledBlueToggle()                      0x000022f1   Thumb Code    50  bsp.o(i._Z17BSP_ledBlueTogglev)
    BSP_sendMorseCode(unsigned)              0x0000232d   Thumb Code    86  bsp.o(i._Z17BSP_sendMorseCodej)
    BSP_init()                               0x000023b1   Thumb Code   152  bsp.o(i._Z8BSP_initv)
    drawGraph(const Shape**)                 0x0000245d   Thumb Code    36  shape.o(i._Z9drawGraphPPK5Shape)
    Shape::moveBy(short, short)              0x00002481   Thumb Code    18  shape.o(i._ZN5Shape6moveByEss)
    Shape::Shape(short, short)               0x00002495   Thumb Code    10  shape.o(i._ZN5ShapeC1Ess)
    Shape::Shape__sub_object(short, short)   0x00002495   Thumb Code     0  shape.o(i._ZN5ShapeC1Ess)
    Circle::Circle(short, short, unsigned short) 0x000024a5   Thumb Code    36  circle.o(i._ZN6CircleC1Esst)
    Circle::Circle__sub_object(short, short, unsigned short) 0x000024a5   Thumb Code     0  circle.o(i._ZN6CircleC1Esst)
    Rectangle::Rectangle(short, short, unsigned short, unsigned short) 0x000024cd   Thumb Code    44  rectangle.o(i._ZN9RectangleC1Esstt)
    Rectangle::Rectangle__sub_object(short, short, unsigned short, unsigned short) 0x000024cd   Thumb Code     0  rectangle.o(i._ZN9RectangleC1Esstt)
    Shape::distanceFrom(const Shape*) const  0x000024fd   Thumb Code    42  shape.o(i._ZNK5Shape12distanceFromEPKS_)
    Shape::area() const                      0x00002527   Thumb Code     6  shape.o(i._ZNK5Shape4areaEv)
    Shape::draw() const                      0x0000252d   Thumb Code     2  shape.o(i._ZNK5Shape4drawEv)
    Circle::area() const                     0x0000252f   Thumb Code    14  circle.o(i._ZNK6Circle4areaEv)
    Circle::draw() const                     0x0000253d   Thumb Code     2  circle.o(i._ZNK6Circle4drawEv)
    Rectangle::area() const                  0x0000253f   Thumb Code    10  rectangle.o(i._ZNK9Rectangle4areaEv)
    Rectangle::draw() const                  0x00002549   Thumb Code     2  rectangle.o(i._ZNK9Rectangle4drawEv)
    operator delete (void*)                  0x0000254b   Thumb Code     8  delete.o(i._ZdlPv)
    operator new(unsigned)                   0x00002555   Thumb Code    34  new.o(i._Znwj)
    main                                     0x000026c5   Thumb Code   462  main.o(i.main)
    QP_versionStr                            0x000028f8   Data           7  qep_hsm.o(.constdata)
    vtable for Shape                         0x000029a4   Data          16  shape.o(.constdata__ZTV5Shape)
    vtable for Circle                        0x000029b4   Data          16  circle.o(.constdata__ZTV6Circle)
    vtable for Rectangle                     0x000029c4   Data          16  rectangle.o(.constdata__ZTV9Rectangle)
    Region$$Table$$Base                      0x000029d4   Number         0  anon$$obj.o(Region$$Table)
    Region$$Table$$Limit                     0x000029f4   Number         0  anon$$obj.o(Region$$Table)
    SHT$$INIT_ARRAY$$Base                    0x000029f4   Number         0  main.o(.init_array)
    SHT$$INIT_ARRAY$$Limit                   0x000029f8   Number         0  init_aeabi.o(.init_array)
    SW1_sema                                 0x20000008   Data           8  main.o(.data)
    s1                                       0x20000010   Data           8  main.o(.data)
    r1Arear1                                 0x20000018   Data           4  main.o(.data)
    a                                        0x2000001c   Data           4  main.o(.data)
    SystemCoreClock                          0x20000020   Data           4  system_tm4c123gh6pm.o(.data)
    QF_maxPool_                              0x20000024   Data           4  qf_dyn.o(.data)
    QF_subscrList_                           0x20000028   Data           4  qf_ps.o(.data)
    QF_maxPubSignal_                         0x2000002c   Data           4  qf_ps.o(.data)
    r1                                       0x20000030   Data          12  main.o(.bss)
    c1                                       0x2000003c   Data          12  main.o(.bss)
    stack_blinky1                            0x20000048   Data         160  main.o(.bss)
    blinky1                                  0x200000e8   Data          56  main.o(.bss)
    stack_blinky2                            0x20000120   Data         160  main.o(.bss)
    blinky2                                  0x200001c0   Data          56  main.o(.bss)
    stack_blinky3                            0x200001f8   Data         160  main.o(.bss)
    blinky3                                  0x20000298   Data          56  main.o(.bss)
    QF_active_                               0x200002d0   Data         132  qf_act.o(.bss)
    QF_pool_                                 0x20000354   Data          60  qf_dyn.o(.bss)
    QF_timeEvtHead_                          0x20000390   Data          32  qf_time.o(.bss)
    QXK_attr_                                0x200003b0   Data          20  qxk.o(.bss)
    __libspace_start                         0x200003ec   Data          96  libspace.o(.bss)
    __temporary_stack_top$libspace           0x2000044c   Data           0  libspace.o(.bss)



==============================================================================

Memory Map of the image

  Image Entry point : 0x000003d9

  Load Region LR_IROM1 (Base: 0x00000000, Size: 0x00002a28, Max: 0x00040000, ABSOLUTE)

    Execution Region ER_IROM1 (Exec base: 0x00000000, Load base: 0x00000000, Size: 0x000029f8, Max: 0x00040000, ABSOLUTE)

    Exec Addr    Load Addr    Size         Type   Attr      Idx    E Section Name        Object

    0x00000000   0x00000000   0x0000026c   Data   RO          518    RESET               startup_tm4c123gh6pm.o
    0x0000026c   0x0000026c   0x00000008   Code   RO         1416  * !!!main             c_w.l(__main.o)
    0x00000274   0x00000274   0x00000034   Code   RO         1892    !!!scatter          c_w.l(__scatter.o)
    0x000002a8   0x000002a8   0x0000001a   Code   RO         1894    !!handler_copy      c_w.l(__scatter_copy.o)
    0x000002c2   0x000002c2   0x00000002   PAD
    0x000002c4   0x000002c4   0x0000001c   Code   RO         1896    !!handler_zi        c_w.l(__scatter_zi.o)
    0x000002e0   0x000002e0   0x00000002   Code   RO         1801    .ARM.Collect$$libinit$$00000000  c_w.l(libinit.o)
    0x000002e2   0x000002e2   0x00000000   Code   RO         1606    .ARM.Collect$$libinit$$00000002  c_w.l(libinit2.o)
    0x000002e2   0x000002e2   0x00000000   Code   RO         1608    .ARM.Collect$$libinit$$00000004  c_w.l(libinit2.o)
    0x000002e2   0x000002e2   0x00000008   Code   RO         1609    .ARM.Collect$$libinit$$00000005  c_w.l(libinit2.o)
    0x000002ea   0x000002ea   0x00000000   Code   RO         1611    .ARM.Collect$$libinit$$0000000A  c_w.l(libinit2.o)
    0x000002ea   0x000002ea   0x00000000   Code   RO         1613    .ARM.Collect$$libinit$$0000000C  c_w.l(libinit2.o)
    0x000002ea   0x000002ea   0x00000000   Code   RO         1615    .ARM.Collect$$libinit$$0000000E  c_w.l(libinit2.o)
    0x000002ea   0x000002ea   0x00000000   Code   RO         1618    .ARM.Collect$$libinit$$00000011  c_w.l(libinit2.o)
    0x000002ea   0x000002ea   0x00000000   Code   RO         1620    .ARM.Collect$$libinit$$00000013  c_w.l(libinit2.o)
    0x000002ea   0x000002ea   0x00000000   Code   RO         1622    .ARM.Collect$$libinit$$00000015  c_w.l(libinit2.o)
    0x000002ea   0x000002ea   0x00000000   Code   RO         1624    .ARM.Collect$$libinit$$00000017  c_w.l(libinit2.o)
    0x000002ea   0x000002ea   0x00000000   Code   RO         1626    .ARM.Collect$$libinit$$00000019  c_w.l(libinit2.o)
    0x000002ea   0x000002ea   0x00000000   Code   RO         1628    .ARM.Collect$$libinit$$0000001B  c_w.l(libinit2.o)
    0x000002ea   0x000002ea   0x00000000   Code   RO         1630    .ARM.Collect$$libinit$$0000001D  c_w.l(libinit2.o)
    0x000002ea   0x000002ea   0x00000000   Code   RO         1632    .ARM.Collect$$libinit$$0000001F  c_w.l(libinit2.o)
    0x000002ea   0x000002ea   0x00000000   Code   RO         1634    .ARM.Collect$$libinit$$00000021  c_w.l(libinit2.o)
    0x000002ea   0x000002ea   0x00000000   Code   RO         1636    .ARM.Collect$$libinit$$00000023  c_w.l(libinit2.o)
    0x000002ea   0x000002ea   0x00000000   Code   RO         1638    .ARM.Collect$$libinit$$00000025  c_w.l(libinit2.o)
    0x000002ea   0x000002ea   0x00000000   Code   RO         1642    .ARM.Collect$$libinit$$0000002C  c_w.l(libinit2.o)
    0x000002ea   0x000002ea   0x00000000   Code   RO         1644    .ARM.Collect$$libinit$$0000002E  c_w.l(libinit2.o)
    0x000002ea   0x000002ea   0x00000000   Code   RO         1646    .ARM.Collect$$libinit$$00000030  c_w.l(libinit2.o)
    0x000002ea   0x000002ea   0x00000004   Code   RO         1647    .ARM.Collect$$libinit$$00000031  c_w.l(libinit2.o)
    0x000002ee   0x000002ee   0x00000000   Code   RO         1648    .ARM.Collect$$libinit$$00000032  c_w.l(libinit2.o)
    0x000002ee   0x000002ee   0x00000002   Code   RO         1649    .ARM.Collect$$libinit$$00000033  c_w.l(libinit2.o)
    0x000002f0   0x000002f0   0x00000002   Code   RO         1875    .ARM.Collect$$libshutdown$$00000000  c_w.l(libshutdown.o)
    0x000002f2   0x000002f2   0x00000000   Code   RO         1854    .ARM.Collect$$libshutdown$$00000002  c_w.l(libshutdown2.o)
    0x000002f2   0x000002f2   0x00000000   Code   RO         1856    .ARM.Collect$$libshutdown$$00000004  c_w.l(libshutdown2.o)
    0x000002f2   0x000002f2   0x00000000   Code   RO         1859    .ARM.Collect$$libshutdown$$00000007  c_w.l(libshutdown2.o)
    0x000002f2   0x000002f2   0x00000000   Code   RO         1862    .ARM.Collect$$libshutdown$$0000000A  c_w.l(libshutdown2.o)
    0x000002f2   0x000002f2   0x00000000   Code   RO         1864    .ARM.Collect$$libshutdown$$0000000C  c_w.l(libshutdown2.o)
    0x000002f2   0x000002f2   0x00000000   Code   RO         1867    .ARM.Collect$$libshutdown$$0000000F  c_w.l(libshutdown2.o)
    0x000002f2   0x000002f2   0x00000002   Code   RO         1868    .ARM.Collect$$libshutdown$$00000010  c_w.l(libshutdown2.o)
    0x000002f4   0x000002f4   0x00000000   Code   RO         1537    .ARM.Collect$$rtentry$$00000000  c_w.l(__rtentry.o)
    0x000002f4   0x000002f4   0x00000000   Code   RO         1688    .ARM.Collect$$rtentry$$00000002  c_w.l(__rtentry2.o)
    0x000002f4   0x000002f4   0x00000006   Code   RO         1700    .ARM.Collect$$rtentry$$00000004  c_w.l(__rtentry4.o)
    0x000002fa   0x000002fa   0x00000000   Code   RO         1690    .ARM.Collect$$rtentry$$00000009  c_w.l(__rtentry2.o)
    0x000002fa   0x000002fa   0x00000004   Code   RO         1691    .ARM.Collect$$rtentry$$0000000A  c_w.l(__rtentry2.o)
    0x000002fe   0x000002fe   0x00000000   Code   RO         1693    .ARM.Collect$$rtentry$$0000000C  c_w.l(__rtentry2.o)
    0x000002fe   0x000002fe   0x00000008   Code   RO         1694    .ARM.Collect$$rtentry$$0000000D  c_w.l(__rtentry2.o)
    0x00000306   0x00000306   0x00000002   Code   RO         1820    .ARM.Collect$$rtexit$$00000000  c_w.l(rtexit.o)
    0x00000308   0x00000308   0x00000000   Code   RO         1837    .ARM.Collect$$rtexit$$00000002  c_w.l(rtexit2.o)
    0x00000308   0x00000308   0x00000004   Code   RO         1838    .ARM.Collect$$rtexit$$00000003  c_w.l(rtexit2.o)
    0x0000030c   0x0000030c   0x00000006   Code   RO         1839    .ARM.Collect$$rtexit$$00000004  c_w.l(rtexit2.o)
    0x00000312   0x00000312   0x00000002   PAD
    0x00000314   0x00000314   0x000000c4   Code   RO         1386    .emb_text           qxk_port.o
    0x000003d8   0x000003d8   0x00000000   Code   RO         1775    .emb_text           c_w.l(maybetermalloc1.o)
    0x000003d8   0x000003d8   0x0000007c   Code   RO          519  * .text               startup_tm4c123gh6pm.o
    0x00000454   0x00000454   0x00000006   Code   RO         1414    .text               c_w.l(heapauxi.o)
    0x0000045a   0x0000045a   0x00000002   PAD
    0x0000045c   0x0000045c   0x00000024   Code   RO         1421    .text               c_w.l(init_aeabi.o)
    0x00000480   0x00000480   0x00000008   Code   RO         1541    .text               c_w.l(rt_new_handler_addr_intlibspace.o)
    0x00000488   0x00000488   0x0000005e   Code   RO         1547    .text               c_w.l(h1_alloc.o)
    0x000004e6   0x000004e6   0x0000004e   Code   RO         1549    .text               c_w.l(h1_free.o)
    0x00000534   0x00000534   0x00000004   Code   RO         1653    .text               cpprt_w.l(arm_newhandler_noexceptions.o)
    0x00000538   0x00000538   0x00000008   Code   RO         1682    .text               c_w.l(libspace.o)
    0x00000540   0x00000540   0x00000008   Code   RO         1705    .text               c_w.l(rt_heap_descriptor_intlibspace.o)
    0x00000548   0x00000548   0x00000004   Code   RO         1707    .text               c_w.l(hguard.o)
    0x0000054c   0x0000054c   0x0000008a   Code   RO         1709    .text               c_w.l(init_alloc.o)
    0x000005d6   0x000005d6   0x0000000e   Code   RO         1713    .text               c_w.l(h1_init.o)
    0x000005e4   0x000005e4   0x0000001a   Code   RO         1753    .text               cpprt_w.l(arm_exceptions_terminate.o)
    0x000005fe   0x000005fe   0x00000002   PAD
    0x00000600   0x00000600   0x00000050   Code   RO         1756    .text               cpprt_w.l(arm_exceptions_globs.o)
    0x00000650   0x00000650   0x0000004a   Code   RO         1766    .text               c_w.l(sys_stackheap_outer.o)
    0x0000069a   0x0000069a   0x00000002   PAD
    0x0000069c   0x0000069c   0x00000008   Code   RO         1771    .text               c_w.l(rt_eh_globals_addr_intlibspace.o)
    0x000006a4   0x000006a4   0x00000034   Code   RO         1777    .text               c_w.l(h1_extend.o)
    0x000006d8   0x000006d8   0x00000012   Code   RO         1781    .text               c_w.l(exit.o)
    0x000006ea   0x000006ea   0x00000016   Code   RO         1783    .text               c_w.l(abort.o)
    0x00000700   0x00000700   0x0000000e   Code   RO         1785    .text               c_w.l(defsig_rtmem_outer.o)
    0x0000070e   0x0000070e   0x0000003c   Code   RO         1805    .text               cpprt_w.l(arm_exceptions_mem.o)
    0x0000074a   0x0000074a   0x00000002   PAD
    0x0000074c   0x0000074c   0x0000000c   Code   RO         1815    .text               c_w.l(sys_exit.o)
    0x00000758   0x00000758   0x00000002   Code   RO         1817    .text               c_w.l(use_no_semi.o)
    0x0000075a   0x0000075a   0x00000000   Code   RO         1819    .text               c_w.l(indicate_semi.o)
    0x0000075a   0x0000075a   0x0000000a   Code   RO         1828    .text               c_w.l(defsig_exit.o)
    0x00000764   0x00000764   0x0000000e   Code   RO         1830    .text               c_w.l(defsig_abrt_outer.o)
    0x00000772   0x00000772   0x00000002   PAD
    0x00000774   0x00000774   0x00000050   Code   RO         1834    .text               c_w.l(defsig_rtmem_inner.o)
    0x000007c4   0x000007c4   0x00000032   Code   RO         1849    .text               c_w.l(defsig_general.o)
    0x000007f6   0x000007f6   0x00000002   PAD
    0x000007f8   0x000007f8   0x00000030   Code   RO         1851    .text               c_w.l(defsig_abrt_inner.o)
    0x00000828   0x00000828   0x0000000e   Code   RO         1869    .text               c_w.l(sys_wrch.o)
    0x00000836   0x00000836   0x00000002   PAD
    0x00000838   0x00000838   0x00000050   Code   RO            4    i.GPIOPortF_IRQHandler  bsp.o
    0x00000888   0x00000888   0x00000020   Code   RO          977    i.QActive_ctor      qf_qact.o
    0x000008a8   0x000008a8   0x00000088   Code   RO          711    i.QActive_get_      qf_actq.o
    0x00000930   0x00000930   0x000000b4   Code   RO          712    i.QActive_postLIFO_  qf_actq.o
    0x000009e4   0x000009e4   0x000000f0   Code   RO          713    i.QActive_post_     qf_actq.o
    0x00000ad4   0x00000ad4   0x000000a4   Code   RO         1115    i.QActive_start_    qxk.o
    0x00000b78   0x00000b78   0x00000018   Code   RO          994    i.QEQueue_init      qf_qeq.o
    0x00000b90   0x00000b90   0x00000054   Code   RO          645    i.QF_add_           qf_act.o
    0x00000be4   0x00000be4   0x00000016   Code   RO          646    i.QF_bzero          qf_act.o
    0x00000bfa   0x00000bfa   0x00000002   PAD
    0x00000bfc   0x00000bfc   0x00000078   Code   RO          831    i.QF_gc             qf_dyn.o
    0x00000c74   0x00000c74   0x00000006   Code   RO          715    i.QF_get_BASEPRI    qf_actq.o
    0x00000c7a   0x00000c7a   0x00000006   Code   RO         1043    i.QF_get_BASEPRI    qf_time.o
    0x00000c80   0x00000c80   0x00000006   Code   RO         1116    i.QF_get_BASEPRI    qxk.o
    0x00000c86   0x00000c86   0x00000006   Code   RO         1200    i.QF_get_BASEPRI    qxk_mutex.o
    0x00000c8c   0x00000c8c   0x00000006   Code   RO         1242    i.QF_get_BASEPRI    qxk_sema.o
    0x00000c92   0x00000c92   0x00000006   Code   RO         1284    i.QF_get_BASEPRI    qxk_xthr.o
    0x00000c98   0x00000c98   0x00000068   Code   RO         1117    i.QF_init           qxk.o
    0x00000d00   0x00000d00   0x00000078   Code   RO            6    i.QF_onStartup      bsp.o
    0x00000d78   0x00000d78   0x00000024   Code   RO         1118    i.QF_run            qxk.o
    0x00000d9c   0x00000d9c   0x00000006   Code   RO          648    i.QF_set_BASEPRI    qf_act.o
    0x00000da2   0x00000da2   0x00000006   Code   RO          716    i.QF_set_BASEPRI    qf_actq.o
    0x00000da8   0x00000da8   0x00000006   Code   RO          836    i.QF_set_BASEPRI    qf_dyn.o
    0x00000dae   0x00000dae   0x00000006   Code   RO          887    i.QF_set_BASEPRI    qf_mem.o
    0x00000db4   0x00000db4   0x00000006   Code   RO         1045    i.QF_set_BASEPRI    qf_time.o
    0x00000dba   0x00000dba   0x00000006   Code   RO         1119    i.QF_set_BASEPRI    qxk.o
    0x00000dc0   0x00000dc0   0x00000006   Code   RO         1201    i.QF_set_BASEPRI    qxk_mutex.o
    0x00000dc6   0x00000dc6   0x00000006   Code   RO         1243    i.QF_set_BASEPRI    qxk_sema.o
    0x00000dcc   0x00000dcc   0x00000006   Code   RO         1285    i.QF_set_BASEPRI    qxk_xthr.o
    0x00000dd2   0x00000dd2   0x00000002   PAD
    0x00000dd4   0x00000dd4   0x000000f8   Code   RO         1046    i.QF_tickX_         qf_time.o
    0x00000ecc   0x00000ecc   0x00000014   Code   RO          524    i.QHsm_ctor         qep_hsm.o
    0x00000ee0   0x00000ee0   0x0000010c   Code   RO          525    i.QHsm_dispatch_    qep_hsm.o
    0x00000fec   0x00000fec   0x000000b4   Code   RO          526    i.QHsm_init_        qep_hsm.o
    0x000010a0   0x000010a0   0x00000006   Code   RO          528    i.QHsm_top          qep_hsm.o
    0x000010a6   0x000010a6   0x00000002   PAD
    0x000010a8   0x000010a8   0x0000015c   Code   RO          529    i.QHsm_tran_        qep_hsm.o
    0x00001204   0x00001204   0x00000058   Code   RO          890    i.QMPool_put        qf_mem.o
    0x0000125c   0x0000125c   0x00000040   Code   RO          718    i.QTicker_dispatch_  qf_actq.o
    0x0000129c   0x0000129c   0x00000006   Code   RO          719    i.QTicker_init_     qf_actq.o
    0x000012a2   0x000012a2   0x00000002   PAD
    0x000012a4   0x000012a4   0x00000018   Code   RO          720    i.QTicker_postLIFO_  qf_actq.o
    0x000012bc   0x000012bc   0x00000080   Code   RO          721    i.QTicker_post_     qf_actq.o
    0x0000133c   0x0000133c   0x00000038   Code   RO         1048    i.QTimeEvt_ctorX    qf_time.o
    0x00001374   0x00001374   0x000000f8   Code   RO         1121    i.QXK_activate_     qxk.o
    0x0000146c   0x0000146c   0x00000006   Code   RO         1286    i.QXK_get_IPSR      qxk_xthr.o
    0x00001472   0x00001472   0x00000002   PAD
    0x00001474   0x00001474   0x0000006c   Code   RO         1387    i.QXK_init          qxk_port.o
    0x000014e0   0x000014e0   0x00000010   Code   RO            7    i.QXK_onIdle        bsp.o
    0x000014f0   0x000014f0   0x000000b0   Code   RO         1125    i.QXK_sched_        qxk.o
    0x000015a0   0x000015a0   0x000000ac   Code   RO         1388    i.QXK_stackInit_    qxk_port.o
    0x0000164c   0x0000164c   0x00000080   Code   RO         1287    i.QXK_threadRet_    qxk_xthr.o
    0x000016cc   0x000016cc   0x00000060   Code   RO         1202    i.QXMutex_init      qxk_mutex.o
    0x0000172c   0x0000172c   0x000001c8   Code   RO         1203    i.QXMutex_lock      qxk_mutex.o
    0x000018f4   0x000018f4   0x00000178   Code   RO         1205    i.QXMutex_unlock    qxk_mutex.o
    0x00001a6c   0x00001a6c   0x00000024   Code   RO         1244    i.QXSemaphore_init  qxk_sema.o
    0x00001a90   0x00001a90   0x000000c8   Code   RO         1245    i.QXSemaphore_signal  qxk_sema.o
    0x00001b58   0x00001b58   0x00000128   Code   RO         1247    i.QXSemaphore_wait  qxk_sema.o
    0x00001c80   0x00001c80   0x00000040   Code   RO         1288    i.QXThread_block_   qxk_xthr.o
    0x00001cc0   0x00001cc0   0x00000030   Code   RO         1289    i.QXThread_ctor     qxk_xthr.o
    0x00001cf0   0x00001cf0   0x000000bc   Code   RO         1290    i.QXThread_delay    qxk_xthr.o
    0x00001dac   0x00001dac   0x00000014   Code   RO         1292    i.QXThread_dispatch_  qxk_xthr.o
    0x00001dc0   0x00001dc0   0x00000014   Code   RO         1293    i.QXThread_init_    qxk_xthr.o
    0x00001dd4   0x00001dd4   0x00000018   Code   RO         1294    i.QXThread_postLIFO_  qxk_xthr.o
    0x00001dec   0x00001dec   0x00000140   Code   RO         1295    i.QXThread_post_    qxk_xthr.o
    0x00001f2c   0x00001f2c   0x000000a8   Code   RO         1297    i.QXThread_start_   qxk_xthr.o
    0x00001fd4   0x00001fd4   0x00000078   Code   RO         1298    i.QXThread_teArm_   qxk_xthr.o
    0x0000204c   0x0000204c   0x00000012   Code   RO         1299    i.QXThread_teDisarm_  qxk_xthr.o
    0x0000205e   0x0000205e   0x00000002   PAD
    0x00002060   0x00002060   0x00000034   Code   RO         1300    i.QXThread_unblock_  qxk_xthr.o
    0x00002094   0x00002094   0x00000044   Code   RO            8    i.Q_onAssert        bsp.o
    0x000020d8   0x000020d8   0x00000034   Code   RO            9    i.SysTick_Handler   bsp.o
    0x0000210c   0x0000210c   0x000000c4   Code   RO          455    i.SystemCoreClockUpdate  system_tm4c123gh6pm.o
    0x000021d0   0x000021d0   0x000000a4   Code   RO          456    i.SystemInit        system_tm4c123gh6pm.o
    0x00002274   0x00002274   0x00000014   Code   RO          224    i._Z12main_blinky1P8QXThread  main.o
    0x00002288   0x00002288   0x0000002c   Code   RO          225    i._Z12main_blinky2P8QXThread  main.o
    0x000022b4   0x000022b4   0x0000001c   Code   RO          226    i._Z12main_blinky3P8QXThread  main.o
    0x000022d0   0x000022d0   0x0000000c   Code   RO           14    i._Z14BSP_ledGreenOnv  bsp.o
    0x000022dc   0x000022dc   0x00000006   Code   RO           15    i._Z14QF_set_BASEPRIj  bsp.o
    0x000022e2   0x000022e2   0x00000002   PAD
    0x000022e4   0x000022e4   0x0000000c   Code   RO           16    i._Z15BSP_ledGreenOffv  bsp.o
    0x000022f0   0x000022f0   0x0000003c   Code   RO           17    i._Z17BSP_ledBlueTogglev  bsp.o
    0x0000232c   0x0000232c   0x0000005c   Code   RO           18    i._Z17BSP_sendMorseCodej  bsp.o
    0x00002388   0x00002388   0x00000028   Code   RO           20    i._Z18__NVIC_SetPriority9IRQn_Typej  bsp.o
    0x000023b0   0x000023b0   0x000000ac   Code   RO           21    i._Z8BSP_initv      bsp.o
    0x0000245c   0x0000245c   0x00000024   Code   RO          330    i._Z9drawGraphPPK5Shape  shape.o
    0x00002480   0x00002480   0x00000012   Code   RO          331    i._ZN5Shape6moveByEss  shape.o
    0x00002492   0x00002492   0x00000002   PAD
    0x00002494   0x00002494   0x00000010   Code   RO          332    i._ZN5ShapeC1Ess    shape.o
    0x000024a4   0x000024a4   0x00000028   Code   RO          421    i._ZN6CircleC1Esst  circle.o
    0x000024cc   0x000024cc   0x00000030   Code   RO          384    i._ZN9RectangleC1Esstt  rectangle.o
    0x000024fc   0x000024fc   0x0000002a   Code   RO          333    i._ZNK5Shape12distanceFromEPKS_  shape.o
    0x00002526   0x00002526   0x00000006   Code   RO          334    i._ZNK5Shape4areaEv  shape.o
    0x0000252c   0x0000252c   0x00000002   Code   RO          335    i._ZNK5Shape4drawEv  shape.o
    0x0000252e   0x0000252e   0x0000000e   Code   RO          422    i._ZNK6Circle4areaEv  circle.o
    0x0000253c   0x0000253c   0x00000002   Code   RO          423    i._ZNK6Circle4drawEv  circle.o
    0x0000253e   0x0000253e   0x0000000a   Code   RO          385    i._ZNK9Rectangle4areaEv  rectangle.o
    0x00002548   0x00002548   0x00000002   Code   RO          386    i._ZNK9Rectangle4drawEv  rectangle.o
    0x0000254a   0x0000254a   0x00000008   Code   RO         1424    i._ZdlPv            cpprt_w.l(delete.o)
    0x00002552   0x00002552   0x00000002   PAD
    0x00002554   0x00002554   0x00000028   Code   RO         1427    i._Znwj             cpprt_w.l(new.o)
    0x0000257c   0x0000257c   0x00000038   Code   RO          227    i.__sti___8_main_cpp_s1  main.o
    0x000025b4   0x000025b4   0x000000f8   Code   RO          457    i.getOscClk         system_tm4c123gh6pm.o
    0x000026ac   0x000026ac   0x00000018   Code   RO         1126    i.initial_events    qxk.o
    0x000026c4   0x000026c4   0x00000210   Code   RO          228    i.main              main.o
    0x000028d4   0x000028d4   0x0000001c   Data   RO          236    .constdata          main.o
    0x000028f0   0x000028f0   0x00000028   Data   RO          530    .constdata          qep_hsm.o
    0x00002918   0x00002918   0x00000007   Data   RO          650    .constdata          qf_act.o
    0x0000291f   0x0000291f   0x00000001   PAD
    0x00002920   0x00002920   0x00000020   Data   RO          722    .constdata          qf_actq.o
    0x00002940   0x00002940   0x00000007   Data   RO          838    .constdata          qf_dyn.o
    0x00002947   0x00002947   0x00000007   Data   RO          891    .constdata          qf_mem.o
    0x0000294e   0x0000294e   0x00000002   PAD
    0x00002950   0x00002950   0x00000014   Data   RO          978    .constdata          qf_qact.o
    0x00002964   0x00002964   0x00000008   Data   RO         1054    .constdata          qf_time.o
    0x0000296c   0x0000296c   0x00000004   Data   RO         1128    .constdata          qxk.o
    0x00002970   0x00002970   0x0000000a   Data   RO         1206    .constdata          qxk_mutex.o
    0x0000297a   0x0000297a   0x00000009   Data   RO         1248    .constdata          qxk_sema.o
    0x00002983   0x00002983   0x00000001   PAD
    0x00002984   0x00002984   0x00000020   Data   RO         1301    .constdata          qxk_xthr.o
    0x000029a4   0x000029a4   0x00000010   Data   RO          372    .constdata__ZTV5Shape  shape.o
    0x000029b4   0x000029b4   0x00000010   Data   RO          443    .constdata__ZTV6Circle  circle.o
    0x000029c4   0x000029c4   0x00000010   Data   RO          406    .constdata__ZTV9Rectangle  rectangle.o
    0x000029d4   0x000029d4   0x00000020   Data   RO         1890    Region$$Table       anon$$obj.o
    0x000029f4   0x000029f4   0x00000004   Data   RO          238    .init_array         main.o
    0x000029f8   0x000029f4   0x00000000   Data   RO         1419    .init_array         c_w.l(init_aeabi.o)


    Execution Region RW_IRAM1 (Exec base: 0x20000000, Load base: 0x000029f8, Size: 0x00000c50, Max: 0x00008000, ABSOLUTE)

    Exec Addr    Load Addr    Size         Type   Attr      Idx    E Section Name        Object

    0x20000000   0x000029f8   0x00000008   Data   RW           40    .data               bsp.o
    0x20000008   0x00002a00   0x00000018   Data   RW          237    .data               main.o
    0x20000020   0x00002a18   0x00000004   Data   RW          458    .data               system_tm4c123gh6pm.o
    0x20000024   0x00002a1c   0x00000004   Data   RW          839    .data               qf_dyn.o
    0x20000028   0x00002a20   0x00000008   Data   RW          931    .data               qf_ps.o
    0x20000030        -       0x000002a0   Zero   RW          235    .bss                main.o
    0x200002d0        -       0x00000084   Zero   RW          649    .bss                qf_act.o
    0x20000354        -       0x0000003c   Zero   RW          837    .bss                qf_dyn.o
    0x20000390        -       0x00000020   Zero   RW         1053    .bss                qf_time.o
    0x200003b0        -       0x0000003c   Zero   RW         1127    .bss                qxk.o
    0x200003ec        -       0x00000060   Zero   RW         1683    .bss                c_w.l(libspace.o)
    0x2000044c   0x00002a28   0x00000004   PAD
    0x20000450        -       0x00000400   Zero   RW          517    HEAP                startup_tm4c123gh6pm.o
    0x20000850        -       0x00000400   Zero   RW          516    STACK               startup_tm4c123gh6pm.o


==============================================================================

Image component sizes


      Code (inc. data)   RO Data    RW Data    ZI Data      Debug   Object Name

       730         88          0          8          0      72564   bsp.o
        56          4         16          0          0       1740   circle.o
       676         94         32         24        672      14398   main.o
       822         40         40          0          0       8573   qep_hsm.o
       112         10          7          0        132      12202   qf_act.o
       790         36         32          0          0      16282   qf_actq.o
       126         14          7          4         60       1943   qf_dyn.o
        94          6          7          0          0       1801   qf_mem.o
         0          0          0          8          0        766   qf_ps.o
        32          4         20          0          0        931   qf_qact.o
        24          0          0          0          0        995   qf_qeq.o
       316         14          8          0         32       3083   qf_time.o
       764         72          4          0         60       6737   qxk.o
       940         34         10          0          0       4107   qxk_mutex.o
       476         48          0          0          0       2488   qxk_port.o
       544         28          9          0          0       3931   qxk_sema.o
      1188         92         32          0          0       9723   qxk_xthr.o
        60          4         16          0          0       3560   rectangle.o
       120          6         16          0          0       5356   shape.o
       124         28        620          0       2048        992   startup_tm4c123gh6pm.o
       608        140          0          4          0       8235   system_tm4c123gh6pm.o

    ----------------------------------------------------------------------
      8618        762        912         48       3004     180407   Object Totals
         0          0         32          0          0          0   (incl. Generated)
        16          0          4          0          0          0   (incl. Padding)

    ----------------------------------------------------------------------

      Code (inc. data)   RO Data    RW Data    ZI Data      Debug   Library Member Name

         8          0          0          0          0         68   __main.o
         0          0          0          0          0          0   __rtentry.o
        12          0          0          0          0          0   __rtentry2.o
         6          0          0          0          0          0   __rtentry4.o
        52          8          0          0          0          0   __scatter.o
        26          0          0          0          0          0   __scatter_copy.o
        28          0          0          0          0          0   __scatter_zi.o
        22          0          0          0          0         80   abort.o
        48         34          0          0          0         76   defsig_abrt_inner.o
        14          0          0          0          0         80   defsig_abrt_outer.o
        10          0          0          0          0         68   defsig_exit.o
        50          0          0          0          0         88   defsig_general.o
        80         58          0          0          0         76   defsig_rtmem_inner.o
        14          0          0          0          0         80   defsig_rtmem_outer.o
        18          0          0          0          0         80   exit.o
        94          0          0          0          0         80   h1_alloc.o
        52          0          0          0          0         68   h1_extend.o
        78          0          0          0          0         80   h1_free.o
        14          0          0          0          0         84   h1_init.o
         6          0          0          0          0        152   heapauxi.o
         4          0          0          0          0        136   hguard.o
         0          0          0          0          0          0   indicate_semi.o
        36         10          0          0          0         80   init_aeabi.o
       138          0          0          0          0        168   init_alloc.o
         2          0          0          0          0          0   libinit.o
        14          0          0          0          0          0   libinit2.o
         2          0          0          0          0          0   libshutdown.o
         2          0          0          0          0          0   libshutdown2.o
         8          4          0          0         96         68   libspace.o
         0          0          0          0          0          0   maybetermalloc1.o
         8          4          0          0          0         68   rt_eh_globals_addr_intlibspace.o
         8          4          0          0          0         68   rt_heap_descriptor_intlibspace.o
         8          4          0          0          0         68   rt_new_handler_addr_intlibspace.o
         2          0          0          0          0          0   rtexit.o
        10          0          0          0          0          0   rtexit2.o
        12          4          0          0          0         68   sys_exit.o
        74          0          0          0          0         80   sys_stackheap_outer.o
        14          0          0          0          0         76   sys_wrch.o
         2          0          0          0          0         68   use_no_semi.o
        80         12          0          0          0        104   arm_exceptions_globs.o
        60          0          0          0          0        108   arm_exceptions_mem.o
        26          0          0          0          0         76   arm_exceptions_terminate.o
         4          0          0          0          0         68   arm_newhandler_noexceptions.o
         8          0          0          0          0         76   delete.o
        40          6          0          0          0         76   new.o

    ----------------------------------------------------------------------
      1214        148          0          0        100       2616   Library Totals
        20          0          0          0          4          0   (incl. Padding)

    ----------------------------------------------------------------------

      Code (inc. data)   RO Data    RW Data    ZI Data      Debug   Library Name

       976        130          0          0         96       2108   c_w.l
       218         18          0          0          0        508   cpprt_w.l

    ----------------------------------------------------------------------
      1214        148          0          0        100       2616   Library Totals

    ----------------------------------------------------------------------

==============================================================================


      Code (inc. data)   RO Data    RW Data    ZI Data      Debug   

      9832        910        912         48       3104     176883   Grand Totals
      9832        910        912         48       3104     176883   ELF Image Totals
      9832        910        912         48          0          0   ROM Totals

==============================================================================

    Total RO  Size (Code + RO Data)                10744 (  10.49kB)
    Total RW  Size (RW Data + ZI Data)              3152 (   3.08kB)
    Total ROM Size (Code + RO Data + RW Data)      10792 (  10.54kB)

==============================================================================

