Component: ARM Compiler 5.06 update 5 (build 528) Tool: armlink [4d35e2]

==============================================================================

Section Cross References

    bsp.o(i.BSP_init) refers to qxk_mutex.o(i.QXMutex_init) for QXMutex_init
    bsp.o(i.BSP_init) refers to bsp.o(.data) for Morse_mutex
    bsp.o(i.BSP_ledBlueToggle) refers to bsp.o(i.QF_set_BASEPRI) for QF_set_BASEPRI
    bsp.o(i.BSP_ledGreenToggle) refers to bsp.o(i.QF_set_BASEPRI) for QF_set_BASEPRI
    bsp.o(i.BSP_sendMorseCode) refers to qxk_mutex.o(i.QXMutex_lock) for QXMutex_lock
    bsp.o(i.BSP_sendMorseCode) refers to bsp.o(i.BSP_ledGreenOn) for BSP_ledGreenOn
    bsp.o(i.BSP_sendMorseCode) refers to bsp.o(i.BSP_ledGreenOff) for BSP_ledGreenOff
    bsp.o(i.BSP_sendMorseCode) refers to qxk_mutex.o(i.QXMutex_unlock) for QXMutex_unlock
    bsp.o(i.BSP_sendMorseCode) refers to bsp.o(.data) for Morse_mutex
    bsp.o(i.GPIOPortF_IRQHandler) refers to qxk_sema.o(i.QXSemaphore_signal) for QXSemaphore_signal
    bsp.o(i.GPIOPortF_IRQHandler) refers to bsp.o(i.QF_set_BASEPRI) for QF_set_BASEPRI
    bsp.o(i.GPIOPortF_IRQHandler) refers to qxk.o(i.QXK_sched_) for QXK_sched_
    bsp.o(i.GPIOPortF_IRQHandler) refers to main.o(.data) for SW1_sema
    bsp.o(i.QF_onStartup) refers to system_tm4c123gh6pm.o(i.SystemCoreClockUpdate) for SystemCoreClockUpdate
    bsp.o(i.QF_onStartup) refers to bsp.o(i.__NVIC_SetPriority) for __NVIC_SetPriority
    bsp.o(i.QF_onStartup) refers to system_tm4c123gh6pm.o(.data) for SystemCoreClock
    bsp.o(i.SysTick_Handler) refers to qf_time.o(i.QF_tickX_) for QF_tickX_
    bsp.o(i.SysTick_Handler) refers to bsp.o(i.QF_set_BASEPRI) for QF_set_BASEPRI
    bsp.o(i.SysTick_Handler) refers to qxk.o(i.QXK_sched_) for QXK_sched_
    main.o(i.main) refers to h1_alloc.o(.text) for malloc
    main.o(i.main) refers to shape.o(i.shape_constructor) for shape_constructor
    main.o(i.main) refers to rectangle.o(i.Rectangle_ctor) for Rectangle_ctor
    main.o(i.main) refers to shape.o(i.shape_moveBy) for shape_moveBy
    main.o(i.main) refers to shape.o(i.shape_distanceFrom) for shape_distanceFrom
    main.o(i.main) refers to bsp.o(i.Q_onAssert) for Q_onAssert
    main.o(i.main) refers to rectangle.o(i.Rectangle_draw) for Rectangle_draw
    main.o(i.main) refers to rectangle.o(i.Rectangle_area) for Rectangle_area
    main.o(i.main) refers to h1_free.o(.text) for free
    main.o(i.main) refers to qxk.o(i.QF_init) for QF_init
    main.o(i.main) refers to bsp.o(i.BSP_init) for BSP_init
    main.o(i.main) refers to qxk_sema.o(i.QXSemaphore_init) for QXSemaphore_init
    main.o(i.main) refers to qxk_xthr.o(i.QXThread_ctor) for QXThread_ctor
    main.o(i.main) refers to qxk.o(i.QF_run) for QF_run
    main.o(i.main) refers to main.o(.data) for s1
    main.o(i.main) refers to main.o(.constdata) for Q_this_module_
    main.o(i.main) refers to main.o(i.main_blinky1) for main_blinky1
    main.o(i.main) refers to main.o(.bss) for blinky1
    main.o(i.main) refers to main.o(i.main_blinky2) for main_blinky2
    main.o(i.main) refers to main.o(i.main_blinky3) for main_blinky3
    main.o(i.main_blinky1) refers to bsp.o(i.BSP_sendMorseCode) for BSP_sendMorseCode
    main.o(i.main_blinky1) refers to qxk_xthr.o(i.QXThread_delay) for QXThread_delay
    main.o(i.main_blinky2) refers to qxk_sema.o(i.QXSemaphore_wait) for QXSemaphore_wait
    main.o(i.main_blinky2) refers to bsp.o(i.BSP_ledBlueToggle) for BSP_ledBlueToggle
    main.o(i.main_blinky2) refers to main.o(.data) for SW1_sema
    main.o(i.main_blinky3) refers to bsp.o(i.BSP_sendMorseCode) for BSP_sendMorseCode
    main.o(i.main_blinky3) refers to qxk_xthr.o(i.QXThread_delay) for QXThread_delay
    rectangle.o(i.Rectangle_ctor) refers to shape.o(i.shape_constructor) for shape_constructor
    system_tm4c123gh6pm.o(i.SystemCoreClockUpdate) refers to system_tm4c123gh6pm.o(i.getOscClk) for getOscClk
    system_tm4c123gh6pm.o(i.SystemCoreClockUpdate) refers to system_tm4c123gh6pm.o(.data) for SystemCoreClock
    startup_tm4c123gh6pm.o(STACK) refers (Special) to heapauxi.o(.text) for __use_two_region_memory
    startup_tm4c123gh6pm.o(HEAP) refers (Special) to heapauxi.o(.text) for __use_two_region_memory
    startup_tm4c123gh6pm.o(RESET) refers (Special) to heapauxi.o(.text) for __use_two_region_memory
    startup_tm4c123gh6pm.o(RESET) refers to startup_tm4c123gh6pm.o(STACK) for __initial_sp
    startup_tm4c123gh6pm.o(RESET) refers to startup_tm4c123gh6pm.o(.text) for Reset_Handler
    startup_tm4c123gh6pm.o(RESET) refers to qxk_port.o(.emb_text) for NMI_Handler
    startup_tm4c123gh6pm.o(RESET) refers to bsp.o(i.SysTick_Handler) for SysTick_Handler
    startup_tm4c123gh6pm.o(RESET) refers to bsp.o(i.GPIOPortF_IRQHandler) for GPIOPortF_IRQHandler
    startup_tm4c123gh6pm.o(.text) refers (Special) to heapauxi.o(.text) for __use_two_region_memory
    startup_tm4c123gh6pm.o(.text) refers to bsp.o(i.Q_onAssert) for Q_onAssert
[...]

    Symbol Name                              Value     Ov Type        Size  Object(Section)

    RESET                                    0x00000000   Section      620  startup_tm4c123gh6pm.o(RESET)
    ../clib/angel/boardlib.s                 0x00000000   Number         0  boardshut.o ABSOLUTE
    ../clib/angel/boardlib.s                 0x00000000   Number         0  boardinit1.o ABSOLUTE
    ../clib/angel/boardlib.s                 0x00000000   Number         0  boardinit2.o ABSOLUTE
    ../clib/angel/boardlib.s                 0x00000000   Number         0  boardinit3.o ABSOLUTE
    ../clib/angel/handlers.s                 0x00000000   Number         0  __scatter_copy.o ABSOLUTE
    ../clib/angel/handlers.s                 0x00000000   Number         0  __scatter_zi.o ABSOLUTE
    ../clib/angel/kernel.s                   0x00000000   Number         0  rtexit.o ABSOLUTE
    ../clib/angel/kernel.s                   0x00000000   Number         0  __rtentry4.o ABSOLUTE
    ../clib/angel/kernel.s                   0x00000000   Number         0  rtexit2.o ABSOLUTE
    ../clib/angel/kernel.s                   0x00000000   Number         0  __rtentry2.o ABSOLUTE
    ../clib/angel/kernel.s                   0x00000000   Number         0  __rtentry.o ABSOLUTE
    ../clib/angel/rt.s                       0x00000000   Number         0  rt_heap_descriptor.o ABSOLUTE
    ../clib/angel/rt.s                       0x00000000   Number         0  rt_raise.o ABSOLUTE
    ../clib/angel/rt.s                       0x00000000   Number         0  rt_heap_descriptor_intlibspace.o ABSOLUTE
    ../clib/angel/scatter.s                  0x00000000   Number         0  __scatter.o ABSOLUTE
    ../clib/angel/startup.s                  0x00000000   Number         0  __main.o ABSOLUTE
    ../clib/angel/sys.s                      0x00000000   Number         0  use_no_semi.o ABSOLUTE
    ../clib/angel/sys.s                      0x00000000   Number         0  sys_stackheap_outer.o ABSOLUTE
    ../clib/angel/sys.s                      0x00000000   Number         0  indicate_semi.o ABSOLUTE
    ../clib/angel/sys.s                      0x00000000   Number         0  libspace.o ABSOLUTE
    ../clib/angel/sys.s                      0x00000000   Number         0  mutex_dummy.o ABSOLUTE
    ../clib/angel/sysapp.c                   0x00000000   Number         0  sys_wrch.o ABSOLUTE
    ../clib/angel/sysapp.c                   0x00000000   Number         0  sys_exit.o ABSOLUTE
    ../clib/angel/sysapp.c                   0x00000000   Number         0  sys_command.o ABSOLUTE
    ../clib/armsys.c                         0x00000000   Number         0  _get_argv.o ABSOLUTE
    ../clib/armsys.c                         0x00000000   Number         0  argv_veneer.o ABSOLUTE
    ../clib/armsys.c                         0x00000000   Number         0  argv_veneer.o ABSOLUTE
    ../clib/armsys.c                         0x00000000   Number         0  no_argv.o ABSOLUTE
    ../clib/armsys.c                         0x00000000   Number         0  _get_argv_nomalloc.o ABSOLUTE
    ../clib/heap1.c                          0x00000000   Number         0  h1_final_mt.o ABSOLUTE
    ../clib/heap1.c                          0x00000000   Number         0  h1_init.o ABSOLUTE
    ../clib/heap1.c                          0x00000000   Number         0  h1_init_mt.o ABSOLUTE
    ../clib/heap1.c                          0x00000000   Number         0  h1_alloc.o ABSOLUTE
    ../clib/heap1.c                          0x00000000   Number         0  h1_free_mt.o ABSOLUTE
    ../clib/heap1.c                          0x00000000   Number         0  h1_alloc_mt.o ABSOLUTE
    ../clib/heap1.c                          0x00000000   Number         0  h1_extend.o ABSOLUTE
    ../clib/heap1.c                          0x00000000   Number         0  h1_final.o ABSOLUTE
    ../clib/heap1.c                          0x00000000   Number         0  h1_extend_mt.o ABSOLUTE
    ../clib/heap1.c                          0x00000000   Number         0  h1_free.o ABSOLUTE
    ../clib/heap2.c                          0x00000000   Number         0  fdtree.o ABSOLUTE
    ../clib/heap2.c                          0x00000000   Number         0  heap2.o ABSOLUTE
    ../clib/heap2.c                          0x00000000   Number         0  heap2mt.o ABSOLUTE
    ../clib/heapalloc.c                      0x00000000   Number         0  heapstubs.o ABSOLUTE
    ../clib/heapalloc.c                      0x00000000   Number         0  init_alloc.o ABSOLUTE
    ../clib/heapalloc.c                      0x00000000   Number         0  hguard.o ABSOLUTE
    ../clib/heapalloc.c                      0x00000000   Number         0  maybetermalloc2.o ABSOLUTE
    ../clib/heapalloc.c                      0x00000000   Number         0  maybetermalloc2.o ABSOLUTE
    ../clib/heapalloc.c                      0x00000000   Number         0  term_alloc.o ABSOLUTE
    ../clib/heapalloc.c                      0x00000000   Number         0  maybetermalloc1.o ABSOLUTE
    ../clib/heapalloc.c                      0x00000000   Number         0  malloc.o ABSOLUTE
    ../clib/heapalloc.c                      0x00000000   Number         0  hrguard.o ABSOLUTE
    ../clib/heapalloc.c                      0x00000000   Number         0  maybetermalloc1.o ABSOLUTE
    ../clib/heapalloc.c                      0x00000000   Number         0  free.o ABSOLUTE
    ../clib/heapaux.c                        0x00000000   Number         0  heapauxi.o ABSOLUTE
    ../clib/heapaux.c                        0x00000000   Number         0  heapauxa.o ABSOLUTE
    ../clib/libinit.s                        0x00000000   Number         0  libinit.o ABSOLUTE
    ../clib/libinit.s                        0x00000000   Number         0  libshutdown.o ABSOLUTE
    ../clib/libinit.s                        0x00000000   Number         0  libinit2.o ABSOLUTE
    ../clib/libinit.s                        0x00000000   Number         0  libshutdown2.o ABSOLUTE
    ../clib/memcpset.s                       0x00000000   Number         0  rt_memcpy_w.o ABSOLUTE
    ../clib/signal.c                         0x00000000   Number         0  defsig_abrt_inner.o ABSOLUTE
    ../clib/signal.c                         0x00000000   Number         0  defsig_rtmem_inner.o ABSOLUTE
    ../clib/signal.c                         0x00000000   Number         0  defsig_exit.o ABSOLUTE
    ../clib/signal.c                         0x00000000   Number         0  defsig_general.o ABSOLUTE
    ../clib/signal.c                         0x00000000   Number         0  __raise.o ABSOLUTE
    ../clib/signal.c                         0x00000000   Number         0  defsig_rtmem_formal.o ABSOLUTE
    ../clib/signal.c                         0x00000000   Number         0  defsig_rtmem_outer.o ABSOLUTE
    ../clib/signal.c                         0x00000000   Number         0  defsig_other.o ABSOLUTE
    ../clib/signal.c                         0x00000000   Number         0  defsig_segv_inner.o ABSOLUTE
    ../clib/signal.c                         0x00000000   Number         0  defsig_cppl_inner.o ABSOLUTE
    ../clib/signal.c                         0x00000000   Number         0  defsig_pvfn_inner.o ABSOLUTE
    ../clib/signal.c                         0x00000000   Number         0  defsig_stak_inner.o ABSOLUTE
    ../clib/signal.c                         0x00000000   Number         0  defsig_rtred_inner.o ABSOLUTE
    ../clib/signal.c                         0x00000000   Number         0  defsig_fpe_inner.o ABSOLUTE
    ../clib/signal.s                         0x00000000   Number         0  defsig.o ABSOLUTE
    ../clib/stdlib.c                         0x00000000   Number         0  exit.o ABSOLUTE
    ../fplib/fpinit.s                        0x00000000   Number         0  fpinit.o ABSOLUTE
    ..\\qpc\\3rd_party\\ek-tm4c123gxl\\system_TM4C123GH6PM.c 0x00000000   Number         0  system_tm4c123gh6pm.o ABSOLUTE
    ..\\qpc\\ports\\arm-cm\\qxk\\arm\\qxk_port.c 0x00000000   Number         0  qxk_port.o ABSOLUTE
    ..\qpc\3rd_party\ek-tm4c123gxl\arm\startup_TM4C123GH6PM.s 0x00000000   Number         0  startup_tm4c123gh6pm.o ABSOLUTE
    ..\qpc\3rd_party\ek-tm4c123gxl\system_TM4C123GH6PM.c 0x00000000   Number         0  system_tm4c123gh6pm.o ABSOLUTE
    ..\qpc\ports\arm-cm\qxk\arm\qxk_port.c   0x00000000   Number         0  qxk_port.o ABSOLUTE
    ..\qpc\src\qf\qep_hsm.c                  0x00000000   Number         0  qep_hsm.o ABSOLUTE
    ..\qpc\src\qf\qep_msm.c                  0x00000000   Number         0  qep_msm.o ABSOLUTE
    ..\qpc\src\qf\qf_act.c                   0x00000000   Number         0  qf_act.o ABSOLUTE
    ..\qpc\src\qf\qf_actq.c                  0x00000000   Number         0  qf_actq.o ABSOLUTE
    ..\qpc\src\qf\qf_defer.c                 0x00000000   Number         0  qf_defer.o ABSOLUTE
    ..\qpc\src\qf\qf_dyn.c                   0x00000000   Number         0  qf_dyn.o ABSOLUTE
    ..\qpc\src\qf\qf_mem.c                   0x00000000   Number         0  qf_mem.o ABSOLUTE
    ..\qpc\src\qf\qf_ps.c                    0x00000000   Number         0  qf_ps.o ABSOLUTE
    ..\qpc\src\qf\qf_qact.c                  0x00000000   Number         0  qf_qact.o ABSOLUTE
    ..\qpc\src\qf\qf_qeq.c                   0x00000000   Number         0  qf_qeq.o ABSOLUTE
    ..\qpc\src\qf\qf_qmact.c                 0x00000000   Number         0  qf_qmact.o ABSOLUTE
    ..\qpc\src\qf\qf_time.c                  0x00000000   Number         0  qf_time.o ABSOLUTE
    ..\qpc\src\qxk\qxk.c                     0x00000000   Number         0  qxk.o ABSOLUTE
    ..\qpc\src\qxk\qxk_mutex.c               0x00000000   Number         0  qxk_mutex.o ABSOLUTE
    ..\qpc\src\qxk\qxk_sema.c                0x00000000   Number         0  qxk_sema.o ABSOLUTE
    ..\qpc\src\qxk\qxk_xthr.c                0x00000000   Number         0  qxk_xthr.o ABSOLUTE
    bsp.c                                    0x00000000   Number         0  bsp.o ABSOLUTE
    bsp.c                                    0x00000000   Number         0  bsp.o ABSOLUTE
    dc.s                                     0x00000000   Number         0  dc.o ABSOLUTE
    main.c                                   0x00000000   Number         0  main.o ABSOLUTE
    rectangle.c                              0x00000000   Number         0  rectangle.o ABSOLUTE
    shape.c                                  0x00000000   Number         0  shape.o ABSOLUTE
    !!!main                                  0x0000026c   Section        8  __main.o(!!!main)
    !!!scatter                               0x00000274   Section       52  __scatter.o(!!!scatter)
    !!handler_copy                           0x000002a8   Section       26  __scatter_copy.o(!!handler_copy)
    !!handler_zi                             0x000002c4   Section       28  __scatter_zi.o(!!handler_zi)
    .ARM.Collect$$libinit$$00000000          0x000002e0   Section        2  libinit.o(.ARM.Collect$$libinit$$00000000)
    .ARM.Collect$$libinit$$00000002          0x000002e2   Section        0  libinit2.o(.ARM.Collect$$libinit$$00000002)
    .ARM.Collect$$libinit$$00000004          0x000002e2   Section        0  libinit2.o(.ARM.Collect$$libinit$$00000004)
    .ARM.Collect$$libinit$$00000005          0x000002e2   Section        8  libinit2.o(.ARM.Collect$$libinit$$00000005)
    .ARM.Collect$$libinit$$0000000A          0x000002ea   Section        0  libinit2.o(.ARM.Collect$$libinit$$0000000A)
    .ARM.Collect$$libinit$$0000000C          0x000002ea   Section        0  libinit2.o(.ARM.Collect$$libinit$$0000000C)
    .ARM.Collect$$libinit$$0000000E          0x000002ea   Section        0  libinit2.o(.ARM.Collect$$libinit$$0000000E)
    .ARM.Collect$$libinit$$00000011          0x000002ea   Section        0  libinit2.o(.ARM.Collect$$libinit$$00000011)
    .ARM.Collect$$libinit$$00000013          0x000002ea   Section        0  libinit2.o(.ARM.Collect$$libinit$$00000013)
    .ARM.Collect$$libinit$$00000015          0x000002ea   Section        0  libinit2.o(.ARM.Collect$$libinit$$00000015)
    .ARM.Collect$$libinit$$00000017          0x000002ea   Section        0  libinit2.o(.ARM.Collect$$libinit$$00000017)
    .ARM.Collect$$libinit$$00000019          0x000002ea   Section        0  libinit2.o(.ARM.Collect$$libinit$$00000019)
    .ARM.Collect$$libinit$$0000001B          0x000002ea   Section        0  libinit2.o(.ARM.Collect$$libinit$$0000001B)
    .ARM.Collect$$libinit$$0000001D          0x000002ea   Section        0  libinit2.o(.ARM.Collect$$libinit$$0000001D)
    .ARM.Collect$$libinit$$0000001F          0x000002ea   Section        0  libinit2.o(.ARM.Collect$$libinit$$0000001F)
    .ARM.Collect$$libinit$$00000021          0x000002ea   Section        0  libinit2.o(.ARM.Collect$$libinit$$00000021)
    .ARM.Collect$$libinit$$00000023          0x000002ea   Section        0  libinit2.o(.ARM.Collect$$libinit$$00000023)
    .ARM.Collect$$libinit$$00000025          0x000002ea   Section        0  libinit2.o(.ARM.Collect$$libinit$$00000025)
    .ARM.Collect$$libinit$$0000002C          0x000002ea   Section        0  libinit2.o(.ARM.Collect$$libinit$$0000002C)
    .ARM.Collect$$libinit$$0000002E          0x000002ea   Section        0  libinit2.o(.ARM.Collect$$libinit$$0000002E)
    .ARM.Collect$$libinit$$00000030          0x000002ea   Section        0  libinit2.o(.ARM.Collect$$libinit$$00000030)
    .ARM.Collect$$libinit$$00000032          0x000002ea   Section        0  libinit2.o(.ARM.Collect$$libinit$$00000032)
    .ARM.Collect$$libinit$$00000033          0x000002ea   Section        2  libinit2.o(.ARM.Collect$$libinit$$00000033)
    .ARM.Collect$$libshutdown$$00000000      0x000002ec   Section        2  libshutdown.o(.ARM.Collect$$libshutdown$$00000000)
    .ARM.Collect$$libshutdown$$00000002      0x000002ee   Section        0  libshutdown2.o(.ARM.Collect$$libshutdown$$00000002)
    .ARM.Collect$$libshutdown$$00000004      0x000002ee   Section        0  libshutdown2.o(.ARM.Collect$$libshutdown$$00000004)
    .ARM.Collect$$libshutdown$$00000007      0x000002ee   Section        0  libshutdown2.o(.ARM.Collect$$libshutdown$$00000007)
    .ARM.Collect$$libshutdown$$0000000A      0x000002ee   Section        0  libshutdown2.o(.ARM.Collect$$libshutdown$$0000000A)
    .ARM.Collect$$libshutdown$$0000000C      0x000002ee   Section        0  libshutdown2.o(.ARM.Collect$$libshutdown$$0000000C)
    .ARM.Collect$$libshutdown$$0000000F      0x000002ee   Section        0  libshutdown2.o(.ARM.Collect$$libshutdown$$0000000F)
    .ARM.Collect$$libshutdown$$00000010      0x000002ee   Section        2  libshutdown2.o(.ARM.Collect$$libshutdown$$00000010)
    .ARM.Collect$$rtentry$$00000000          0x000002f0   Section        0  __rtentry.o(.ARM.Collect$$rtentry$$00000000)
    .ARM.Collect$$rtentry$$00000002          0x000002f0   Section        0  __rtentry2.o(.ARM.Collect$$rtentry$$00000002)
    .ARM.Collect$$rtentry$$00000004          0x000002f0   Section        6  __rtentry4.o(.ARM.Collect$$rtentry$$00000004)
    .ARM.Collect$$rtentry$$00000009          0x000002f6   Section        0  __rtentry2.o(.ARM.Collect$$rtentry$$00000009)
    .ARM.Collect$$rtentry$$0000000A          0x000002f6   Section        4  __rtentry2.o(.ARM.Collect$$rtentry$$0000000A)
    .ARM.Collect$$rtentry$$0000000C          0x000002fa   Section        0  __rtentry2.o(.ARM.Collect$$rtentry$$0000000C)
    .ARM.Collect$$rtentry$$0000000D          0x000002fa   Section        8  __rtentry2.o(.ARM.Collect$$rtentry$$0000000D)
    .ARM.Collect$$rtexit$$00000000           0x00000302   Section        2  rtexit.o(.ARM.Collect$$rtexit$$00000000)
    .ARM.Collect$$rtexit$$00000002           0x00000304   Section        0  rtexit2.o(.ARM.Collect$$rtexit$$00000002)
    .ARM.Collect$$rtexit$$00000003           0x00000304   Section        4  rtexit2.o(.ARM.Collect$$rtexit$$00000003)
    .ARM.Collect$$rtexit$$00000004           0x00000308   Section        6  rtexit2.o(.ARM.Collect$$rtexit$$00000004)
    .emb_text                                0x00000310   Section      196  qxk_port.o(.emb_text)
    .emb_text                                0x000003d4   Section        0  maybetermalloc1.o(.emb_text)
    .text                                    0x000003d4   Section      124  startup_tm4c123gh6pm.o(.text)
    .text                                    0x00000450   Section        0  h1_alloc.o(.text)
    .text                                    0x000004ae   Section        0  h1_free.o(.text)
    .text                                    0x000004fc   Section        0  heapauxi.o(.text)
    .text                                    0x00000504   Section        8  rt_heap_descriptor_intlibspace.o(.text)
    .text                                    0x0000050c   Section        0  hguard.o(.text)
    .text                                    0x00000510   Section        0  init_alloc.o(.text)
    .text                                    0x0000059a   Section        0  h1_init.o(.text)
    .text                                    0x000005a8   Section        8  libspace.o(.text)
    .text                                    0x000005b0   Section        0  h1_extend.o(.text)
    .text                                    0x000005e4   Section        0  defsig_rtmem_outer.o(.text)
    .text                                    0x000005f2   Section        2  use_no_semi.o(.text)
    .text                                    0x000005f4   Section       74  sys_stackheap_outer.o(.text)
    .text                                    0x000005f4   Section        0  indicate_semi.o(.text)
    .text                                    0x0000063e   Section        0  exit.o(.text)
    .text                                    0x00000650   Section        0  defsig_exit.o(.text)
    .text                                    0x0000065c   Section        0  defsig_rtmem_inner.o(.text)
    .text                                    0x000006ac   Section        0  sys_exit.o(.text)
    .text                                    0x000006b8   Section        0  defsig_general.o(.text)
    .text                                    0x000006ea   Section        0  sys_wrch.o(.text)
    i.BSP_init                               0x000006f8   Section        0  bsp.o(i.BSP_init)
    i.BSP_ledBlueToggle                      0x000007a4   Section        0  bsp.o(i.BSP_ledBlueToggle)
    i.BSP_ledGreenOff                        0x000007e0   Section        0  bsp.o(i.BSP_ledGreenOff)
    i.BSP_ledGreenOn                         0x000007ec   Section        0  bsp.o(i.BSP_ledGreenOn)
    i.BSP_sendMorseCode                      0x000007f8   Section        0  bsp.o(i.BSP_sendMorseCode)
    i.GPIOPortF_IRQHandler                   0x00000854   Section        0  bsp.o(i.GPIOPortF_IRQHandler)
    i.QActive_ctor                           0x000008a4   Section        0  qf_qact.o(i.QActive_ctor)
    i.QActive_get_                           0x000008c4   Section        0  qf_actq.o(i.QActive_get_)
    i.QActive_postLIFO_                      0x0000094c   Section        0  qf_actq.o(i.QActive_postLIFO_)
    i.QActive_post_                          0x00000a00   Section        0  qf_actq.o(i.QActive_post_)
    i.QActive_start_                         0x00000af0   Section        0  qxk.o(i.QActive_start_)
    i.QEQueue_init                           0x00000b94   Section        0  qf_qeq.o(i.QEQueue_init)
    i.QF_add_                                0x00000bac   Section        0  qf_act.o(i.QF_add_)
    i.QF_bzero                               0x00000c00   Section        0  qf_act.o(i.QF_bzero)
    i.QF_gc                                  0x00000c18   Section        0  qf_dyn.o(i.QF_gc)
    i.QF_get_BASEPRI                         0x00000c90   Section        0  qf_actq.o(i.QF_get_BASEPRI)
    QF_get_BASEPRI                           0x00000c91   Thumb Code     6  qf_actq.o(i.QF_get_BASEPRI)
    i.QF_get_BASEPRI                         0x00000c96   Section        0  qf_time.o(i.QF_get_BASEPRI)
    QF_get_BASEPRI                           0x00000c97   Thumb Code     6  qf_time.o(i.QF_get_BASEPRI)
    i.QF_get_BASEPRI                         0x00000c9c   Section        0  qxk.o(i.QF_get_BASEPRI)
    QF_get_BASEPRI                           0x00000c9d   Thumb Code     6  qxk.o(i.QF_get_BASEPRI)
    i.QF_get_BASEPRI                         0x00000ca2   Section        0  qxk_mutex.o(i.QF_get_BASEPRI)
    QF_get_BASEPRI                           0x00000ca3   Thumb Code     6  qxk_mutex.o(i.QF_get_BASEPRI)
    i.QF_get_BASEPRI                         0x00000ca8   Section        0  qxk_sema.o(i.QF_get_BASEPRI)
    QF_get_BASEPRI                           0x00000ca9   Thumb Code     6  qxk_sema.o(i.QF_get_BASEPRI)
    i.QF_get_BASEPRI                         0x00000cae   Section        0  qxk_xthr.o(i.QF_get_BASEPRI)
    QF_get_BASEPRI                           0x00000caf   Thumb Code     6  qxk_xthr.o(i.QF_get_BASEPRI)
    i.QF_init                                0x00000cb4   Section        0  qxk.o(i.QF_init)
    i.QF_onStartup                           0x00000d1c   Section        0  bsp.o(i.QF_onStartup)
    i.QF_run                                 0x00000d94   Section        0  qxk.o(i.QF_run)
    i.QF_set_BASEPRI                         0x00000db8   Section        0  bsp.o(i.QF_set_BASEPRI)
    QF_set_BASEPRI                           0x00000db9   Thumb Code     6  bsp.o(i.QF_set_BASEPRI)
    i.QF_set_BASEPRI                         0x00000dbe   Section        0  qf_act.o(i.QF_set_BASEPRI)
    QF_set_BASEPRI                           0x00000dbf   Thumb Code     6  qf_act.o(i.QF_set_BASEPRI)
    i.QF_set_BASEPRI                         0x00000dc4   Section        0  qf_actq.o(i.QF_set_BASEPRI)
    QF_set_BASEPRI                           0x00000dc5   Thumb Code     6  qf_actq.o(i.QF_set_BASEPRI)
    i.QF_set_BASEPRI                         0x00000dca   Section        0  qf_dyn.o(i.QF_set_BASEPRI)
    QF_set_BASEPRI                           0x00000dcb   Thumb Code     6  qf_dyn.o(i.QF_set_BASEPRI)
    i.QF_set_BASEPRI                         0x00000dd0   Section        0  qf_mem.o(i.QF_set_BASEPRI)
    QF_set_BASEPRI                           0x00000dd1   Thumb Code     6  qf_mem.o(i.QF_set_BASEPRI)
    i.QF_set_BASEPRI                         0x00000dd6   Section        0  qf_time.o(i.QF_set_BASEPRI)
    QF_set_BASEPRI                           0x00000dd7   Thumb Code     6  qf_time.o(i.QF_set_BASEPRI)
    i.QF_set_BASEPRI                         0x00000ddc   Section        0  qxk.o(i.QF_set_BASEPRI)
    QF_set_BASEPRI                           0x00000ddd   Thumb Code     6  qxk.o(i.QF_set_BASEPRI)
    i.QF_set_BASEPRI                         0x00000de2   Section        0  qxk_mutex.o(i.QF_set_BASEPRI)
    QF_set_BASEPRI                           0x00000de3   Thumb Code     6  qxk_mutex.o(i.QF_set_BASEPRI)
    i.QF_set_BASEPRI                         0x00000de8   Section        0  qxk_sema.o(i.QF_set_BASEPRI)
    QF_set_BASEPRI                           0x00000de9   Thumb Code     6  qxk_sema.o(i.QF_set_BASEPRI)
    i.QF_set_BASEPRI                         0x00000dee   Section        0  qxk_xthr.o(i.QF_set_BASEPRI)
    QF_set_BASEPRI                           0x00000def   Thumb Code     6  qxk_xthr.o(i.QF_set_BASEPRI)
    i.QF_tickX_                              0x00000df4   Section        0  qf_time.o(i.QF_tickX_)
    i.QHsm_ctor                              0x00000eec   Section        0  qep_hsm.o(i.QHsm_ctor)
    i.QHsm_dispatch_                         0x00000f00   Section        0  qep_hsm.o(i.QHsm_dispatch_)
    i.QHsm_init_                             0x0000100c   Section        0  qep_hsm.o(i.QHsm_init_)
    i.QHsm_top                               0x000010c0   Section        0  qep_hsm.o(i.QHsm_top)
    i.QHsm_tran_                             0x000010c8   Section        0  qep_hsm.o(i.QHsm_tran_)
    QHsm_tran_                               0x000010c9   Thumb Code   338  qep_hsm.o(i.QHsm_tran_)
    i.QMPool_put                             0x00001224   Section        0  qf_mem.o(i.QMPool_put)
    i.QTicker_dispatch_                      0x0000127c   Section        0  qf_actq.o(i.QTicker_dispatch_)
    QTicker_dispatch_                        0x0000127d   Thumb Code    64  qf_actq.o(i.QTicker_dispatch_)
    i.QTicker_init_                          0x000012bc   Section        0  qf_actq.o(i.QTicker_init_)
    QTicker_init_                            0x000012bd   Thumb Code     6  qf_actq.o(i.QTicker_init_)
    i.QTicker_postLIFO_                      0x000012c4   Section        0  qf_actq.o(i.QTicker_postLIFO_)
    QTicker_postLIFO_                        0x000012c5   Thumb Code    18  qf_actq.o(i.QTicker_postLIFO_)
    i.QTicker_post_                          0x000012dc   Section        0  qf_actq.o(i.QTicker_post_)
    QTicker_post_                            0x000012dd   Thumb Code   120  qf_actq.o(i.QTicker_post_)
    i.QTimeEvt_ctorX                         0x0000135c   Section        0  qf_time.o(i.QTimeEvt_ctorX)
    i.QXK_activate_                          0x00001394   Section        0  qxk.o(i.QXK_activate_)
    i.QXK_get_IPSR                           0x0000148c   Section        0  qxk_xthr.o(i.QXK_get_IPSR)
    QXK_get_IPSR                             0x0000148d   Thumb Code     6  qxk_xthr.o(i.QXK_get_IPSR)
    i.QXK_init                               0x00001494   Section        0  qxk_port.o(i.QXK_init)
    i.QXK_onIdle                             0x00001500   Section        0  bsp.o(i.QXK_onIdle)
    i.QXK_sched_                             0x00001510   Section        0  qxk.o(i.QXK_sched_)
    i.QXK_stackInit_                         0x000015c0   Section        0  qxk_port.o(i.QXK_stackInit_)
    i.QXK_threadRet_                         0x0000166c   Section        0  qxk_xthr.o(i.QXK_threadRet_)
    i.QXMutex_init                           0x000016ec   Section        0  qxk_mutex.o(i.QXMutex_init)
    i.QXMutex_lock                           0x0000174c   Section        0  qxk_mutex.o(i.QXMutex_lock)
    i.QXMutex_unlock                         0x00001914   Section        0  qxk_mutex.o(i.QXMutex_unlock)
    i.QXSemaphore_init                       0x00001a8c   Section        0  qxk_sema.o(i.QXSemaphore_init)
    i.QXSemaphore_signal                     0x00001ab0   Section        0  qxk_sema.o(i.QXSemaphore_signal)
    i.QXSemaphore_wait                       0x00001b78   Section        0  qxk_sema.o(i.QXSemaphore_wait)
    i.QXThread_block_                        0x00001ca0   Section        0  qxk_xthr.o(i.QXThread_block_)
    i.QXThread_ctor                          0x00001ce0   Section        0  qxk_xthr.o(i.QXThread_ctor)
    i.QXThread_delay                         0x00001d10   Section        0  qxk_xthr.o(i.QXThread_delay)
    i.QXThread_dispatch_                     0x00001dcc   Section        0  qxk_xthr.o(i.QXThread_dispatch_)
    QXThread_dispatch_                       0x00001dcd   Thumb Code    16  qxk_xthr.o(i.QXThread_dispatch_)
    i.QXThread_init_                         0x00001de0   Section        0  qxk_xthr.o(i.QXThread_init_)
    QXThread_init_                           0x00001de1   Thumb Code    16  qxk_xthr.o(i.QXThread_init_)
    i.QXThread_postLIFO_                     0x00001df4   Section        0  qxk_xthr.o(i.QXThread_postLIFO_)
    QXThread_postLIFO_                       0x00001df5   Thumb Code    18  qxk_xthr.o(i.QXThread_postLIFO_)
    i.QXThread_post_                         0x00001e0c   Section        0  qxk_xthr.o(i.QXThread_post_)
    QXThread_post_                           0x00001e0d   Thumb Code   310  qxk_xthr.o(i.QXThread_post_)
    i.QXThread_start_                        0x00001f4c   Section        0  qxk_xthr.o(i.QXThread_start_)
    QXThread_start_                          0x00001f4d   Thumb Code   158  qxk_xthr.o(i.QXThread_start_)
    i.QXThread_teArm_                        0x00001ff4   Section        0  qxk_xthr.o(i.QXThread_teArm_)
    i.QXThread_teDisarm_                     0x0000206c   Section        0  qxk_xthr.o(i.QXThread_teDisarm_)
    i.QXThread_unblock_                      0x00002080   Section        0  qxk_xthr.o(i.QXThread_unblock_)
    i.Q_onAssert                             0x000020b4   Section        0  bsp.o(i.Q_onAssert)
    i.Rectangle_area                         0x000020f8   Section        0  rectangle.o(i.Rectangle_area)
    i.Rectangle_ctor                         0x00002102   Section        0  rectangle.o(i.Rectangle_ctor)
    i.Rectangle_draw                         0x00002126   Section        0  rectangle.o(i.Rectangle_draw)
    i.SysTick_Handler                        0x00002128   Section        0  bsp.o(i.SysTick_Handler)
    i.SystemCoreClockUpdate                  0x0000215c   Section        0  system_tm4c123gh6pm.o(i.SystemCoreClockUpdate)
    i.SystemInit                             0x00002220   Section        0  system_tm4c123gh6pm.o(i.SystemInit)
    i.__NVIC_SetPriority                     0x000022c4   Section        0  bsp.o(i.__NVIC_SetPriority)
    __NVIC_SetPriority                       0x000022c5   Thumb Code    32  bsp.o(i.__NVIC_SetPriority)
    i.getOscClk                              0x000022ec   Section        0  system_tm4c123gh6pm.o(i.getOscClk)
    getOscClk                                0x000022ed   Thumb Code   182  system_tm4c123gh6pm.o(i.getOscClk)
    i.initial_events                         0x000023e4   Section        0  qxk.o(i.initial_events)
    initial_events                           0x000023e5   Thumb Code    20  qxk.o(i.initial_events)
    i.main                                   0x000023fc   Section        0  main.o(i.main)
    i.main_blinky1                           0x000025c8   Section        0  main.o(i.main_blinky1)
    i.main_blinky2                           0x000025dc   Section        0  main.o(i.main_blinky2)
    i.main_blinky3                           0x00002608   Section        0  main.o(i.main_blinky3)
    i.shape_constructor                      0x00002624   Section        0  shape.o(i.shape_constructor)
    i.shape_distanceFrom                     0x0000262a   Section        0  shape.o(i.shape_distanceFrom)
    i.shape_moveBy                           0x00002654   Section        0  shape.o(i.shape_moveBy)
    .constdata                               0x00002666   Section        7  main.o(.constdata)
    Q_this_module_                           0x00002666   Data           7  main.o(.constdata)
    .constdata                               0x00002670   Section       40  qep_hsm.o(.constdata)
    Q_this_module_                           0x00002670   Data           8  qep_hsm.o(.constdata)
    QEP_reservedEvt_                         0x00002680   Data          16  qep_hsm.o(.constdata)
    vtable                                   0x00002690   Data           8  qep_hsm.o(.constdata)
    .constdata                               0x00002698   Section        7  qf_act.o(.constdata)
    Q_this_module_                           0x00002698   Data           7  qf_act.o(.constdata)
    .constdata                               0x000026a0   Section       32  qf_actq.o(.constdata)
    Q_this_module_                           0x000026a0   Data           8  qf_actq.o(.constdata)
    vtable                                   0x000026a8   Data          20  qf_actq.o(.constdata)
    tickEvt                                  0x000026bc   Data           4  qf_actq.o(.constdata)
    .constdata                               0x000026c0   Section        7  qf_dyn.o(.constdata)
    Q_this_module_                           0x000026c0   Data           7  qf_dyn.o(.constdata)
    .constdata                               0x000026c7   Section        7  qf_mem.o(.constdata)
    Q_this_module_                           0x000026c7   Data           7  qf_mem.o(.constdata)
    .constdata                               0x000026d0   Section       20  qf_qact.o(.constdata)
    vtable                                   0x000026d0   Data          20  qf_qact.o(.constdata)
    .constdata                               0x000026e4   Section        8  qf_time.o(.constdata)
    Q_this_module_                           0x000026e4   Data           8  qf_time.o(.constdata)
    .constdata                               0x000026ec   Section        4  qxk.o(.constdata)
    Q_this_module_                           0x000026ec   Data           4  qxk.o(.constdata)
    .constdata                               0x000026f0   Section       10  qxk_mutex.o(.constdata)
    Q_this_module_                           0x000026f0   Data          10  qxk_mutex.o(.constdata)
    .constdata                               0x000026fa   Section        9  qxk_sema.o(.constdata)
    Q_this_module_                           0x000026fa   Data           9  qxk_sema.o(.constdata)
    .constdata                               0x00002704   Section       32  qxk_xthr.o(.constdata)
    Q_this_module_                           0x00002704   Data           9  qxk_xthr.o(.constdata)
    vtable                                   0x00002710   Data          20  qxk_xthr.o(.constdata)
    .data                                    0x20000000   Section        8  bsp.o(.data)
    Morse_mutex                              0x20000000   Data           8  bsp.o(.data)
    .data                                    0x20000008   Section       20  main.o(.data)
    .data                                    0x2000001c   Section        4  system_tm4c123gh6pm.o(.data)
    .data                                    0x20000020   Section        4  qf_dyn.o(.data)
    .data                                    0x20000024   Section        8  qf_ps.o(.data)
    .bss                                     0x2000002c   Section      648  main.o(.bss)
    .bss                                     0x200002b4   Section      132  qf_act.o(.bss)
    .bss                                     0x20000338   Section       60  qf_dyn.o(.bss)
    .bss                                     0x20000374   Section       32  qf_time.o(.bss)
    .bss                                     0x20000394   Section       60  qxk.o(.bss)
    l_idleThread                             0x200003a8   Data          40  qxk.o(.bss)
    .bss                                     0x200003d0   Section       96  libspace.o(.bss)
    HEAP                                     0x20000430   Section     1024  startup_tm4c123gh6pm.o(HEAP)
    __heap_base                              0x20000430   Data           0  startup_tm4c123gh6pm.o(HEAP)
    STACK                                    0x20000830   Section     1024  startup_tm4c123gh6pm.o(STACK)
    __heap_limit                             0x20000830   Data           0  startup_tm4c123gh6pm.o(HEAP)
    __stack_base                             0x20000830   Data           0  startup_tm4c123gh6pm.o(STACK)
    __initial_sp                             0x20000c30   Data           0  startup_tm4c123gh6pm.o(STACK)
    __stack_limit                            0x20000c30   Data           0  startup_tm4c123gh6pm.o(STACK)

    Global Symbols

    Symbol Name                              Value     Ov Type        Size  Object(Section)

    BuildAttributes$$THM_ISAv4$E$P$D$K$B$S$7EM$PE$A:L22UL41UL21$X:L11$S22US41US21$IEEE1$IW$USESV6$~STKCKD$USESV7$~SHL$OTIME$ROPI$EBA8$UX$STANDARDLIB$REQ8$PRES8$EABIv2 0x00000000   Number         0  anon$$obj.o ABSOLUTE
    __ARM_use_no_argv                        0x00000000   Number         0  main.o ABSOLUTE
    __Vectors                                0x00000000   Data           0  startup_tm4c123gh6pm.o(RESET)
    __ARM_exceptions_init                     - Undefined Weak Reference
    __alloca_initialize                       - Undefined Weak Reference
    __arm_preinit_                            - Undefined Weak Reference
    __cpp_initialize__aeabi_                  - Undefined Weak Reference
    __cxa_finalize                            - Undefined Weak Reference
    __rt_locale                               - Undefined Weak Reference
    __sigvec_lookup                           - Undefined Weak Reference
    __user_heap_extent                        - Undefined Weak Reference
    _atexit_init                              - Undefined Weak Reference
    _call_atexit_fns                          - Undefined Weak Reference
    _clock_init                               - Undefined Weak Reference
    _fp_trap_init                             - Undefined Weak Reference
    _fp_trap_shutdown                         - Undefined Weak Reference
    _get_lc_collate                           - Undefined Weak Reference
    _get_lc_ctype                             - Undefined Weak Reference
    _get_lc_monetary                          - Undefined Weak Reference
    _get_lc_numeric                           - Undefined Weak Reference
    _get_lc_time                              - Undefined Weak Reference
    _getenv_init                              - Undefined Weak Reference
    _handle_redirection                       - Undefined Weak Reference
    _initio                                   - Undefined Weak Reference
    _mutex_acquire                            - Undefined Weak Reference
    _mutex_free                               - Undefined Weak Reference
    _mutex_release                            - Undefined Weak Reference
    _rand_init                                - Undefined Weak Reference
    _signal_finish                            - Undefined Weak Reference
    _signal_init                              - Undefined Weak Reference
    _terminateio                              - Undefined Weak Reference
    __Vectors_End                            0x0000026c   Data           0  startup_tm4c123gh6pm.o(RESET)
    __Vectors_Size                           0x0000026c   Number         0  startup_tm4c123gh6pm.o ABSOLUTE
    __main                                   0x0000026d   Thumb Code     8  __main.o(!!!main)
    __scatterload                            0x00000275   Thumb Code     0  __scatter.o(!!!scatter)
    __scatterload_rt2                        0x00000275   Thumb Code    44  __scatter.o(!!!scatter)
    __scatterload_rt2_thumb_only             0x00000275   Thumb Code     0  __scatter.o(!!!scatter)
    __scatterload_null                       0x00000283   Thumb Code     0  __scatter.o(!!!scatter)
    __scatterload_copy                       0x000002a9   Thumb Code    26  __scatter_copy.o(!!handler_copy)
    __scatterload_zeroinit                   0x000002c5   Thumb Code    28  __scatter_zi.o(!!handler_zi)
    __rt_lib_init                            0x000002e1   Thumb Code     0  libinit.o(.ARM.Collect$$libinit$$00000000)
    __rt_lib_init_fp_1                       0x000002e3   Thumb Code     0  libinit2.o(.ARM.Collect$$libinit$$00000002)
    __rt_lib_init_heap_2                     0x000002e3   Thumb Code     0  libinit2.o(.ARM.Collect$$libinit$$00000005)
    __rt_lib_init_preinit_1                  0x000002e3   Thumb Code     0  libinit2.o(.ARM.Collect$$libinit$$00000004)
    __rt_lib_init_alloca_1                   0x000002eb   Thumb Code     0  libinit2.o(.ARM.Collect$$libinit$$0000002E)
    __rt_lib_init_argv_1                     0x000002eb   Thumb Code     0  libinit2.o(.ARM.Collect$$libinit$$0000002C)
    __rt_lib_init_atexit_1                   0x000002eb   Thumb Code     0  libinit2.o(.ARM.Collect$$libinit$$0000001B)
    __rt_lib_init_clock_1                    0x000002eb   Thumb Code     0  libinit2.o(.ARM.Collect$$libinit$$00000021)
    __rt_lib_init_cpp_1                      0x000002eb   Thumb Code     0  libinit2.o(.ARM.Collect$$libinit$$00000032)
    __rt_lib_init_exceptions_1               0x000002eb   Thumb Code     0  libinit2.o(.ARM.Collect$$libinit$$00000030)
    __rt_lib_init_fp_trap_1                  0x000002eb   Thumb Code     0  libinit2.o(.ARM.Collect$$libinit$$0000001F)
    __rt_lib_init_getenv_1                   0x000002eb   Thumb Code     0  libinit2.o(.ARM.Collect$$libinit$$00000023)
    __rt_lib_init_heap_1                     0x000002eb   Thumb Code     0  libinit2.o(.ARM.Collect$$libinit$$0000000A)
    __rt_lib_init_lc_collate_1               0x000002eb   Thumb Code     0  libinit2.o(.ARM.Collect$$libinit$$00000011)
    __rt_lib_init_lc_ctype_1                 0x000002eb   Thumb Code     0  libinit2.o(.ARM.Collect$$libinit$$00000013)
    __rt_lib_init_lc_monetary_1              0x000002eb   Thumb Code     0  libinit2.o(.ARM.Collect$$libinit$$00000015)
    __rt_lib_init_lc_numeric_1               0x000002eb   Thumb Code     0  libinit2.o(.ARM.Collect$$libinit$$00000017)
    __rt_lib_init_lc_time_1                  0x000002eb   Thumb Code     0  libinit2.o(.ARM.Collect$$libinit$$00000019)
    __rt_lib_init_rand_1                     0x000002eb   Thumb Code     0  libinit2.o(.ARM.Collect$$libinit$$0000000E)
    __rt_lib_init_return                     0x000002eb   Thumb Code     0  libinit2.o(.ARM.Collect$$libinit$$00000033)
    __rt_lib_init_signal_1                   0x000002eb   Thumb Code     0  libinit2.o(.ARM.Collect$$libinit$$0000001D)
    __rt_lib_init_stdio_1                    0x000002eb   Thumb Code     0  libinit2.o(.ARM.Collect$$libinit$$00000025)
    __rt_lib_init_user_alloc_1               0x000002eb   Thumb Code     0  libinit2.o(.ARM.Collect$$libinit$$0000000C)
    __rt_lib_shutdown                        0x000002ed   Thumb Code     0  libshutdown.o(.ARM.Collect$$libshutdown$$00000000)
    __rt_lib_shutdown_cpp_1                  0x000002ef   Thumb Code     0  libshutdown2.o(.ARM.Collect$$libshutdown$$00000002)
    __rt_lib_shutdown_fp_trap_1              0x000002ef   Thumb Code     0  libshutdown2.o(.ARM.Collect$$libshutdown$$00000007)
    __rt_lib_shutdown_heap_1                 0x000002ef   Thumb Code     0  libshutdown2.o(.ARM.Collect$$libshutdown$$0000000F)
    __rt_lib_shutdown_return                 0x000002ef   Thumb Code     0  libshutdown2.o(.ARM.Collect$$libshutdown$$00000010)
    __rt_lib_shutdown_signal_1               0x000002ef   Thumb Code     0  libshutdown2.o(.ARM.Collect$$libshutdown$$0000000A)
    __rt_lib_shutdown_stdio_1                0x000002ef   Thumb Code     0  libshutdown2.o(.ARM.Collect$$libshutdown$$00000004)
    __rt_lib_shutdown_user_alloc_1           0x000002ef   Thumb Code     0  libshutdown2.o(.ARM.Collect$$libshutdown$$0000000C)
    __rt_entry                               0x000002f1   Thumb Code     0  __rtentry.o(.ARM.Collect$$rtentry$$00000000)
    __rt_entry_presh_1                       0x000002f1   Thumb Code     0  __rtentry2.o(.ARM.Collect$$rtentry$$00000002)
    __rt_entry_sh                            0x000002f1   Thumb Code     0  __rtentry4.o(.ARM.Collect$$rtentry$$00000004)
    __rt_entry_li                            0x000002f7   Thumb Code     0  __rtentry2.o(.ARM.Collect$$rtentry$$0000000A)
    __rt_entry_postsh_1                      0x000002f7   Thumb Code     0  __rtentry2.o(.ARM.Collect$$rtentry$$00000009)
    __rt_entry_main                          0x000002fb   Thumb Code     0  __rtentry2.o(.ARM.Collect$$rtentry$$0000000D)
    __rt_entry_postli_1                      0x000002fb   Thumb Code     0  __rtentry2.o(.ARM.Collect$$rtentry$$0000000C)
    __rt_exit                                0x00000303   Thumb Code     0  rtexit.o(.ARM.Collect$$rtexit$$00000000)
    __rt_exit_ls                             0x00000305   Thumb Code     0  rtexit2.o(.ARM.Collect$$rtexit$$00000003)
    __rt_exit_prels_1                        0x00000305   Thumb Code     0  rtexit2.o(.ARM.Collect$$rtexit$$00000002)
    __rt_exit_exit                           0x00000309   Thumb Code     0  rtexit2.o(.ARM.Collect$$rtexit$$00000004)
    PendSV_Handler                           0x00000311   Thumb Code   152  qxk_port.o(.emb_text)
    Thread_ret                               0x000003b9   Thumb Code    12  qxk_port.o(.emb_text)
    NMI_Handler                              0x000003c9   Thumb Code    12  qxk_port.o(.emb_text)
    Reset_Handler                            0x000003d5   Thumb Code    14  startup_tm4c123gh6pm.o(.text)
    _maybe_terminate_alloc                   0x000003d5   Thumb Code     0  maybetermalloc1.o(.emb_text)
    HardFault_Handler                        0x000003e9   Thumb Code     6  startup_tm4c123gh6pm.o(.text)
    MemManage_Handler                        0x000003ef   Thumb Code     6  startup_tm4c123gh6pm.o(.text)
    BusFault_Handler                         0x000003f5   Thumb Code     6  startup_tm4c123gh6pm.o(.text)
    UsageFault_Handler                       0x000003fb   Thumb Code     6  startup_tm4c123gh6pm.o(.text)
    SVC_Handler                              0x00000401   Thumb Code     6  startup_tm4c123gh6pm.o(.text)
    DebugMon_Handler                         0x00000407   Thumb Code     6  startup_tm4c123gh6pm.o(.text)
    ADC1Seq0_IRQHandler                      0x00000419   Thumb Code     0  startup_tm4c123gh6pm.o(.text)
    ADC1Seq1_IRQHandler                      0x00000419   Thumb Code     0  startup_tm4c123gh6pm.o(.text)
    ADC1Seq2_IRQHandler                      0x00000419   Thumb Code     0  startup_tm4c123gh6pm.o(.text)
    ADC1Seq3_IRQHandler                      0x00000419   Thumb Code     0  startup_tm4c123gh6pm.o(.text)
    ADCSeq0_IRQHandler                       0x00000419   Thumb Code     0  startup_tm4c123gh6pm.o(.text)
    ADCSeq1_IRQHandler                       0x00000419   Thumb Code     0  startup_tm4c123gh6pm.o(.text)
    ADCSeq2_IRQHandler                       0x00000419   Thumb Code     0  startup_tm4c123gh6pm.o(.text)
    ADCSeq3_IRQHandler                       0x00000419   Thumb Code     0  startup_tm4c123gh6pm.o(.text)
    CAN0_IRQHandler                          0x00000419   Thumb Code     0  startup_tm4c123gh6pm.o(.text)
    CAN1_IRQHandler                          0x00000419   Thumb Code     0  startup_tm4c123gh6pm.o(.text)
    CAN2_IRQHandler                          0x00000419   Thumb Code     0  startup_tm4c123gh6pm.o(.text)
    Comp0_IRQHandler                         0x00000419   Thumb Code     0  startup_tm4c123gh6pm.o(.text)
    Comp1_IRQHandler                         0x00000419   Thumb Code     0  startup_tm4c123gh6pm.o(.text)
    Comp2_IRQHandler                         0x00000419   Thumb Code     0  startup_tm4c123gh6pm.o(.text)
    FPU_IRQHandler                           0x00000419   Thumb Code     0  startup_tm4c123gh6pm.o(.text)
    FlashCtrl_IRQHandler                     0x00000419   Thumb Code     0  startup_tm4c123gh6pm.o(.text)
    GPIOPortA_IRQHandler                     0x00000419   Thumb Code     0  startup_tm4c123gh6pm.o(.text)
    GPIOPortB_IRQHandler                     0x00000419   Thumb Code     0  startup_tm4c123gh6pm.o(.text)
    GPIOPortC_IRQHandler                     0x00000419   Thumb Code     0  startup_tm4c123gh6pm.o(.text)
    GPIOPortD_IRQHandler                     0x00000419   Thumb Code     0  startup_tm4c123gh6pm.o(.text)
    GPIOPortE_IRQHandler                     0x00000419   Thumb Code     0  startup_tm4c123gh6pm.o(.text)
    GPIOPortG_IRQHandler                     0x00000419   Thumb Code     0  startup_tm4c123gh6pm.o(.text)
    GPIOPortH_IRQHandler                     0x00000419   Thumb Code     0  startup_tm4c123gh6pm.o(.text)
    GPIOPortJ_IRQHandler                     0x00000419   Thumb Code     0  startup_tm4c123gh6pm.o(.text)
    GPIOPortK_IRQHandler                     0x00000419   Thumb Code     0  startup_tm4c123gh6pm.o(.text)
    GPIOPortL_IRQHandler                     0x00000419   Thumb Code     0  startup_tm4c123gh6pm.o(.text)
    GPIOPortM_IRQHandler                     0x00000419   Thumb Code     0  startup_tm4c123gh6pm.o(.text)
    GPIOPortN_IRQHandler                     0x00000419   Thumb Code     0  startup_tm4c123gh6pm.o(.text)
    GPIOPortP0_IRQHandler                    0x00000419   Thumb Code     0  startup_tm4c123gh6pm.o(.text)
    GPIOPortP1_IRQHandler                    0x00000419   Thumb Code     0  startup_tm4c123gh6pm.o(.text)
    GPIOPortP2_IRQHandler                    0x00000419   Thumb Code     0  startup_tm4c123gh6pm.o(.text)
    GPIOPortP3_IRQHandler                    0x00000419   Thumb Code     0  startup_tm4c123gh6pm.o(.text)
    GPIOPortP4_IRQHandler                    0x00000419   Thumb Code     0  startup_tm4c123gh6pm.o(.text)
    GPIOPortP5_IRQHandler                    0x00000419   Thumb Code     0  startup_tm4c123gh6pm.o(.text)
    GPIOPortP6_IRQHandler                    0x00000419   Thumb Code     0  startup_tm4c123gh6pm.o(.text)
    GPIOPortP7_IRQHandler                    0x00000419   Thumb Code     0  startup_tm4c123gh6pm.o(.text)
    GPIOPortQ0_IRQHandler                    0x00000419   Thumb Code     0  startup_tm4c123gh6pm.o(.text)
    GPIOPortQ1_IRQHandler                    0x00000419   Thumb Code     0  startup_tm4c123gh6pm.o(.text)
    GPIOPortQ2_IRQHandler                    0x00000419   Thumb Code     0  startup_tm4c123gh6pm.o(.text)
    GPIOPortQ3_IRQHandler                    0x00000419   Thumb Code     0  startup_tm4c123gh6pm.o(.text)
    GPIOPortQ4_IRQHandler                    0x00000419   Thumb Code     0  startup_tm4c123gh6pm.o(.text)
    GPIOPortQ5_IRQHandler                    0x00000419   Thumb Code     0  startup_tm4c123gh6pm.o(.text)
    GPIOPortQ6_IRQHandler                    0x00000419   Thumb Code     0  startup_tm4c123gh6pm.o(.text)
    GPIOPortQ7_IRQHandler                    0x00000419   Thumb Code     0  startup_tm4c123gh6pm.o(.text)
    GPIOPortR_IRQHandler                     0x00000419   Thumb Code     0  startup_tm4c123gh6pm.o(.text)
    GPIOPortS_IRQHandler                     0x00000419   Thumb Code     0  startup_tm4c123gh6pm.o(.text)
    Hibernate_IRQHandler                     0x00000419   Thumb Code     0  startup_tm4c123gh6pm.o(.text)
    I2C0_IRQHandler                          0x00000419   Thumb Code     0  startup_tm4c123gh6pm.o(.text)
    I2C1_IRQHandler                          0x00000419   Thumb Code     0  startup_tm4c123gh6pm.o(.text)
    I2C2_IRQHandler                          0x00000419   Thumb Code     0  startup_tm4c123gh6pm.o(.text)
    I2C3_IRQHandler                          0x00000419   Thumb Code     0  startup_tm4c123gh6pm.o(.text)
    I2C4_IRQHandler                          0x00000419   Thumb Code     0  startup_tm4c123gh6pm.o(.text)
    I2C5_IRQHandler                          0x00000419   Thumb Code     0  startup_tm4c123gh6pm.o(.text)
    PWM1Fault_IRQHandler                     0x00000419   Thumb Code     0  startup_tm4c123gh6pm.o(.text)
    PWM1Gen0_IRQHandler                      0x00000419   Thumb Code     0  startup_tm4c123gh6pm.o(.text)
    PWM1Gen1_IRQHandler                      0x00000419   Thumb Code     0  startup_tm4c123gh6pm.o(.text)
    PWM1Gen2_IRQHandler                      0x00000419   Thumb Code     0  startup_tm4c123gh6pm.o(.text)
    PWM1Gen3_IRQHandler                      0x00000419   Thumb Code     0  startup_tm4c123gh6pm.o(.text)
    PWMFault_IRQHandler                      0x00000419   Thumb Code     0  startup_tm4c123gh6pm.o(.text)
    PWMGen0_IRQHandler                       0x00000419   Thumb Code     0  startup_tm4c123gh6pm.o(.text)
    PWMGen1_IRQHandler                       0x00000419   Thumb Code     0  startup_tm4c123gh6pm.o(.text)
    PWMGen2_IRQHandler                       0x00000419   Thumb Code     0  startup_tm4c123gh6pm.o(.text)
    PWMGen3_IRQHandler                       0x00000419   Thumb Code     0  startup_tm4c123gh6pm.o(.text)
    QEI0_IRQHandler                          0x00000419   Thumb Code     0  startup_tm4c123gh6pm.o(.text)
    QEI1_IRQHandler                          0x00000419   Thumb Code     0  startup_tm4c123gh6pm.o(.text)
    QEI2_IRQHandler                          0x00000419   Thumb Code     0  startup_tm4c123gh6pm.o(.text)
    SSI0_IRQHandler                          0x00000419   Thumb Code     0  startup_tm4c123gh6pm.o(.text)
    SSI1_IRQHandler                          0x00000419   Thumb Code     0  startup_tm4c123gh6pm.o(.text)
    SSI2_IRQHandler                          0x00000419   Thumb Code     0  startup_tm4c123gh6pm.o(.text)
    SSI3_IRQHandler                          0x00000419   Thumb Code     0  startup_tm4c123gh6pm.o(.text)
    SysCtrl_IRQHandler                       0x00000419   Thumb Code     0  startup_tm4c123gh6pm.o(.text)
    Timer0A_IRQHandler                       0x00000419   Thumb Code     0  startup_tm4c123gh6pm.o(.text)
    Timer0B_IRQHandler                       0x00000419   Thumb Code     0  startup_tm4c123gh6pm.o(.text)
    Timer1A_IRQHandler                       0x00000419   Thumb Code     0  startup_tm4c123gh6pm.o(.text)
    Timer1B_IRQHandler                       0x00000419   Thumb Code     0  startup_tm4c123gh6pm.o(.text)
    Timer2A_IRQHandler                       0x00000419   Thumb Code     0  startup_tm4c123gh6pm.o(.text)
    Timer2B_IRQHandler                       0x00000419   Thumb Code     0  startup_tm4c123gh6pm.o(.text)
    Timer3A_IRQHandler                       0x00000419   Thumb Code     0  startup_tm4c123gh6pm.o(.text)
    Timer3B_IRQHandler                       0x00000419   Thumb Code     0  startup_tm4c123gh6pm.o(.text)
    Timer4A_IRQHandler                       0x00000419   Thumb Code     0  startup_tm4c123gh6pm.o(.text)
    Timer4B_IRQHandler                       0x00000419   Thumb Code     0  startup_tm4c123gh6pm.o(.text)
    Timer5A_IRQHandler                       0x00000419   Thumb Code     0  startup_tm4c123gh6pm.o(.text)
    Timer5B_IRQHandler                       0x00000419   Thumb Code     0  startup_tm4c123gh6pm.o(.text)
    UART0_IRQHandler                         0x00000419   Thumb Code     0  startup_tm4c123gh6pm.o(.text)
    UART1_IRQHandler                         0x00000419   Thumb Code     0  startup_tm4c123gh6pm.o(.text)
    UART2_IRQHandler                         0x00000419   Thumb Code     0  startup_tm4c123gh6pm.o(.text)
    UART3_IRQHandler                         0x00000419   Thumb Code     0  startup_tm4c123gh6pm.o(.text)
    UART4_IRQHandler                         0x00000419   Thumb Code     0  startup_tm4c123gh6pm.o(.text)
    UART5_IRQHandler                         0x00000419   Thumb Code     0  startup_tm4c123gh6pm.o(.text)
    UART6_IRQHandler                         0x00000419   Thumb Code     0  startup_tm4c123gh6pm.o(.text)
    UART7_IRQHandler                         0x00000419   Thumb Code     0  startup_tm4c123gh6pm.o(.text)
    USB0_IRQHandler                          0x00000419   Thumb Code     0  startup_tm4c123gh6pm.o(.text)
    Watchdog_IRQHandler                      0x00000419   Thumb Code     0  startup_tm4c123gh6pm.o(.text)
    WideTimer0A_IRQHandler                   0x00000419   Thumb Code     0  startup_tm4c123gh6pm.o(.text)
    WideTimer0B_IRQHandler                   0x00000419   Thumb Code     0  startup_tm4c123gh6pm.o(.text)
    WideTimer1A_IRQHandler                   0x00000419   Thumb Code     0  startup_tm4c123gh6pm.o(.text)
    WideTimer1B_IRQHandler                   0x00000419   Thumb Code     0  startup_tm4c123gh6pm.o(.text)
    WideTimer2A_IRQHandler                   0x00000419   Thumb Code     0  startup_tm4c123gh6pm.o(.text)
    WideTimer2B_IRQHandler                   0x00000419   Thumb Code     0  startup_tm4c123gh6pm.o(.text)
    WideTimer3A_IRQHandler                   0x00000419   Thumb Code     0  startup_tm4c123gh6pm.o(.text)
    WideTimer3B_IRQHandler                   0x00000419   Thumb Code     0  startup_tm4c123gh6pm.o(.text)
    WideTimer4A_IRQHandler                   0x00000419   Thumb Code     0  startup_tm4c123gh6pm.o(.text)
    WideTimer4B_IRQHandler                   0x00000419   Thumb Code     0  startup_tm4c123gh6pm.o(.text)
    WideTimer5A_IRQHandler                   0x00000419   Thumb Code     0  startup_tm4c123gh6pm.o(.text)
    WideTimer5B_IRQHandler                   0x00000419   Thumb Code     0  startup_tm4c123gh6pm.o(.text)
    uDMAError_IRQHandler                     0x00000419   Thumb Code     0  startup_tm4c123gh6pm.o(.text)
    uDMAST_IRQHandler                        0x00000419   Thumb Code     0  startup_tm4c123gh6pm.o(.text)
    __user_initial_stackheap                 0x00000421   Thumb Code    10  startup_tm4c123gh6pm.o(.text)
    assert_failed                            0x0000042b   Thumb Code    10  startup_tm4c123gh6pm.o(.text)
    malloc                                   0x00000451   Thumb Code    94  h1_alloc.o(.text)
    free                                     0x000004af   Thumb Code    78  h1_free.o(.text)
    __use_two_region_memory                  0x000004fd   Thumb Code     2  heapauxi.o(.text)
    __rt_heap_escrow                         0x000004ff   Thumb Code     2  heapauxi.o(.text)
    __rt_heap_expand                         0x00000501   Thumb Code     2  heapauxi.o(.text)
    __rt_heap_descriptor                     0x00000505   Thumb Code     8  rt_heap_descriptor_intlibspace.o(.text)
    __use_no_heap                            0x0000050d   Thumb Code     2  hguard.o(.text)
    __heap$guard                             0x0000050f   Thumb Code     2  hguard.o(.text)
    _terminate_user_alloc                    0x00000511   Thumb Code     2  init_alloc.o(.text)
    _init_user_alloc                         0x00000513   Thumb Code     2  init_alloc.o(.text)
    __Heap_Full                              0x00000515   Thumb Code    34  init_alloc.o(.text)
    __Heap_Broken                            0x00000537   Thumb Code     6  init_alloc.o(.text)
    _init_alloc                              0x0000053d   Thumb Code    94  init_alloc.o(.text)
    __Heap_Initialize                        0x0000059b   Thumb Code    10  h1_init.o(.text)
    __Heap_DescSize                          0x000005a5   Thumb Code     4  h1_init.o(.text)
    __user_libspace                          0x000005a9   Thumb Code     8  libspace.o(.text)
    __user_perproc_libspace                  0x000005a9   Thumb Code     0  libspace.o(.text)
    __user_perthread_libspace                0x000005a9   Thumb Code     0  libspace.o(.text)
    __Heap_ProvideMemory                     0x000005b1   Thumb Code    52  h1_extend.o(.text)
    __rt_SIGRTMEM                            0x000005e5   Thumb Code    14  defsig_rtmem_outer.o(.text)
    __I$use$semihosting                      0x000005f3   Thumb Code     0  use_no_semi.o(.text)
    __use_no_semihosting_swi                 0x000005f3   Thumb Code     2  use_no_semi.o(.text)
    __semihosting_library_function           0x000005f5   Thumb Code     0  indicate_semi.o(.text)
    __user_setup_stackheap                   0x000005f5   Thumb Code    74  sys_stackheap_outer.o(.text)
    exit                                     0x0000063f   Thumb Code    18  exit.o(.text)
    __sig_exit                               0x00000651   Thumb Code    10  defsig_exit.o(.text)
    __rt_SIGRTMEM_inner                      0x0000065d   Thumb Code    22  defsig_rtmem_inner.o(.text)
    _sys_exit                                0x000006ad   Thumb Code     8  sys_exit.o(.text)
    __default_signal_display                 0x000006b9   Thumb Code    50  defsig_general.o(.text)
    _ttywrch                                 0x000006eb   Thumb Code    14  sys_wrch.o(.text)
    BSP_init                                 0x000006f9   Thumb Code   152  bsp.o(i.BSP_init)
    BSP_ledBlueToggle                        0x000007a5   Thumb Code    50  bsp.o(i.BSP_ledBlueToggle)
    BSP_ledGreenOff                          0x000007e1   Thumb Code     8  bsp.o(i.BSP_ledGreenOff)
    BSP_ledGreenOn                           0x000007ed   Thumb Code     8  bsp.o(i.BSP_ledGreenOn)
    BSP_sendMorseCode                        0x000007f9   Thumb Code    86  bsp.o(i.BSP_sendMorseCode)
    GPIOPortF_IRQHandler                     0x00000855   Thumb Code    66  bsp.o(i.GPIOPortF_IRQHandler)
    QActive_ctor                             0x000008a5   Thumb Code    28  qf_qact.o(i.QActive_ctor)
    QActive_get_                             0x000008c5   Thumb Code   130  qf_actq.o(i.QActive_get_)
    QActive_postLIFO_                        0x0000094d   Thumb Code   172  qf_actq.o(i.QActive_postLIFO_)
    QActive_post_                            0x00000a01   Thumb Code   232  qf_actq.o(i.QActive_post_)
    QActive_start_                           0x00000af1   Thumb Code   160  qxk.o(i.QActive_start_)
    QEQueue_init                             0x00000b95   Thumb Code    24  qf_qeq.o(i.QEQueue_init)
    QF_add_                                  0x00000bad   Thumb Code    74  qf_act.o(i.QF_add_)
    QF_bzero                                 0x00000c01   Thumb Code    22  qf_act.o(i.QF_bzero)
    QF_gc                                    0x00000c19   Thumb Code   106  qf_dyn.o(i.QF_gc)
    QF_init                                  0x00000cb5   Thumb Code    76  qxk.o(i.QF_init)
    QF_onStartup                             0x00000d1d   Thumb Code   114  bsp.o(i.QF_onStartup)
    QF_run                                   0x00000d95   Thumb Code    36  qxk.o(i.QF_run)
    QF_tickX_                                0x00000df5   Thumb Code   238  qf_time.o(i.QF_tickX_)
    QHsm_ctor                                0x00000eed   Thumb Code    12  qep_hsm.o(i.QHsm_ctor)
    QHsm_dispatch_                           0x00000f01   Thumb Code   258  qep_hsm.o(i.QHsm_dispatch_)
    QHsm_init_                               0x0000100d   Thumb Code   168  qep_hsm.o(i.QHsm_init_)
    QHsm_top                                 0x000010c1   Thumb Code     6  qep_hsm.o(i.QHsm_top)
    QMPool_put                               0x00001225   Thumb Code    82  qf_mem.o(i.QMPool_put)
    QTimeEvt_ctorX                           0x0000135d   Thumb Code    52  qf_time.o(i.QTimeEvt_ctorX)
    QXK_activate_                            0x00001395   Thumb Code   230  qxk.o(i.QXK_activate_)
    QXK_init                                 0x00001495   Thumb Code    94  qxk_port.o(i.QXK_init)
    QXK_onIdle                               0x00001501   Thumb Code    12  bsp.o(i.QXK_onIdle)
    QXK_sched_                               0x00001511   Thumb Code   158  qxk.o(i.QXK_sched_)
    QXK_stackInit_                           0x000015c1   Thumb Code   162  qxk_port.o(i.QXK_stackInit_)
    QXK_threadRet_                           0x0000166d   Thumb Code   114  qxk_xthr.o(i.QXK_threadRet_)
    QXMutex_init                             0x000016ed   Thumb Code    86  qxk_mutex.o(i.QXMutex_init)
    QXMutex_lock                             0x0000174d   Thumb Code   444  qxk_mutex.o(i.QXMutex_lock)
    QXMutex_unlock                           0x00001915   Thumb Code   364  qxk_mutex.o(i.QXMutex_unlock)
    QXSemaphore_init                         0x00001a8d   Thumb Code    30  qxk_sema.o(i.QXSemaphore_init)
    QXSemaphore_signal                       0x00001ab1   Thumb Code   186  qxk_sema.o(i.QXSemaphore_signal)
    QXSemaphore_wait                         0x00001b79   Thumb Code   288  qxk_sema.o(i.QXSemaphore_wait)
    QXThread_block_                          0x00001ca1   Thumb Code    54  qxk_xthr.o(i.QXThread_block_)
    QXThread_ctor                            0x00001ce1   Thumb Code    42  qxk_xthr.o(i.QXThread_ctor)
    QXThread_delay                           0x00001d11   Thumb Code   180  qxk_xthr.o(i.QXThread_delay)
    QXThread_teArm_                          0x00001ff5   Thumb Code   110  qxk_xthr.o(i.QXThread_teArm_)
    QXThread_teDisarm_                       0x0000206d   Thumb Code    18  qxk_xthr.o(i.QXThread_teDisarm_)
    QXThread_unblock_                        0x00002081   Thumb Code    42  qxk_xthr.o(i.QXThread_unblock_)
    Q_onAssert                               0x000020b5   Thumb Code    60  bsp.o(i.Q_onAssert)
    Rectangle_area                           0x000020f9   Thumb Code    10  rectangle.o(i.Rectangle_area)
    Rectangle_ctor                           0x00002103   Thumb Code    36  rectangle.o(i.Rectangle_ctor)
    Rectangle_draw                           0x00002127   Thumb Code     2  rectangle.o(i.Rectangle_draw)
    SysTick_Handler                          0x00002129   Thumb Code    48  bsp.o(i.SysTick_Handler)
    SystemCoreClockUpdate                    0x0000215d   Thumb Code   184  system_tm4c123gh6pm.o(i.SystemCoreClockUpdate)
    SystemInit                               0x00002221   Thumb Code   126  system_tm4c123gh6pm.o(i.SystemInit)
    main                                     0x000023fd   Thumb Code   408  main.o(i.main)
    main_blinky1                             0x000025c9   Thumb Code    16  main.o(i.main_blinky1)
    main_blinky2                             0x000025dd   Thumb Code    40  main.o(i.main_blinky2)
    main_blinky3                             0x00002609   Thumb Code    22  main.o(i.main_blinky3)
    shape_constructor                        0x00002625   Thumb Code     6  shape.o(i.shape_constructor)
    shape_distanceFrom                       0x0000262b   Thumb Code    42  shape.o(i.shape_distanceFrom)
    shape_moveBy                             0x00002655   Thumb Code    18  shape.o(i.shape_moveBy)
    QP_versionStr                            0x00002678   Data           7  qep_hsm.o(.constdata)
    Region$$Table$$Base                      0x00002724   Number         0  anon$$obj.o(Region$$Table)
    Region$$Table$$Limit                     0x00002744   Number         0  anon$$obj.o(Region$$Table)
    SW1_sema                                 0x20000008   Data           8  main.o(.data)
    s1                                       0x20000010   Data           4  main.o(.data)
    r1                                       0x20000014   Data           8  main.o(.data)
    SystemCoreClock                          0x2000001c   Data           4  system_tm4c123gh6pm.o(.data)
    QF_maxPool_                              0x20000020   Data           4  qf_dyn.o(.data)
    QF_subscrList_                           0x20000024   Data           4  qf_ps.o(.data)
    QF_maxPubSignal_                         0x20000028   Data           4  qf_ps.o(.data)
    stack_blinky1                            0x2000002c   Data         160  main.o(.bss)
    blinky1                                  0x200000cc   Data          56  main.o(.bss)
    stack_blinky2                            0x20000104   Data         160  main.o(.bss)
    blinky2                                  0x200001a4   Data          56  main.o(.bss)
    stack_blinky3                            0x200001dc   Data         160  main.o(.bss)
    blinky3                                  0x2000027c   Data          56  main.o(.bss)
    QF_active_                               0x200002b4   Data         132  qf_act.o(.bss)
    QF_pool_                                 0x20000338   Data          60  qf_dyn.o(.bss)
    QF_timeEvtHead_                          0x20000374   Data          32  qf_time.o(.bss)
    QXK_attr_                                0x20000394   Data          20  qxk.o(.bss)
    __libspace_start                         0x200003d0   Data          96  libspace.o(.bss)
    __temporary_stack_top$libspace           0x20000430   Data           0  libspace.o(.bss)



==============================================================================

Memory Map of the image

  Image Entry point : 0x000003d5

  Load Region LR_IROM1 (Base: 0x00000000, Size: 0x00002770, Max: 0x00040000, ABSOLUTE)

    Execution Region ER_IROM1 (Exec base: 0x00000000, Load base: 0x00000000, Size: 0x00002744, Max: 0x00040000, ABSOLUTE)

    Exec Addr    Load Addr    Size         Type   Attr      Idx    E Section Name        Object

    0x00000000   0x00000000   0x0000026c   Data   RO          394    RESET               startup_tm4c123gh6pm.o
    0x0000026c   0x0000026c   0x00000008   Code   RO         1315  * !!!main             c_w.l(__main.o)
    0x00000274   0x00000274   0x00000034   Code   RO         1518    !!!scatter          c_w.l(__scatter.o)
    0x000002a8   0x000002a8   0x0000001a   Code   RO         1520    !!handler_copy      c_w.l(__scatter_copy.o)
    0x000002c2   0x000002c2   0x00000002   PAD
    0x000002c4   0x000002c4   0x0000001c   Code   RO         1522    !!handler_zi        c_w.l(__scatter_zi.o)
    0x000002e0   0x000002e0   0x00000002   Code   RO         1457    .ARM.Collect$$libinit$$00000000  c_w.l(libinit.o)
    0x000002e2   0x000002e2   0x00000000   Code   RO         1350    .ARM.Collect$$libinit$$00000002  c_w.l(libinit2.o)
    0x000002e2   0x000002e2   0x00000000   Code   RO         1352    .ARM.Collect$$libinit$$00000004  c_w.l(libinit2.o)
    0x000002e2   0x000002e2   0x00000008   Code   RO         1353    .ARM.Collect$$libinit$$00000005  c_w.l(libinit2.o)
    0x000002ea   0x000002ea   0x00000000   Code   RO         1355    .ARM.Collect$$libinit$$0000000A  c_w.l(libinit2.o)
    0x000002ea   0x000002ea   0x00000000   Code   RO         1357    .ARM.Collect$$libinit$$0000000C  c_w.l(libinit2.o)
    0x000002ea   0x000002ea   0x00000000   Code   RO         1359    .ARM.Collect$$libinit$$0000000E  c_w.l(libinit2.o)
    0x000002ea   0x000002ea   0x00000000   Code   RO         1362    .ARM.Collect$$libinit$$00000011  c_w.l(libinit2.o)
    0x000002ea   0x000002ea   0x00000000   Code   RO         1364    .ARM.Collect$$libinit$$00000013  c_w.l(libinit2.o)
    0x000002ea   0x000002ea   0x00000000   Code   RO         1366    .ARM.Collect$$libinit$$00000015  c_w.l(libinit2.o)
    0x000002ea   0x000002ea   0x00000000   Code   RO         1368    .ARM.Collect$$libinit$$00000017  c_w.l(libinit2.o)
    0x000002ea   0x000002ea   0x00000000   Code   RO         1370    .ARM.Collect$$libinit$$00000019  c_w.l(libinit2.o)
    0x000002ea   0x000002ea   0x00000000   Code   RO         1372    .ARM.Collect$$libinit$$0000001B  c_w.l(libinit2.o)
    0x000002ea   0x000002ea   0x00000000   Code   RO         1374    .ARM.Collect$$libinit$$0000001D  c_w.l(libinit2.o)
    0x000002ea   0x000002ea   0x00000000   Code   RO         1376    .ARM.Collect$$libinit$$0000001F  c_w.l(libinit2.o)
    0x000002ea   0x000002ea   0x00000000   Code   RO         1378    .ARM.Collect$$libinit$$00000021  c_w.l(libinit2.o)
    0x000002ea   0x000002ea   0x00000000   Code   RO         1380    .ARM.Collect$$libinit$$00000023  c_w.l(libinit2.o)
    0x000002ea   0x000002ea   0x00000000   Code   RO         1382    .ARM.Collect$$libinit$$00000025  c_w.l(libinit2.o)
    0x000002ea   0x000002ea   0x00000000   Code   RO         1386    .ARM.Collect$$libinit$$0000002C  c_w.l(libinit2.o)
    0x000002ea   0x000002ea   0x00000000   Code   RO         1388    .ARM.Collect$$libinit$$0000002E  c_w.l(libinit2.o)
    0x000002ea   0x000002ea   0x00000000   Code   RO         1390    .ARM.Collect$$libinit$$00000030  c_w.l(libinit2.o)
    0x000002ea   0x000002ea   0x00000000   Code   RO         1392    .ARM.Collect$$libinit$$00000032  c_w.l(libinit2.o)
    0x000002ea   0x000002ea   0x00000002   Code   RO         1393    .ARM.Collect$$libinit$$00000033  c_w.l(libinit2.o)
    0x000002ec   0x000002ec   0x00000002   Code   RO         1515    .ARM.Collect$$libshutdown$$00000000  c_w.l(libshutdown.o)
    0x000002ee   0x000002ee   0x00000000   Code   RO         1471    .ARM.Collect$$libshutdown$$00000002  c_w.l(libshutdown2.o)
    0x000002ee   0x000002ee   0x00000000   Code   RO         1473    .ARM.Collect$$libshutdown$$00000004  c_w.l(libshutdown2.o)
    0x000002ee   0x000002ee   0x00000000   Code   RO         1476    .ARM.Collect$$libshutdown$$00000007  c_w.l(libshutdown2.o)
    0x000002ee   0x000002ee   0x00000000   Code   RO         1479    .ARM.Collect$$libshutdown$$0000000A  c_w.l(libshutdown2.o)
    0x000002ee   0x000002ee   0x00000000   Code   RO         1481    .ARM.Collect$$libshutdown$$0000000C  c_w.l(libshutdown2.o)
    0x000002ee   0x000002ee   0x00000000   Code   RO         1484    .ARM.Collect$$libshutdown$$0000000F  c_w.l(libshutdown2.o)
    0x000002ee   0x000002ee   0x00000002   Code   RO         1485    .ARM.Collect$$libshutdown$$00000010  c_w.l(libshutdown2.o)
    0x000002f0   0x000002f0   0x00000000   Code   RO         1319    .ARM.Collect$$rtentry$$00000000  c_w.l(__rtentry.o)
    0x000002f0   0x000002f0   0x00000000   Code   RO         1400    .ARM.Collect$$rtentry$$00000002  c_w.l(__rtentry2.o)
    0x000002f0   0x000002f0   0x00000006   Code   RO         1412    .ARM.Collect$$rtentry$$00000004  c_w.l(__rtentry4.o)
    0x000002f6   0x000002f6   0x00000000   Code   RO         1402    .ARM.Collect$$rtentry$$00000009  c_w.l(__rtentry2.o)
    0x000002f6   0x000002f6   0x00000004   Code   RO         1403    .ARM.Collect$$rtentry$$0000000A  c_w.l(__rtentry2.o)
    0x000002fa   0x000002fa   0x00000000   Code   RO         1405    .ARM.Collect$$rtentry$$0000000C  c_w.l(__rtentry2.o)
    0x000002fa   0x000002fa   0x00000008   Code   RO         1406    .ARM.Collect$$rtentry$$0000000D  c_w.l(__rtentry2.o)
    0x00000302   0x00000302   0x00000002   Code   RO         1460    .ARM.Collect$$rtexit$$00000000  c_w.l(rtexit.o)
    0x00000304   0x00000304   0x00000000   Code   RO         1489    .ARM.Collect$$rtexit$$00000002  c_w.l(rtexit2.o)
    0x00000304   0x00000304   0x00000004   Code   RO         1490    .ARM.Collect$$rtexit$$00000003  c_w.l(rtexit2.o)
    0x00000308   0x00000308   0x00000006   Code   RO         1491    .ARM.Collect$$rtexit$$00000004  c_w.l(rtexit2.o)
    0x0000030e   0x0000030e   0x00000002   PAD
    0x00000310   0x00000310   0x000000c4   Code   RO         1227    .emb_text           qxk_port.o
    0x000003d4   0x000003d4   0x00000000   Code   RO         1416    .emb_text           c_w.l(maybetermalloc1.o)
    0x000003d4   0x000003d4   0x0000007c   Code   RO          395  * .text               startup_tm4c123gh6pm.o
    0x00000450   0x00000450   0x0000005e   Code   RO         1255    .text               c_w.l(h1_alloc.o)
    0x000004ae   0x000004ae   0x0000004e   Code   RO         1257    .text               c_w.l(h1_free.o)
    0x000004fc   0x000004fc   0x00000006   Code   RO         1313    .text               c_w.l(heapauxi.o)
    0x00000502   0x00000502   0x00000002   PAD
    0x00000504   0x00000504   0x00000008   Code   RO         1323    .text               c_w.l(rt_heap_descriptor_intlibspace.o)
    0x0000050c   0x0000050c   0x00000004   Code   RO         1325    .text               c_w.l(hguard.o)
    0x00000510   0x00000510   0x0000008a   Code   RO         1327    .text               c_w.l(init_alloc.o)
    0x0000059a   0x0000059a   0x0000000e   Code   RO         1331    .text               c_w.l(h1_init.o)
    0x000005a8   0x000005a8   0x00000008   Code   RO         1396    .text               c_w.l(libspace.o)
    0x000005b0   0x000005b0   0x00000034   Code   RO         1418    .text               c_w.l(h1_extend.o)
    0x000005e4   0x000005e4   0x0000000e   Code   RO         1422    .text               c_w.l(defsig_rtmem_outer.o)
    0x000005f2   0x000005f2   0x00000002   Code   RO         1433    .text               c_w.l(use_no_semi.o)
    0x000005f4   0x000005f4   0x00000000   Code   RO         1435    .text               c_w.l(indicate_semi.o)
    0x000005f4   0x000005f4   0x0000004a   Code   RO         1436    .text               c_w.l(sys_stackheap_outer.o)
    0x0000063e   0x0000063e   0x00000012   Code   RO         1442    .text               c_w.l(exit.o)
    0x00000650   0x00000650   0x0000000a   Code   RO         1444    .text               c_w.l(defsig_exit.o)
    0x0000065a   0x0000065a   0x00000002   PAD
    0x0000065c   0x0000065c   0x00000050   Code   RO         1446    .text               c_w.l(defsig_rtmem_inner.o)
    0x000006ac   0x000006ac   0x0000000c   Code   RO         1458    .text               c_w.l(sys_exit.o)
    0x000006b8   0x000006b8   0x00000032   Code   RO         1468    .text               c_w.l(defsig_general.o)
    0x000006ea   0x000006ea   0x0000000e   Code   RO         1486    .text               c_w.l(sys_wrch.o)
    0x000006f8   0x000006f8   0x000000ac   Code   RO            4    i.BSP_init          bsp.o
    0x000007a4   0x000007a4   0x0000003c   Code   RO            7    i.BSP_ledBlueToggle  bsp.o
    0x000007e0   0x000007e0   0x0000000c   Code   RO            8    i.BSP_ledGreenOff   bsp.o
    0x000007ec   0x000007ec   0x0000000c   Code   RO            9    i.BSP_ledGreenOn    bsp.o
    0x000007f8   0x000007f8   0x0000005c   Code   RO           13    i.BSP_sendMorseCode  bsp.o
    0x00000854   0x00000854   0x00000050   Code   RO           14    i.GPIOPortF_IRQHandler  bsp.o
    0x000008a4   0x000008a4   0x00000020   Code   RO          818    i.QActive_ctor      qf_qact.o
    0x000008c4   0x000008c4   0x00000088   Code   RO          566    i.QActive_get_      qf_actq.o
    0x0000094c   0x0000094c   0x000000b4   Code   RO          567    i.QActive_postLIFO_  qf_actq.o
    0x00000a00   0x00000a00   0x000000f0   Code   RO          568    i.QActive_post_     qf_actq.o
    0x00000af0   0x00000af0   0x000000a4   Code   RO          956    i.QActive_start_    qxk.o
    0x00000b94   0x00000b94   0x00000018   Code   RO          835    i.QEQueue_init      qf_qeq.o
    0x00000bac   0x00000bac   0x00000054   Code   RO          512    i.QF_add_           qf_act.o
    0x00000c00   0x00000c00   0x00000016   Code   RO          513    i.QF_bzero          qf_act.o
    0x00000c16   0x00000c16   0x00000002   PAD
    0x00000c18   0x00000c18   0x00000078   Code   RO          672    i.QF_gc             qf_dyn.o
    0x00000c90   0x00000c90   0x00000006   Code   RO          570    i.QF_get_BASEPRI    qf_actq.o
    0x00000c96   0x00000c96   0x00000006   Code   RO          884    i.QF_get_BASEPRI    qf_time.o
    0x00000c9c   0x00000c9c   0x00000006   Code   RO          957    i.QF_get_BASEPRI    qxk.o
    0x00000ca2   0x00000ca2   0x00000006   Code   RO         1041    i.QF_get_BASEPRI    qxk_mutex.o
    0x00000ca8   0x00000ca8   0x00000006   Code   RO         1083    i.QF_get_BASEPRI    qxk_sema.o
    0x00000cae   0x00000cae   0x00000006   Code   RO         1125    i.QF_get_BASEPRI    qxk_xthr.o
    0x00000cb4   0x00000cb4   0x00000068   Code   RO          958    i.QF_init           qxk.o
    0x00000d1c   0x00000d1c   0x00000078   Code   RO           16    i.QF_onStartup      bsp.o
    0x00000d94   0x00000d94   0x00000024   Code   RO          959    i.QF_run            qxk.o
    0x00000db8   0x00000db8   0x00000006   Code   RO           17    i.QF_set_BASEPRI    bsp.o
    0x00000dbe   0x00000dbe   0x00000006   Code   RO          515    i.QF_set_BASEPRI    qf_act.o
    0x00000dc4   0x00000dc4   0x00000006   Code   RO          571    i.QF_set_BASEPRI    qf_actq.o
    0x00000dca   0x00000dca   0x00000006   Code   RO          677    i.QF_set_BASEPRI    qf_dyn.o
    0x00000dd0   0x00000dd0   0x00000006   Code   RO          728    i.QF_set_BASEPRI    qf_mem.o
    0x00000dd6   0x00000dd6   0x00000006   Code   RO          886    i.QF_set_BASEPRI    qf_time.o
    0x00000ddc   0x00000ddc   0x00000006   Code   RO          960    i.QF_set_BASEPRI    qxk.o
    0x00000de2   0x00000de2   0x00000006   Code   RO         1042    i.QF_set_BASEPRI    qxk_mutex.o
    0x00000de8   0x00000de8   0x00000006   Code   RO         1084    i.QF_set_BASEPRI    qxk_sema.o
    0x00000dee   0x00000dee   0x00000006   Code   RO         1126    i.QF_set_BASEPRI    qxk_xthr.o
    0x00000df4   0x00000df4   0x000000f8   Code   RO          887    i.QF_tickX_         qf_time.o
    0x00000eec   0x00000eec   0x00000014   Code   RO          400    i.QHsm_ctor         qep_hsm.o
    0x00000f00   0x00000f00   0x0000010c   Code   RO          401    i.QHsm_dispatch_    qep_hsm.o
    0x0000100c   0x0000100c   0x000000b4   Code   RO          402    i.QHsm_init_        qep_hsm.o
    0x000010c0   0x000010c0   0x00000006   Code   RO          404    i.QHsm_top          qep_hsm.o
    0x000010c6   0x000010c6   0x00000002   PAD
    0x000010c8   0x000010c8   0x0000015c   Code   RO          405    i.QHsm_tran_        qep_hsm.o
    0x00001224   0x00001224   0x00000058   Code   RO          731    i.QMPool_put        qf_mem.o
    0x0000127c   0x0000127c   0x00000040   Code   RO          573    i.QTicker_dispatch_  qf_actq.o
    0x000012bc   0x000012bc   0x00000006   Code   RO          574    i.QTicker_init_     qf_actq.o
    0x000012c2   0x000012c2   0x00000002   PAD
    0x000012c4   0x000012c4   0x00000018   Code   RO          575    i.QTicker_postLIFO_  qf_actq.o
    0x000012dc   0x000012dc   0x00000080   Code   RO          576    i.QTicker_post_     qf_actq.o
    0x0000135c   0x0000135c   0x00000038   Code   RO          889    i.QTimeEvt_ctorX    qf_time.o
    0x00001394   0x00001394   0x000000f8   Code   RO          962    i.QXK_activate_     qxk.o
    0x0000148c   0x0000148c   0x00000006   Code   RO         1127    i.QXK_get_IPSR      qxk_xthr.o
    0x00001492   0x00001492   0x00000002   PAD
    0x00001494   0x00001494   0x0000006c   Code   RO         1228    i.QXK_init          qxk_port.o
    0x00001500   0x00001500   0x00000010   Code   RO           18    i.QXK_onIdle        bsp.o
    0x00001510   0x00001510   0x000000b0   Code   RO          966    i.QXK_sched_        qxk.o
    0x000015c0   0x000015c0   0x000000ac   Code   RO         1229    i.QXK_stackInit_    qxk_port.o
    0x0000166c   0x0000166c   0x00000080   Code   RO         1128    i.QXK_threadRet_    qxk_xthr.o
    0x000016ec   0x000016ec   0x00000060   Code   RO         1043    i.QXMutex_init      qxk_mutex.o
    0x0000174c   0x0000174c   0x000001c8   Code   RO         1044    i.QXMutex_lock      qxk_mutex.o
    0x00001914   0x00001914   0x00000178   Code   RO         1046    i.QXMutex_unlock    qxk_mutex.o
    0x00001a8c   0x00001a8c   0x00000024   Code   RO         1085    i.QXSemaphore_init  qxk_sema.o
    0x00001ab0   0x00001ab0   0x000000c8   Code   RO         1086    i.QXSemaphore_signal  qxk_sema.o
    0x00001b78   0x00001b78   0x00000128   Code   RO         1088    i.QXSemaphore_wait  qxk_sema.o
    0x00001ca0   0x00001ca0   0x00000040   Code   RO         1129    i.QXThread_block_   qxk_xthr.o
    0x00001ce0   0x00001ce0   0x00000030   Code   RO         1130    i.QXThread_ctor     qxk_xthr.o
    0x00001d10   0x00001d10   0x000000bc   Code   RO         1131    i.QXThread_delay    qxk_xthr.o
    0x00001dcc   0x00001dcc   0x00000014   Code   RO         1133    i.QXThread_dispatch_  qxk_xthr.o
    0x00001de0   0x00001de0   0x00000014   Code   RO         1134    i.QXThread_init_    qxk_xthr.o
    0x00001df4   0x00001df4   0x00000018   Code   RO         1135    i.QXThread_postLIFO_  qxk_xthr.o
    0x00001e0c   0x00001e0c   0x00000140   Code   RO         1136    i.QXThread_post_    qxk_xthr.o
    0x00001f4c   0x00001f4c   0x000000a8   Code   RO         1138    i.QXThread_start_   qxk_xthr.o
    0x00001ff4   0x00001ff4   0x00000078   Code   RO         1139    i.QXThread_teArm_   qxk_xthr.o
    0x0000206c   0x0000206c   0x00000012   Code   RO         1140    i.QXThread_teDisarm_  qxk_xthr.o
    0x0000207e   0x0000207e   0x00000002   PAD
    0x00002080   0x00002080   0x00000034   Code   RO         1141    i.QXThread_unblock_  qxk_xthr.o
    0x000020b4   0x000020b4   0x00000044   Code   RO           19    i.Q_onAssert        bsp.o
    0x000020f8   0x000020f8   0x0000000a   Code   RO          323    i.Rectangle_area    rectangle.o
    0x00002102   0x00002102   0x00000024   Code   RO          324    i.Rectangle_ctor    rectangle.o
    0x00002126   0x00002126   0x00000002   Code   RO          325    i.Rectangle_draw    rectangle.o
    0x00002128   0x00002128   0x00000034   Code   RO           20    i.SysTick_Handler   bsp.o
    0x0000215c   0x0000215c   0x000000c4   Code   RO          350    i.SystemCoreClockUpdate  system_tm4c123gh6pm.o
    0x00002220   0x00002220   0x000000a4   Code   RO          351    i.SystemInit        system_tm4c123gh6pm.o
    0x000022c4   0x000022c4   0x00000028   Code   RO           21    i.__NVIC_SetPriority  bsp.o
    0x000022ec   0x000022ec   0x000000f8   Code   RO          352    i.getOscClk         system_tm4c123gh6pm.o
    0x000023e4   0x000023e4   0x00000018   Code   RO          967    i.initial_events    qxk.o
    0x000023fc   0x000023fc   0x000001cc   Code   RO          206    i.main              main.o
    0x000025c8   0x000025c8   0x00000014   Code   RO          207    i.main_blinky1      main.o
    0x000025dc   0x000025dc   0x0000002c   Code   RO          208    i.main_blinky2      main.o
    0x00002608   0x00002608   0x0000001c   Code   RO          209    i.main_blinky3      main.o
    0x00002624   0x00002624   0x00000006   Code   RO          296    i.shape_constructor  shape.o
    0x0000262a   0x0000262a   0x0000002a   Code   RO          297    i.shape_distanceFrom  shape.o
    0x00002654   0x00002654   0x00000012   Code   RO          298    i.shape_moveBy      shape.o
    0x00002666   0x00002666   0x00000007   Data   RO          211    .constdata          main.o
    0x0000266d   0x0000266d   0x00000003   PAD
    0x00002670   0x00002670   0x00000028   Data   RO          406    .constdata          qep_hsm.o
    0x00002698   0x00002698   0x00000007   Data   RO          517    .constdata          qf_act.o
    0x0000269f   0x0000269f   0x00000001   PAD
    0x000026a0   0x000026a0   0x00000020   Data   RO          577    .constdata          qf_actq.o
    0x000026c0   0x000026c0   0x00000007   Data   RO          679    .constdata          qf_dyn.o
    0x000026c7   0x000026c7   0x00000007   Data   RO          732    .constdata          qf_mem.o
    0x000026ce   0x000026ce   0x00000002   PAD
    0x000026d0   0x000026d0   0x00000014   Data   RO          819    .constdata          qf_qact.o
    0x000026e4   0x000026e4   0x00000008   Data   RO          895    .constdata          qf_time.o
    0x000026ec   0x000026ec   0x00000004   Data   RO          969    .constdata          qxk.o
    0x000026f0   0x000026f0   0x0000000a   Data   RO         1047    .constdata          qxk_mutex.o
    0x000026fa   0x000026fa   0x00000009   Data   RO         1089    .constdata          qxk_sema.o
    0x00002703   0x00002703   0x00000001   PAD
    0x00002704   0x00002704   0x00000020   Data   RO         1142    .constdata          qxk_xthr.o
    0x00002724   0x00002724   0x00000020   Data   RO         1516    Region$$Table       anon$$obj.o


    Execution Region RW_IRAM1 (Exec base: 0x20000000, Load base: 0x00002744, Size: 0x00000c30, Max: 0x00008000, ABSOLUTE)

    Exec Addr    Load Addr    Size         Type   Attr      Idx    E Section Name        Object

    0x20000000   0x00002744   0x00000008   Data   RW           22    .data               bsp.o
    0x20000008   0x0000274c   0x00000014   Data   RW          212    .data               main.o
    0x2000001c   0x00002760   0x00000004   Data   RW          353    .data               system_tm4c123gh6pm.o
    0x20000020   0x00002764   0x00000004   Data   RW          680    .data               qf_dyn.o
    0x20000024   0x00002768   0x00000008   Data   RW          772    .data               qf_ps.o
    0x2000002c        -       0x00000288   Zero   RW          210    .bss                main.o
    0x200002b4        -       0x00000084   Zero   RW          516    .bss                qf_act.o
    0x20000338        -       0x0000003c   Zero   RW          678    .bss                qf_dyn.o
    0x20000374        -       0x00000020   Zero   RW          894    .bss                qf_time.o
    0x20000394        -       0x0000003c   Zero   RW          968    .bss                qxk.o
    0x200003d0        -       0x00000060   Zero   RW         1397    .bss                c_w.l(libspace.o)
    0x20000430        -       0x00000400   Zero   RW          393    HEAP                startup_tm4c123gh6pm.o
    0x20000830        -       0x00000400   Zero   RW          392    STACK               startup_tm4c123gh6pm.o


==============================================================================

Image component sizes


      Code (inc. data)   RO Data    RW Data    ZI Data      Debug   Object Name

       730         88          0          8          0      73236   bsp.o
       552         66          7         20        648      11448   main.o
       822         40         40          0          0       8545   qep_hsm.o
       112         10          7          0        132       9654   qf_act.o
       790         36         32          0          0       8905   qf_actq.o
       126         14          7          4         60       1939   qf_dyn.o
        94          6          7          0          0       1789   qf_mem.o
         0          0          0          8          0        758   qf_ps.o
        32          4         20          0          0        923   qf_qact.o
        24          0          0          0          0        991   qf_qeq.o
       316         14          8          0         32       3067   qf_time.o
       764         72          4          0         60       6701   qxk.o
       940         34         10          0          0       4087   qxk_mutex.o
       476         48          0          0          0       2480   qxk_port.o
       544         28          9          0          0       3911   qxk_sema.o
      1188         92         32          0          0       9671   qxk_xthr.o
        48          0          0          0          0       1735   rectangle.o
        66          0          0          0          0       2188   shape.o
       124         28        620          0       2048        988   startup_tm4c123gh6pm.o
       608        140          0          4          0       3699   system_tm4c123gh6pm.o

    ----------------------------------------------------------------------
      8366        720        842         44       2980     156715   Object Totals
         0          0         32          0          0          0   (incl. Generated)
        10          0          7          0          0          0   (incl. Padding)

    ----------------------------------------------------------------------

      Code (inc. data)   RO Data    RW Data    ZI Data      Debug   Library Member Name

         8          0          0          0          0         68   __main.o
         0          0          0          0          0          0   __rtentry.o
        12          0          0          0          0          0   __rtentry2.o
         6          0          0          0          0          0   __rtentry4.o
        52          8          0          0          0          0   __scatter.o
        26          0          0          0          0          0   __scatter_copy.o
        28          0          0          0          0          0   __scatter_zi.o
        10          0          0          0          0         68   defsig_exit.o
        50          0          0          0          0         88   defsig_general.o
        80         58          0          0          0         76   defsig_rtmem_inner.o
        14          0          0          0          0         80   defsig_rtmem_outer.o
        18          0          0          0          0         80   exit.o
        94          0          0          0          0         80   h1_alloc.o
        52          0          0          0          0         68   h1_extend.o
        78          0          0          0          0         80   h1_free.o
        14          0          0          0          0         84   h1_init.o
         6          0          0          0          0        152   heapauxi.o
         4          0          0          0          0        136   hguard.o
         0          0          0          0          0          0   indicate_semi.o
       138          0          0          0          0        168   init_alloc.o
         2          0          0          0          0          0   libinit.o
        10          0          0          0          0          0   libinit2.o
         2          0          0          0          0          0   libshutdown.o
         2          0          0          0          0          0   libshutdown2.o
         8          4          0          0         96         68   libspace.o
         0          0          0          0          0          0   maybetermalloc1.o
         8          4          0          0          0         68   rt_heap_descriptor_intlibspace.o
         2          0          0          0          0          0   rtexit.o
        10          0          0          0          0          0   rtexit2.o
        12          4          0          0          0         68   sys_exit.o
        74          0          0          0          0         80   sys_stackheap_outer.o
        14          0          0          0          0         76   sys_wrch.o
         2          0          0          0          0         68   use_no_semi.o

    ----------------------------------------------------------------------
       844         78          0          0         96       1656   Library Totals
         8          0          0          0          0          0   (incl. Padding)

    ----------------------------------------------------------------------

      Code (inc. data)   RO Data    RW Data    ZI Data      Debug   Library Name

       836         78          0          0         96       1656   c_w.l

    ----------------------------------------------------------------------
       844         78          0          0         96       1656   Library Totals

    ----------------------------------------------------------------------

==============================================================================


      Code (inc. data)   RO Data    RW Data    ZI Data      Debug   

      9210        798        842         44       3076     153219   Grand Totals
      9210        798        842         44       3076     153219   ELF Image Totals
      9210        798        842         44          0          0   ROM Totals

==============================================================================

    Total RO  Size (Code + RO Data)                10052 (   9.82kB)
    Total RW  Size (RW Data + ZI Data)              3120 (   3.05kB)
    Total ROM Size (Code + RO Data + RW Data)      10096 (   9.86kB)

==============================================================================

